Archive member included to satisfy reference by file (symbol)

/opt/devkitpro/libnx/lib/libnx.a(applet.o)
                              main.o (appletMainLoop)
/opt/devkitpro/libnx/lib/libnx.a(acc.o)
                              main.o (accountInitialize)
/opt/devkitpro/libnx/lib/libnx.a(hid.o)
                              main.o (hidKeysDown)
/opt/devkitpro/libnx/lib/libnx.a(ns.o)
                              main.o (nsInitialize)
/opt/devkitpro/libnx/lib/libnx.a(apm.o)
                              /opt/devkitpro/libnx/lib/libnx.a(applet.o) (apmExit)
/opt/devkitpro/libnx/lib/libnx.a(sm.o)
                              /opt/devkitpro/libnx/lib/libnx.a(applet.o) (smGetService)
/opt/devkitpro/libnx/lib/libnx.a(fatal.o)
                              /opt/devkitpro/libnx/lib/libnx.a(applet.o) (fatalSimple)
/opt/devkitpro/libnx/lib/libnx.a(set.o)
                              main.o (setInitialize)
/opt/devkitpro/libnx/lib/libnx.a(fs.o)
                              main.o (fsInitialize)
/opt/devkitpro/libnx/lib/libnx.a(gfx.o)
                              main.o (gfxInitDefault)
/opt/devkitpro/libnx/lib/libnx.a(nvgfx.o)
                              /opt/devkitpro/libnx/lib/libnx.a(gfx.o) (nvgfxInitialize)
/opt/devkitpro/libnx/lib/libnx.a(nacp.o)
                              SaveDataRepository.o (nacpGetLanguageEntry)
/opt/devkitpro/libnx/lib/libnx.a(console.o)
                              main.o (consoleInit)
/opt/devkitpro/libnx/lib/libnx.a(cache.o)
                              /opt/devkitpro/libnx/lib/libnx.a(gfx.o) (armDCacheFlush)
/opt/devkitpro/libnx/lib/libnx.a(svc.o)
                              /opt/devkitpro/libnx/lib/libnx.a(fatal.o) (svcExitProcess)
/opt/devkitpro/libnx/lib/libnx.a(switch_crt0.o)
                              (_start)
/opt/devkitpro/libnx/lib/libnx.a(default_font.bin.o)
                              /opt/devkitpro/libnx/lib/libnx.a(console.o) (default_font_bin)
/opt/devkitpro/libnx/lib/libnx.a(detect.o)
                              /opt/devkitpro/libnx/lib/libnx.a(applet.o) (kernelAbove200)
/opt/devkitpro/libnx/lib/libnx.a(shmem.o)
                              /opt/devkitpro/libnx/lib/libnx.a(hid.o) (shmemLoadRemote)
/opt/devkitpro/libnx/lib/libnx.a(rwlock.o)
                              /opt/devkitpro/libnx/lib/libnx.a(hid.o) (rwlockReadLock)
/opt/devkitpro/libnx/lib/libnx.a(mutex.o)
                              /opt/devkitpro/libnx/lib/libnx.a(detect.o) (mutexLock)
/opt/devkitpro/libnx/lib/libnx.a(virtmem.o)
                              /opt/devkitpro/libnx/lib/libnx.a(shmem.o) (virtmemReserve)
/opt/devkitpro/libnx/lib/libnx.a(event.o)
                              /opt/devkitpro/libnx/lib/libnx.a(gfx.o) (eventWait)
/opt/devkitpro/libnx/lib/libnx.a(nv.o)
                              /opt/devkitpro/libnx/lib/libnx.a(gfx.o) (nvExit)
/opt/devkitpro/libnx/lib/libnx.a(vi.o)
                              /opt/devkitpro/libnx/lib/libnx.a(gfx.o) (viExit)
/opt/devkitpro/libnx/lib/libnx.a(fence.o)
                              /opt/devkitpro/libnx/lib/libnx.a(gfx.o) (nvFenceInit)
/opt/devkitpro/libnx/lib/libnx.a(nvhost-ctrl.o)
                              /opt/devkitpro/libnx/lib/libnx.a(fence.o) (nvioctlNvhostCtrl_EventSignal)
/opt/devkitpro/libnx/lib/libnx.a(nvmap.o)
                              /opt/devkitpro/libnx/lib/libnx.a(nvgfx.o) (nvioctlNvmap_Create)
/opt/devkitpro/libnx/lib/libnx.a(buffer_producer.o)
                              /opt/devkitpro/libnx/lib/libnx.a(gfx.o) (bqRequestBuffer)
/opt/devkitpro/libnx/lib/libnx.a(binder.o)
                              /opt/devkitpro/libnx/lib/libnx.a(gfx.o) (binderCreate)
/opt/devkitpro/libnx/lib/libnx.a(parcel.o)
                              /opt/devkitpro/libnx/lib/libnx.a(buffer_producer.o) (parcelCreate)
/opt/devkitpro/libnx/lib/libnx.a(dynamic.o)
                              /opt/devkitpro/libnx/lib/libnx.a(switch_crt0.o) (__nx_dynamic)
/opt/devkitpro/libnx/lib/libnx.a(init.o)
                              /opt/devkitpro/libnx/lib/libnx.a(switch_crt0.o) (__libnx_init)
/opt/devkitpro/libnx/lib/libnx.a(env.o)
                              /opt/devkitpro/libnx/lib/libnx.a(init.o) (envSetup)
/opt/devkitpro/libnx/lib/libnx.a(newlib.o)
                              /opt/devkitpro/libnx/lib/libnx.a(init.o) (__libnx_init_time)
/opt/devkitpro/libnx/lib/libnx.a(argv.o)
                              /opt/devkitpro/libnx/lib/libnx.a(init.o) (argvSetup)
/opt/devkitpro/libnx/lib/libnx.a(fs_dev.o)
                              /opt/devkitpro/libnx/lib/libnx.a(init.o) (fsdevMountSdmc)
/opt/devkitpro/libnx/lib/libnx.a(decode_utf8.o)
                              /opt/devkitpro/libnx/lib/libnx.a(fs_dev.o) (decode_utf8)
/opt/devkitpro/libnx/lib/libnx.a(readtp.o)
                              /opt/devkitpro/libnx/lib/libnx.a(fs_dev.o) (__aarch64_read_tp)
/opt/devkitpro/libnx/lib/libnx.a(tmem.o)
                              /opt/devkitpro/libnx/lib/libnx.a(nv.o) (tmemCreate)
/opt/devkitpro/libnx/lib/libnx.a(time.o)
[...]
Memory Configuration

Name             Origin             Length             Attributes
*default*        0x0000000000000000 0xffffffffffffffff

Linker script and memory map

                0x0000000000000000                PROVIDE (__start__ = 0x0)
                0x0000000000000000                . = __start__

.crt0           0x0000000000000000      0x130
 *(.crt0)
 .crt0          0x0000000000000000      0x130 /opt/devkitpro/libnx/lib/libnx.a(switch_crt0.o)
                0x0000000000000000                _start
                0x0000000000000104                __nx_exit
                0x0000000000000114                __nx_mod0
                0x0000000000000130                . = ALIGN (0x8)

.init           0x0000000000000130       0x38
 *(.init)
 .init          0x0000000000000130       0x18 /opt/devkitpro/devkitA64/bin/../lib/gcc/aarch64-none-elf/8.2.0/pic/crti.o
                0x0000000000000130                _init
 .init          0x0000000000000148       0x1c /opt/devkitpro/devkitA64/bin/../lib/gcc/aarch64-none-elf/8.2.0/pic/crtn.o
                0x0000000000000168                . = ALIGN (0x8)
 *fill*         0x0000000000000164        0x4 

.plt            0x0000000000000168        0x0
 *(.plt)
 .plt           0x0000000000000168        0x0 /opt/devkitpro/devkitA64/bin/../lib/gcc/aarch64-none-elf/8.2.0/pic/crti.o
 *(.iplt)
                0x0000000000000168                . = ALIGN (0x8)

.text           0x0000000000000180    0x2c7f8
 *(.text.unlikely .text.*_unlikely .text.unlikely.*)
 *(.text.exit .text.exit.*)
 .text.exit     0x0000000000000180       0x38 /opt/devkitpro/devkitA64/bin/../lib/gcc/aarch64-none-elf/8.2.0/../../../../aarch64-none-elf/lib/pic/libg.a(lib_a-exit.o)
                0x0000000000000180                exit
 *(.text.startup .text.startup.*)
 *fill*         0x00000000000001b8        0x8 
 .text.startup.main
                0x00000000000001c0      0x1a8 main.o
                0x00000000000001c0                main
 .text.startup._GLOBAL__sub_I_eh_alloc.cc
                0x0000000000000368       0x4c /opt/devkitpro/devkitA64/bin/../lib/gcc/aarch64-none-elf/8.2.0/../../../../aarch64-none-elf/lib/pic/libstdc++.a(eh_alloc.o)
 *(.text.hot .text.hot.*)
 *(.text .stub .text.* .gnu.linkonce.t.*)
 *fill*         0x00000000000003b4        0x4 
 .text.deregister_tm_clones
                0x00000000000003b8       0x2c /opt/devkitpro/devkitA64/bin/../lib/gcc/aarch64-none-elf/8.2.0/pic/crtbegin.o
 *fill*         0x00000000000003e4        0x4 
 .text.register_tm_clones
                0x00000000000003e8       0x38 /opt/devkitpro/devkitA64/bin/../lib/gcc/aarch64-none-elf/8.2.0/pic/crtbegin.o
 .text.__do_global_dtors_aux
                0x0000000000000420       0x48 /opt/devkitpro/devkitA64/bin/../lib/gcc/aarch64-none-elf/8.2.0/pic/crtbegin.o
 .text.frame_dummy
                0x0000000000000468       0x34 /opt/devkitpro/devkitA64/bin/../lib/gcc/aarch64-none-elf/8.2.0/pic/crtbegin.o
 *fill*         0x000000000000049c        0x4 
 .text._ZN7AccountC2Eoi
                0x00000000000004a0       0xf0 Account.o
                0x00000000000004a0                Account::Account(unsigned __int128, int)
                0x00000000000004a0                Account::Account(unsigned __int128, int)
 .text._ZN7AccountD2Ev
                0x0000000000000590        0x4 Account.o
                0x0000000000000590                Account::~Account()
                0x0000000000000590                Account::~Account()
 *fill*         0x0000000000000594        0xc 
 .text._ZN7Account9getUserIdEv
                0x00000000000005a0        0x8 Account.o
                0x00000000000005a0                Account::getUserId()
 *fill*         0x00000000000005a8        0x8 
 .text._ZN17AccountRepository17getAccountByIndexEi
                0x00000000000005b0       0x74 AccountRepository.o
                0x00000000000005b0                AccountRepository::getAccountByIndex(int)
 *fill*         0x0000000000000624        0xc 
 .text._ZNSt6vectorI7AccountSaIS0_EE17_M_realloc_insertIJRKS0_EEEvN9__gnu_cxx17__normal_iteratorIPS0_S2_EEDpOT_
                0x0000000000000630      0x210 AccountRepository.o
                0x0000000000000630                void std::vector<Account, std::allocator<Account> >::_M_realloc_insert<Account const&>(__gnu_cxx::__normal_iterator<Account*, std::vector<Account, std::allocator<Account> > >, Account const&)
 .text._ZN17AccountRepository4initEv
                0x0000000000000840      0x11c AccountRepository.o
                0x0000000000000840                AccountRepository::init()
 *fill*         0x000000000000095c        0x4 
 .text._ZN17AccountRepositoryC2Ev
                0x0000000000000960        0xc AccountRepository.o
                0x0000000000000960                AccountRepository::AccountRepository()
                0x0000000000000960                AccountRepository::AccountRepository()
 *fill*         0x000000000000096c        0x4 
 .text._ZN8SaveDataC2EiomPcS0_m
                0x0000000000000970       0x48 SaveData.o
                0x0000000000000970                SaveData::SaveData(int, unsigned __int128, unsigned long, char*, char*, unsigned long)
                0x0000000000000970                SaveData::SaveData(int, unsigned __int128, unsigned long, char*, char*, unsigned long)
 *fill*         0x00000000000009b8        0x8 
 .text._ZN8SaveData7getNameEv
                0x00000000000009c0        0x8 SaveData.o
                0x00000000000009c0                SaveData::getName()
 *fill*         0x00000000000009c8        0x8 
 .text._ZN8SaveData8getIndexEv
                0x00000000000009d0        0x8 SaveData.o
                0x00000000000009d0                SaveData::getIndex()
 *fill*         0x00000000000009d8        0x8 
 .text._ZN18SaveDataRepository11getSaveDataEoi
                0x00000000000009e0      0x1f0 SaveDataRepository.o
                0x00000000000009e0                SaveDataRepository::getSaveData(unsigned __int128, int)
 .text._ZNSt6vectorI8SaveDataSaIS0_EE17_M_realloc_insertIJRKS0_EEEvN9__gnu_cxx17__normal_iteratorIPS0_S2_EEDpOT_
                0x0000000000000bd0      0x1c0 SaveDataRepository.o
                0x0000000000000bd0                void std::vector<SaveData, std::allocator<SaveData> >::_M_realloc_insert<SaveData const&>(__gnu_cxx::__normal_iterator<SaveData*, std::vector<SaveData, std::allocator<SaveData> > >, SaveData const&)
 .text._ZNSt10_HashtableIoSt4pairIKoSt6vectorI8SaveDataSaIS3_EEESaIS6_ENSt8__detail10_Select1stESt8equal_toIoESt4hashIoENS8_18_Mod_range_hashingENS8_20_Default_ranged_hashENS8_20_Prime_rehash_policyENS8_17_Hashtable_traitsILb0ELb0ELb1EEEE10_M_emplaceIJS6_EEES0_INS8_14_Node_iteratorIS6_Lb0ELb0EEEbESt17integral_constantIbLb1EEDpOT_
                0x0000000000000d90      0x254 SaveDataRepository.o
                0x0000000000000d90                std::pair<std::__detail::_Node_iterator<std::pair<unsigned __int128 const, std::vector<SaveData, std::allocator<SaveData> > >, false, false>, bool> std::_Hashtable<unsigned __int128, std::pair<unsigned __int128 const, std::vector<SaveData, std::allocator<SaveData> > >, std::allocator<std::pair<unsigned __int128 const, std::vector<SaveData, std::allocator<SaveData> > > >, std::__detail::_Select1st, std::equal_to<unsigned __int128>, std::hash<unsigned __int128>, std::__detail::_Mod_range_hashing, std::__detail::_Default_ranged_hash, std::__detail::_Prime_rehash_policy, std::__detail::_Hashtable_traits<false, false, true> >::_M_emplace<std::pair<unsigned __int128 const, std::vector<SaveData, std::allocator<SaveData> > > >(std::integral_constant<bool, true>, std::pair<unsigned __int128 const, std::vector<SaveData, std::allocator<SaveData> > >&&)
 *fill*         0x0000000000000fe4        0xc 
 .text._ZN18SaveDataRepository4initEv
                0x0000000000000ff0      0x3bc SaveDataRepository.o
                0x0000000000000ff0                SaveDataRepository::init()
 *fill*         0x00000000000013ac        0x4 
 .text._ZN18SaveDataRepositoryC2Ev
                0x00000000000013b0       0x20 SaveDataRepository.o
                0x00000000000013b0                SaveDataRepository::SaveDataRepository()
                0x00000000000013b0                SaveDataRepository::SaveDataRepository()
 .text.ipcCloseObjectById
                0x00000000000013d0       0x34 /opt/devkitpro/libnx/lib/libnx.a(applet.o)
 *fill*         0x0000000000001404        0xc 
 .text._appletGetHandle
                0x0000000000001410      0x124 /opt/devkitpro/libnx/lib/libnx.a(applet.o)
 *fill*         0x0000000000001534        0xc 
 .text._appletGetPerformanceMode.constprop.14
                0x0000000000001540       0xe0 /opt/devkitpro/libnx/lib/libnx.a(applet.o)
 .text._appletGetOperationMode.constprop.13
                0x0000000000001620       0xe0 /opt/devkitpro/libnx/lib/libnx.a(applet.o)
 .text._appletGetCurrentFocusState.constprop.15
                0x0000000000001700       0xe0 /opt/devkitpro/libnx/lib/libnx.a(applet.o)
 .text._appletReceiveMessage
                0x00000000000017e0       0xec /opt/devkitpro/libnx/lib/libnx.a(applet.o)
 *fill*         0x00000000000018cc        0x4 
 .text._appletAcquireForegroundRights
                0x00000000000018d0       0xcc /opt/devkitpro/libnx/lib/libnx.a(applet.o)
 *fill*         0x000000000000199c        0x4 
 .text._appletSetPerformanceModeChangedNotification.constprop.17
                0x00000000000019a0       0xd4 /opt/devkitpro/libnx/lib/libnx.a(applet.o)
 *fill*         0x0000000000001a74        0xc 
 .text._appletSetOperationModeChangedNotification.constprop.16
                0x0000000000001a80       0xd4 /opt/devkitpro/libnx/lib/libnx.a(applet.o)
 *fill*         0x0000000000001b54        0xc 
 .text._appletSetOutOfFocusSuspendingEnabled
                0x0000000000001b60       0xd0 /opt/devkitpro/libnx/lib/libnx.a(applet.o)
 .text._appletSetFocusHandlingMode
                0x0000000000001c30       0xd8 /opt/devkitpro/libnx/lib/libnx.a(applet.o)
 *fill*         0x0000000000001d08        0x8 
 .text._appletGetAppletResourceUserId.constprop.11
                0x0000000000001d10       0xe0 /opt/devkitpro/libnx/lib/libnx.a(applet.o)
 .text._appletGetSessionProxy.constprop.10
                0x0000000000001df0      0x13c /opt/devkitpro/libnx/lib/libnx.a(applet.o)
 *fill*         0x0000000000001f2c        0x4 
 .text.appletExit
                0x0000000000001f30      0x564 /opt/devkitpro/libnx/lib/libnx.a(applet.o)
                0x0000000000001f30                appletExit
 *fill*         0x0000000000002494        0xc 
 .text.appletGetAppletType
                0x00000000000024a0       0x10 /opt/devkitpro/libnx/lib/libnx.a(applet.o)
                0x00000000000024a0                appletGetAppletType
 .text.appletHook
                0x00000000000024b0       0x28 /opt/devkitpro/libnx/lib/libnx.a(applet.o)
                0x00000000000024b0                appletHook
 *fill*         0x00000000000024d8        0x8 
 .text.appletUnhook
                0x00000000000024e0       0x34 /opt/devkitpro/libnx/lib/libnx.a(applet.o)
                0x00000000000024e0                appletUnhook
 *fill*         0x0000000000002514        0xc 
 .text.appletGetAppletResourceUserId
                0x0000000000002520       0x28 /opt/devkitpro/libnx/lib/libnx.a(applet.o)
                0x0000000000002520                appletGetAppletResourceUserId
 *fill*         0x0000000000002548        0x8 
 .text.appletNotifyRunning
                0x0000000000002550      0x120 /opt/devkitpro/libnx/lib/libnx.a(applet.o)
                0x0000000000002550                appletNotifyRunning
 .text.appletInitialize
                0x0000000000002670      0x56c /opt/devkitpro/libnx/lib/libnx.a(applet.o)
                0x0000000000002670                appletInitialize
 *fill*         0x0000000000002bdc        0x4 
 .text.appletCreateManagedDisplayLayer
                0x0000000000002be0       0xec /opt/devkitpro/libnx/lib/libnx.a(applet.o)
                0x0000000000002be0                appletCreateManagedDisplayLayer
 *fill*         0x0000000000002ccc        0x4 
 .text.appletGetOperationMode
                0x0000000000002cd0        0xc /opt/devkitpro/libnx/lib/libnx.a(applet.o)
                0x0000000000002cd0                appletGetOperationMode
 *fill*         0x0000000000002cdc        0x4 
 .text.appletMainLoop
                0x0000000000002ce0      0x144 /opt/devkitpro/libnx/lib/libnx.a(applet.o)
                0x0000000000002ce0                appletMainLoop
 *fill*         0x0000000000002e24        0xc 
 .text.ipcCloseObjectById
                0x0000000000002e30       0x34 /opt/devkitpro/libnx/lib/libnx.a(acc.o)
 *fill*         0x0000000000002e64        0xc 
 .text.accountInitialize
                0x0000000000002e70       0x70 /opt/devkitpro/libnx/lib/libnx.a(acc.o)
                0x0000000000002e70                accountInitialize
 .text.accountExit
                0x0000000000002ee0       0x9c /opt/devkitpro/libnx/lib/libnx.a(acc.o)
                0x0000000000002ee0                accountExit
 *fill*         0x0000000000002f7c        0x4 
 .text.accountGetUserCount
                0x0000000000002f80       0xe8 /opt/devkitpro/libnx/lib/libnx.a(acc.o)
                0x0000000000002f80                accountGetUserCount
 *fill*         0x0000000000003068        0x8 
 .text.accountListAllUsers
                0x0000000000003070      0x18c /opt/devkitpro/libnx/lib/libnx.a(acc.o)
                0x0000000000003070                accountListAllUsers
 *fill*         0x00000000000031fc        0x4 
 .text.accountGetProfile
                0x0000000000003200      0x134 /opt/devkitpro/libnx/lib/libnx.a(acc.o)
                0x0000000000003200                accountGetProfile
 *fill*         0x0000000000003334        0xc 
 .text.accountProfileGet
                0x0000000000003340      0x138 /opt/devkitpro/libnx/lib/libnx.a(acc.o)
                0x0000000000003340                accountProfileGet
 *fill*         0x0000000000003478        0x8 
 .text.accountProfileGetImageSize
                0x0000000000003480       0xe8 /opt/devkitpro/libnx/lib/libnx.a(acc.o)
                0x0000000000003480                accountProfileGetImageSize
 *fill*         0x0000000000003568        0x8 
 .text.accountProfileClose
                0x0000000000003570       0x6c /opt/devkitpro/libnx/lib/libnx.a(acc.o)
                0x0000000000003570                accountProfileClose
 *fill*         0x00000000000035dc        0x4 
 .text.ipcCloseObjectById
                0x00000000000035e0       0x34 /opt/devkitpro/libnx/lib/libnx.a(hid.o)
 *fill*         0x0000000000003614        0xc 
 .text._hidGetSharedMemoryHandle.constprop.8
                0x0000000000003620      0x124 /opt/devkitpro/libnx/lib/libnx.a(hid.o)
 *fill*         0x0000000000003744        0xc 
 .text._hidCreateAppletResource.constprop.7
                0x0000000000003750      0x134 /opt/devkitpro/libnx/lib/libnx.a(hid.o)
 *fill*         0x0000000000003884        0xc 
 .text.hidReset
                0x0000000000003890      0x1b0 /opt/devkitpro/libnx/lib/libnx.a(hid.o)
                0x0000000000003890                hidReset
 .text.hidGetSharedmemAddr
                0x0000000000003a40        0xc /opt/devkitpro/libnx/lib/libnx.a(hid.o)
                0x0000000000003a40                hidGetSharedmemAddr
 *fill*         0x0000000000003a4c        0x4 
 .text.hidKeysDown
                0x0000000000003a50       0x6c /opt/devkitpro/libnx/lib/libnx.a(hid.o)
                0x0000000000003a50                hidKeysDown
 *fill*         0x0000000000003abc        0x4 
 .text.hidTouchCount
                0x0000000000003ac0        0xc /opt/devkitpro/libnx/lib/libnx.a(hid.o)
                0x0000000000003ac0                hidTouchCount
 *fill*         0x0000000000003acc        0x4 
 .text.hidScanInput
                0x0000000000003ad0      0x49c /opt/devkitpro/libnx/lib/libnx.a(hid.o)
                0x0000000000003ad0                hidScanInput
 *fill*         0x0000000000003f6c        0x4 
 .text.hidSetNpadJoyAssignmentModeDual
                0x0000000000003f70      0x10c /opt/devkitpro/libnx/lib/libnx.a(hid.o)
                0x0000000000003f70                hidSetNpadJoyAssignmentModeDual
 *fill*         0x000000000000407c        0x4 
 .text.hidExit  0x0000000000004080      0x128 /opt/devkitpro/libnx/lib/libnx.a(hid.o)
                0x0000000000004080                hidExit
 *fill*         0x00000000000041a8        0x8 
 .text.hidInitialize
                0x00000000000041b0      0x10c /opt/devkitpro/libnx/lib/libnx.a(hid.o)
                0x00000000000041b0                hidInitialize
 *fill*         0x00000000000042bc        0x4 
 .text.ipcCloseObjectById
                0x00000000000042c0       0x34 /opt/devkitpro/libnx/lib/libnx.a(ns.o)
 *fill*         0x00000000000042f4        0xc 
 .text._nsGetInterface.constprop.3
                0x0000000000004300      0x12c /opt/devkitpro/libnx/lib/libnx.a(ns.o)
 *fill*         0x000000000000442c        0x4 
 .text.nsInitialize
                0x0000000000004430       0xfc /opt/devkitpro/libnx/lib/libnx.a(ns.o)
                0x0000000000004430                nsInitialize
 *fill*         0x000000000000452c        0x4 
 .text.nsExit   0x0000000000004530       0xf8 /opt/devkitpro/libnx/lib/libnx.a(ns.o)
                0x0000000000004530                nsExit
 *fill*         0x0000000000004628        0x8 
 .text.nsGetApplicationControlData
                0x0000000000004630      0x114 /opt/devkitpro/libnx/lib/libnx.a(ns.o)
                0x0000000000004630                nsGetApplicationControlData
 *fill*         0x0000000000004744        0xc 
 .text.ipcCloseObjectById
                0x0000000000004750       0x34 /opt/devkitpro/libnx/lib/libnx.a(apm.o)
 *fill*         0x0000000000004784        0xc 
 .text._apmGetSession.constprop.4
                0x0000000000004790      0x124 /opt/devkitpro/libnx/lib/libnx.a(apm.o)
 *fill*         0x00000000000048b4        0xc 
 .text.apmExit  0x00000000000048c0       0xf0 /opt/devkitpro/libnx/lib/libnx.a(apm.o)
                0x00000000000048c0                apmExit
 .text.apmInitialize
                0x00000000000049b0       0x8c /opt/devkitpro/libnx/lib/libnx.a(apm.o)
                0x00000000000049b0                apmInitialize
 *fill*         0x0000000000004a3c        0x4 
 .text.apmSetPerformanceConfiguration
                0x0000000000004a40       0xcc /opt/devkitpro/libnx/lib/libnx.a(apm.o)
                0x0000000000004a40                apmSetPerformanceConfiguration
 *fill*         0x0000000000004b0c        0x4 
 .text.smAddOverrideHandle
                0x0000000000004b10       0x44 /opt/devkitpro/libnx/lib/libnx.a(sm.o)
                0x0000000000004b10                smAddOverrideHandle
 *fill*         0x0000000000004b54        0xc 
 .text.smGetServiceOverride
                0x0000000000004b60       0x60 /opt/devkitpro/libnx/lib/libnx.a(sm.o)
                0x0000000000004b60                smGetServiceOverride
 .text.smHasInitialized
                0x0000000000004bc0       0x14 /opt/devkitpro/libnx/lib/libnx.a(sm.o)
                0x0000000000004bc0                smHasInitialized
 *fill*         0x0000000000004bd4        0xc 
 .text.smExit   0x0000000000004be0       0x5c /opt/devkitpro/libnx/lib/libnx.a(sm.o)
                0x0000000000004be0                smExit
 *fill*         0x0000000000004c3c        0x4 
 .text.smEncodeName
                0x0000000000004c40       0x38 /opt/devkitpro/libnx/lib/libnx.a(sm.o)
                0x0000000000004c40                smEncodeName
 *fill*         0x0000000000004c78        0x8 
 .text.smGetServiceOriginal
                0x0000000000004c80      0x12c /opt/devkitpro/libnx/lib/libnx.a(sm.o)
                0x0000000000004c80                smGetServiceOriginal
 *fill*         0x0000000000004dac        0x4 
 .text.smInitialize
                0x0000000000004db0      0x158 /opt/devkitpro/libnx/lib/libnx.a(sm.o)
                0x0000000000004db0                smInitialize
 *fill*         0x0000000000004f08        0x8 
 .text.smGetService
                0x0000000000004f10       0x74 /opt/devkitpro/libnx/lib/libnx.a(sm.o)
                0x0000000000004f10                smGetService
 *fill*         0x0000000000004f84        0xc 
 .text.fatalWithType
                0x0000000000004f90       0xec /opt/devkitpro/libnx/lib/libnx.a(fatal.o)
                0x0000000000004f90                fatalWithType
 *fill*         0x000000000000507c        0x4 
 .text.fatalSimple
                0x0000000000005080       0x14 /opt/devkitpro/libnx/lib/libnx.a(fatal.o)
                0x0000000000005080                fatalSimple
 *fill*         0x0000000000005094        0xc 
 .text.ipcCloseObjectById
                0x00000000000050a0       0x34 /opt/devkitpro/libnx/lib/libnx.a(set.o)
 *fill*         0x00000000000050d4        0xc 
 .text.setInitialize
                0x00000000000050e0       0x44 /opt/devkitpro/libnx/lib/libnx.a(set.o)
                0x00000000000050e0                setInitialize
 *fill*         0x0000000000005124        0xc 
 .text.setExit  0x0000000000005130       0x9c /opt/devkitpro/libnx/lib/libnx.a(set.o)
                0x0000000000005130                setExit
 *fill*         0x00000000000051cc        0x4 
 .text.setsysInitialize
                0x00000000000051d0       0x3c /opt/devkitpro/libnx/lib/libnx.a(set.o)
                0x00000000000051d0                setsysInitialize
 *fill*         0x000000000000520c        0x4 
 .text.setsysExit
                0x0000000000005210       0x9c /opt/devkitpro/libnx/lib/libnx.a(set.o)
                0x0000000000005210                setsysExit
 *fill*         0x00000000000052ac        0x4 
 .text.setGetLanguageCode
                0x00000000000052b0       0xec /opt/devkitpro/libnx/lib/libnx.a(set.o)
                0x00000000000052b0                setGetLanguageCode
 *fill*         0x000000000000539c        0x4 
 .text.setGetSystemLanguage
                0x00000000000053a0        0x4 /opt/devkitpro/libnx/lib/libnx.a(set.o)
                0x00000000000053a0                setGetSystemLanguage
 *fill*         0x00000000000053a4        0xc 
 .text.setGetAvailableLanguageCodeCount
                0x00000000000053b0      0x108 /opt/devkitpro/libnx/lib/libnx.a(set.o)
                0x00000000000053b0                setGetAvailableLanguageCodeCount
 *fill*         0x00000000000054b8        0x8 
 .text.setGetAvailableLanguageCodes
                0x00000000000054c0      0x1a8 /opt/devkitpro/libnx/lib/libnx.a(set.o)
                0x00000000000054c0                setGetAvailableLanguageCodes
 *fill*         0x0000000000005668        0x8 
 .text.setInitializeLanguageCodesCache
                0x0000000000005670       0x70 /opt/devkitpro/libnx/lib/libnx.a(set.o)
 .text.setMakeLanguage
                0x00000000000056e0       0x8c /opt/devkitpro/libnx/lib/libnx.a(set.o)
                0x00000000000056e0                setMakeLanguage
 *fill*         0x000000000000576c        0x4 
 .text.ipcCloseObjectById
                0x0000000000005770       0x34 /opt/devkitpro/libnx/lib/libnx.a(fs.o)
 *fill*         0x00000000000057a4        0xc 
 .text.fsInitialize
                0x00000000000057b0      0x124 /opt/devkitpro/libnx/lib/libnx.a(fs.o)
                0x00000000000057b0                fsInitialize
 *fill*         0x00000000000058d4        0xc 
 .text.fsExit   0x00000000000058e0       0x9c /opt/devkitpro/libnx/lib/libnx.a(fs.o)
                0x00000000000058e0                fsExit
 *fill*         0x000000000000597c        0x4 
 .text.fsMountSdcard
                0x0000000000005980      0x134 /opt/devkitpro/libnx/lib/libnx.a(fs.o)
                0x0000000000005980                fsMountSdcard
 *fill*         0x0000000000005ab4        0xc 
 .text.fsOpenSaveDataIterator
                0x0000000000005ac0      0x17c /opt/devkitpro/libnx/lib/libnx.a(fs.o)
                0x0000000000005ac0                fsOpenSaveDataIterator
 *fill*         0x0000000000005c3c        0x4 
 .text.fsFsCreateFile
                0x0000000000005c40       0xf4 /opt/devkitpro/libnx/lib/libnx.a(fs.o)
                0x0000000000005c40                fsFsCreateFile
 *fill*         0x0000000000005d34        0xc 
 .text.fsFsDeleteFile
                0x0000000000005d40       0xf0 /opt/devkitpro/libnx/lib/libnx.a(fs.o)
                0x0000000000005d40                fsFsDeleteFile
 .text.fsFsCreateDirectory
                0x0000000000005e30       0xf0 /opt/devkitpro/libnx/lib/libnx.a(fs.o)
                0x0000000000005e30                fsFsCreateDirectory
 .text.fsFsDeleteDirectory
                0x0000000000005f20       0xf0 /opt/devkitpro/libnx/lib/libnx.a(fs.o)
                0x0000000000005f20                fsFsDeleteDirectory
 .text.fsFsRenameFile
                0x0000000000006010      0x11c /opt/devkitpro/libnx/lib/libnx.a(fs.o)
                0x0000000000006010                fsFsRenameFile
 *fill*         0x000000000000612c        0x4 
 .text.fsFsRenameDirectory
                0x0000000000006130      0x11c /opt/devkitpro/libnx/lib/libnx.a(fs.o)
                0x0000000000006130                fsFsRenameDirectory
 *fill*         0x000000000000624c        0x4 
 .text.fsFsGetEntryType
                0x0000000000006250      0x104 /opt/devkitpro/libnx/lib/libnx.a(fs.o)
                0x0000000000006250                fsFsGetEntryType
 *fill*         0x0000000000006354        0xc 
 .text.fsFsOpenFile
                0x0000000000006360      0x154 /opt/devkitpro/libnx/lib/libnx.a(fs.o)
                0x0000000000006360                fsFsOpenFile
 *fill*         0x00000000000064b4        0xc 
 .text.fsFsOpenDirectory
                0x00000000000064c0      0x14c /opt/devkitpro/libnx/lib/libnx.a(fs.o)
                0x00000000000064c0                fsFsOpenDirectory
 *fill*         0x000000000000660c        0x4 
 .text.fsFsGetFreeSpace
                0x0000000000006610      0x104 /opt/devkitpro/libnx/lib/libnx.a(fs.o)
                0x0000000000006610                fsFsGetFreeSpace
 *fill*         0x0000000000006714        0xc 
 .text.fsFsGetTotalSpace
                0x0000000000006720      0x104 /opt/devkitpro/libnx/lib/libnx.a(fs.o)
                0x0000000000006720                fsFsGetTotalSpace
 *fill*         0x0000000000006824        0xc 
 .text.fsFsClose
                0x0000000000006830       0x6c /opt/devkitpro/libnx/lib/libnx.a(fs.o)
                0x0000000000006830                fsFsClose
 *fill*         0x000000000000689c        0x4 
 .text.fsFileRead
                0x00000000000068a0      0x108 /opt/devkitpro/libnx/lib/libnx.a(fs.o)
                0x00000000000068a0                fsFileRead
 *fill*         0x00000000000069a8        0x8 
 .text.fsFileWrite
                0x00000000000069b0       0xf8 /opt/devkitpro/libnx/lib/libnx.a(fs.o)
                0x00000000000069b0                fsFileWrite
 *fill*         0x0000000000006aa8        0x8 
 .text.fsFileFlush
                0x0000000000006ab0       0xc8 /opt/devkitpro/libnx/lib/libnx.a(fs.o)
                0x0000000000006ab0                fsFileFlush
 *fill*         0x0000000000006b78        0x8 
 .text.fsFileSetSize
                0x0000000000006b80       0xc8 /opt/devkitpro/libnx/lib/libnx.a(fs.o)
                0x0000000000006b80                fsFileSetSize
 *fill*         0x0000000000006c48        0x8 
 .text.fsFileGetSize
                0x0000000000006c50       0xec /opt/devkitpro/libnx/lib/libnx.a(fs.o)
                0x0000000000006c50                fsFileGetSize
 *fill*         0x0000000000006d3c        0x4 
 .text.fsFileClose
                0x0000000000006d40       0x6c /opt/devkitpro/libnx/lib/libnx.a(fs.o)
                0x0000000000006d40                fsFileClose
 *fill*         0x0000000000006dac        0x4 
 .text.fsDirClose
                0x0000000000006db0       0x6c /opt/devkitpro/libnx/lib/libnx.a(fs.o)
                0x0000000000006db0                fsDirClose
 *fill*         0x0000000000006e1c        0x4 
 .text.fsDirRead
                0x0000000000006e20      0x110 /opt/devkitpro/libnx/lib/libnx.a(fs.o)
                0x0000000000006e20                fsDirRead
 .text.fsSaveDataIteratorRead
                0x0000000000006f30      0x110 /opt/devkitpro/libnx/lib/libnx.a(fs.o)
                0x0000000000006f30                fsSaveDataIteratorRead
 .text.fsSaveDataIteratorClose
                0x0000000000007040       0x6c /opt/devkitpro/libnx/lib/libnx.a(fs.o)
                0x0000000000007040                fsSaveDataIteratorClose
 *fill*         0x00000000000070ac        0x4 
 .text._gfxCancelBuffer
                0x00000000000070b0       0x4c /opt/devkitpro/libnx/lib/libnx.a(gfx.o)
 *fill*         0x00000000000070fc        0x4 
 .text._gfxDequeueBuffer.part.0
                0x0000000000007100      0x170 /opt/devkitpro/libnx/lib/libnx.a(gfx.o)
 .text.gfxInitDefault
                0x0000000000007270      0x4b4 /opt/devkitpro/libnx/lib/libnx.a(gfx.o)
                0x0000000000007270                gfxInitDefault
 *fill*         0x0000000000007724        0xc 
 .text.gfxConfigureCrop
                0x0000000000007730       0xe8 /opt/devkitpro/libnx/lib/libnx.a(gfx.o)
                0x0000000000007730                gfxConfigureCrop
 *fill*         0x0000000000007818        0x8 
 .text.gfxConfigureResolution
                0x0000000000007820       0x14 /opt/devkitpro/libnx/lib/libnx.a(gfx.o)
                0x0000000000007820                gfxConfigureResolution
 *fill*         0x0000000000007834        0xc 
 .text._gfxAutoResolutionAppletHook
                0x0000000000007840       0x60 /opt/devkitpro/libnx/lib/libnx.a(gfx.o)
 .text.gfxConfigureAutoResolution
                0x00000000000078a0      0x11c /opt/devkitpro/libnx/lib/libnx.a(gfx.o)
                0x00000000000078a0                gfxConfigureAutoResolution
 *fill*         0x00000000000079bc        0x4 
 .text.gfxExit  0x00000000000079c0      0x174 /opt/devkitpro/libnx/lib/libnx.a(gfx.o)
                0x00000000000079c0                gfxExit
 *fill*         0x0000000000007b34        0xc 
 .text._gfxGraphicBufferInit
                0x0000000000007b40       0x3c /opt/devkitpro/libnx/lib/libnx.a(gfx.o)
                0x0000000000007b40                _gfxGraphicBufferInit
 *fill*         0x0000000000007b7c        0x4 
 .text.gfxWaitForVsync
                0x0000000000007b80       0x2c /opt/devkitpro/libnx/lib/libnx.a(gfx.o)
                0x0000000000007b80                gfxWaitForVsync
 *fill*         0x0000000000007bac        0x4 
 .text.gfxSwapBuffers
                0x0000000000007bb0       0x6c /opt/devkitpro/libnx/lib/libnx.a(gfx.o)
                0x0000000000007bb0                gfxSwapBuffers
 *fill*         0x0000000000007c1c        0x4 
 .text.gfxGetFramebuffer
                0x0000000000007c20       0x68 /opt/devkitpro/libnx/lib/libnx.a(gfx.o)
                0x0000000000007c20                gfxGetFramebuffer
 *fill*         0x0000000000007c88        0x8 
 .text.gfxSetMode
                0x0000000000007c90        0xc /opt/devkitpro/libnx/lib/libnx.a(gfx.o)
                0x0000000000007c90                gfxSetMode
 *fill*         0x0000000000007c9c        0x4 
 .text.gfxFlushBuffers
                0x0000000000007ca0      0x12c /opt/devkitpro/libnx/lib/libnx.a(gfx.o)
                0x0000000000007ca0                gfxFlushBuffers
 *fill*         0x0000000000007dcc        0x4 
 .text.nvmapobjClose.part.0.constprop.3
                0x0000000000007dd0       0x38 /opt/devkitpro/libnx/lib/libnx.a(nvgfx.o)
 *fill*         0x0000000000007e08        0x8 
 .text.nvgfxInitialize
                0x0000000000007e10      0x1e8 /opt/devkitpro/libnx/lib/libnx.a(nvgfx.o)
                0x0000000000007e10                nvgfxInitialize
 *fill*         0x0000000000007ff8        0x8 
 .text.nvgfxExit
                0x0000000000008000       0x58 /opt/devkitpro/libnx/lib/libnx.a(nvgfx.o)
                0x0000000000008000                nvgfxExit
 *fill*         0x0000000000008058        0x8 
 .text.nvgfxGetFramebuffer
                0x0000000000008060       0x4c /opt/devkitpro/libnx/lib/libnx.a(nvgfx.o)
                0x0000000000008060                nvgfxGetFramebuffer
 *fill*         0x00000000000080ac        0x4 
 .text.nacpGetLanguageEntry
                0x00000000000080b0      0x140 /opt/devkitpro/libnx/lib/libnx.a(nacp.o)
                0x00000000000080b0                nacpGetLanguageEntry
 .text.consoleDrawChar
                0x00000000000081f0      0x250 /opt/devkitpro/libnx/lib/libnx.a(console.o)
                0x00000000000081f0                consoleDrawChar
 .text.consolePrintChar
                0x0000000000008440      0x15c /opt/devkitpro/libnx/lib/libnx.a(console.o)
                0x0000000000008440                consolePrintChar
 *fill*         0x000000000000859c        0x4 
 .text.consoleClearLine
                0x00000000000085a0      0x158 /opt/devkitpro/libnx/lib/libnx.a(console.o)
 *fill*         0x00000000000086f8        0x8 
 .text.newRow   0x0000000000008700      0x180 /opt/devkitpro/libnx/lib/libnx.a(console.o)
 .text.consoleCls
                0x0000000000008880      0x16c /opt/devkitpro/libnx/lib/libnx.a(console.o)
 *fill*         0x00000000000089ec        0x4 
 .text.consoleInit
                0x00000000000089f0       0xec /opt/devkitpro/libnx/lib/libnx.a(console.o)
                0x00000000000089f0                consoleInit
 *fill*         0x0000000000008adc        0x4 
 .text.con_write
                0x0000000000008ae0      0x854 /opt/devkitpro/libnx/lib/libnx.a(console.o)
 .text.armDCacheFlush
                0x0000000000009334       0x3c /opt/devkitpro/libnx/lib/libnx.a(cache.o)
                0x0000000000009334                armDCacheFlush
 .text.svcSetHeapSize
                0x0000000000009370       0x14 /opt/devkitpro/libnx/lib/libnx.a(svc.o)
                0x0000000000009370                svcSetHeapSize
 .text.svcUnmapMemory
                0x0000000000009384        0x8 /opt/devkitpro/libnx/lib/libnx.a(svc.o)
                0x0000000000009384                svcUnmapMemory
 .text.svcQueryMemory
                0x000000000000938c       0x14 /opt/devkitpro/libnx/lib/libnx.a(svc.o)
                0x000000000000938c                svcQueryMemory
 .text.svcExitProcess
                0x00000000000093a0        0x8 /opt/devkitpro/libnx/lib/libnx.a(svc.o)
                0x00000000000093a0                svcExitProcess
 .text.svcSleepThread
                0x00000000000093a8        0x8 /opt/devkitpro/libnx/lib/libnx.a(svc.o)
                0x00000000000093a8                svcSleepThread
 .text.svcMapSharedMemory
                0x00000000000093b0        0x8 /opt/devkitpro/libnx/lib/libnx.a(svc.o)
                0x00000000000093b0                svcMapSharedMemory
 .text.svcUnmapSharedMemory
                0x00000000000093b8        0x8 /opt/devkitpro/libnx/lib/libnx.a(svc.o)
                0x00000000000093b8                svcUnmapSharedMemory
 .text.svcCreateTransferMemory
                0x00000000000093c0       0x14 /opt/devkitpro/libnx/lib/libnx.a(svc.o)
                0x00000000000093c0                svcCreateTransferMemory
 .text.svcCloseHandle
                0x00000000000093d4        0x8 /opt/devkitpro/libnx/lib/libnx.a(svc.o)
                0x00000000000093d4                svcCloseHandle
 .text.svcResetSignal
                0x00000000000093dc        0x8 /opt/devkitpro/libnx/lib/libnx.a(svc.o)
                0x00000000000093dc                svcResetSignal
 .text.svcWaitSynchronization
                0x00000000000093e4       0x14 /opt/devkitpro/libnx/lib/libnx.a(svc.o)
                0x00000000000093e4                svcWaitSynchronization
 .text.svcArbitrateLock
                0x00000000000093f8        0x8 /opt/devkitpro/libnx/lib/libnx.a(svc.o)
                0x00000000000093f8                svcArbitrateLock
 .text.svcArbitrateUnlock
                0x0000000000009400        0x8 /opt/devkitpro/libnx/lib/libnx.a(svc.o)
                0x0000000000009400                svcArbitrateUnlock
 .text.svcConnectToNamedPort
                0x0000000000009408       0x14 /opt/devkitpro/libnx/lib/libnx.a(svc.o)
                0x0000000000009408                svcConnectToNamedPort
 .text.svcSendSyncRequest
                0x000000000000941c        0x8 /opt/devkitpro/libnx/lib/libnx.a(svc.o)
                0x000000000000941c                svcSendSyncRequest
 .text.svcBreak
                0x0000000000009424        0x8 /opt/devkitpro/libnx/lib/libnx.a(svc.o)
                0x0000000000009424                svcBreak
 .text.svcGetInfo
                0x000000000000942c       0x14 /opt/devkitpro/libnx/lib/libnx.a(svc.o)
                0x000000000000942c                svcGetInfo
 .text.svcUnmapTransferMemory
                0x0000000000009440        0x8 /opt/devkitpro/libnx/lib/libnx.a(svc.o)
                0x0000000000009440                svcUnmapTransferMemory
 *fill*         0x0000000000009448        0x8 
 .text._CacheValues
                0x0000000000009450      0x180 /opt/devkitpro/libnx/lib/libnx.a(detect.o)
 .text.kernelAbove200
                0x00000000000095d0       0x1c /opt/devkitpro/libnx/lib/libnx.a(detect.o)
                0x00000000000095d0                kernelAbove200
 *fill*         0x00000000000095ec        0x4 
 .text.kernelAbove300
                0x00000000000095f0       0x1c /opt/devkitpro/libnx/lib/libnx.a(detect.o)
                0x00000000000095f0                kernelAbove300
 *fill*         0x000000000000960c        0x4 
 .text.kernelAbove400
                0x0000000000009610       0x1c /opt/devkitpro/libnx/lib/libnx.a(detect.o)
                0x0000000000009610                kernelAbove400
 *fill*         0x000000000000962c        0x4 
 .text.detectDebugger
                0x0000000000009630       0x30 /opt/devkitpro/libnx/lib/libnx.a(detect.o)
                0x0000000000009630                detectDebugger
 .text.shmemLoadRemote
                0x0000000000009660       0x14 /opt/devkitpro/libnx/lib/libnx.a(shmem.o)
                0x0000000000009660                shmemLoadRemote
 *fill*         0x0000000000009674        0xc 
 .text.shmemMap
                0x0000000000009680       0x84 /opt/devkitpro/libnx/lib/libnx.a(shmem.o)
                0x0000000000009680                shmemMap
 *fill*         0x0000000000009704        0xc 
 .text.shmemUnmap
                0x0000000000009710       0x58 /opt/devkitpro/libnx/lib/libnx.a(shmem.o)
                0x0000000000009710                shmemUnmap
 *fill*         0x0000000000009768        0x8 
 .text.shmemClose
                0x0000000000009770       0x44 /opt/devkitpro/libnx/lib/libnx.a(shmem.o)
                0x0000000000009770                shmemClose
 *fill*         0x00000000000097b4        0xc 
 .text.rwlockReadLock
                0x00000000000097c0       0x4c /opt/devkitpro/libnx/lib/libnx.a(rwlock.o)
                0x00000000000097c0                rwlockReadLock
 *fill*         0x000000000000980c        0x4 
 .text.rwlockReadUnlock
                0x0000000000009810       0x4c /opt/devkitpro/libnx/lib/libnx.a(rwlock.o)
                0x0000000000009810                rwlockReadUnlock
 *fill*         0x000000000000985c        0x4 
 .text.rwlockWriteLock
                0x0000000000009860        0x8 /opt/devkitpro/libnx/lib/libnx.a(rwlock.o)
                0x0000000000009860                rwlockWriteLock
 *fill*         0x0000000000009868        0x8 
 .text.rwlockWriteUnlock
                0x0000000000009870        0x8 /opt/devkitpro/libnx/lib/libnx.a(rwlock.o)
                0x0000000000009870                rwlockWriteUnlock
 *fill*         0x0000000000009878        0x8 
 .text.mutexLock
                0x0000000000009880       0x8c /opt/devkitpro/libnx/lib/libnx.a(mutex.o)
                0x0000000000009880                mutexLock
 *fill*         0x000000000000990c        0x4 
 .text.mutexUnlock
                0x0000000000009910       0x30 /opt/devkitpro/libnx/lib/libnx.a(mutex.o)
                0x0000000000009910                mutexUnlock
 .text.rmutexLock
                0x0000000000009940       0x4c /opt/devkitpro/libnx/lib/libnx.a(mutex.o)
                0x0000000000009940                rmutexLock
 *fill*         0x000000000000998c        0x4 
 .text.rmutexUnlock
                0x0000000000009990       0x1c /opt/devkitpro/libnx/lib/libnx.a(mutex.o)
                0x0000000000009990                rmutexUnlock
 *fill*         0x00000000000099ac        0x4 
 .text._GetRegionFromInfo.isra.1
                0x00000000000099b0       0x7c /opt/devkitpro/libnx/lib/libnx.a(virtmem.o)
 *fill*         0x0000000000009a2c        0x4 
 .text.virtmemSetup
                0x0000000000009a30       0xe4 /opt/devkitpro/libnx/lib/libnx.a(virtmem.o)
                0x0000000000009a30                virtmemSetup
 *fill*         0x0000000000009b14        0xc 
 .text.virtmemReserve
                0x0000000000009b20      0x13c /opt/devkitpro/libnx/lib/libnx.a(virtmem.o)
                0x0000000000009b20                virtmemReserve
 *fill*         0x0000000000009c5c        0x4 
 .text.virtmemFree
                0x0000000000009c60        0x4 /opt/devkitpro/libnx/lib/libnx.a(virtmem.o)
                0x0000000000009c60                virtmemFree
 *fill*         0x0000000000009c64        0xc 
 .text.eventLoadRemote
                0x0000000000009c70        0xc /opt/devkitpro/libnx/lib/libnx.a(event.o)
                0x0000000000009c70                eventLoadRemote
 *fill*         0x0000000000009c7c        0x4 
 .text.eventWait
                0x0000000000009c80      0x11c /opt/devkitpro/libnx/lib/libnx.a(event.o)
                0x0000000000009c80                eventWait
 *fill*         0x0000000000009d9c        0x4 
 .text.eventClose
                0x0000000000009da0       0x50 /opt/devkitpro/libnx/lib/libnx.a(event.o)
                0x0000000000009da0                eventClose
 .text.ipcCloseObjectById
                0x0000000000009df0       0x34 /opt/devkitpro/libnx/lib/libnx.a(nv.o)
 *fill*         0x0000000000009e24        0xc 
 .text.ipcQueryPointerBufferSize.constprop.10
                0x0000000000009e30       0xc8 /opt/devkitpro/libnx/lib/libnx.a(nv.o)
 *fill*         0x0000000000009ef8        0x8 
 .text.ipcCloneSession.constprop.9
                0x0000000000009f00      0x10c /opt/devkitpro/libnx/lib/libnx.a(nv.o)
 *fill*         0x000000000000a00c        0x4 
 .text._nvSetClientPID
                0x000000000000a010       0xd8 /opt/devkitpro/libnx/lib/libnx.a(nv.o)
 *fill*         0x000000000000a0e8        0x8 
 .text._nvInitialize.constprop.8
                0x000000000000a0f0       0xf0 /opt/devkitpro/libnx/lib/libnx.a(nv.o)
 .text.nvExit   0x000000000000a1e0      0x108 /opt/devkitpro/libnx/lib/libnx.a(nv.o)
                0x000000000000a1e0                nvExit
 *fill*         0x000000000000a2e8        0x8 
 .text.nvInitialize
                0x000000000000a2f0      0x178 /opt/devkitpro/libnx/lib/libnx.a(nv.o)
                0x000000000000a2f0                nvInitialize
 *fill*         0x000000000000a468        0x8 
 .text.nvConvertError
                0x000000000000a470      0x12c /opt/devkitpro/libnx/lib/libnx.a(nv.o)
                0x000000000000a470                nvConvertError
 *fill*         0x000000000000a59c        0x4 
 .text.nvOpen   0x000000000000a5a0      0x12c /opt/devkitpro/libnx/lib/libnx.a(nv.o)
                0x000000000000a5a0                nvOpen
 *fill*         0x000000000000a6cc        0x4 
 .text.nvIoctl  0x000000000000a6d0      0x270 /opt/devkitpro/libnx/lib/libnx.a(nv.o)
                0x000000000000a6d0                nvIoctl
 .text.nvClose  0x000000000000a940       0xdc /opt/devkitpro/libnx/lib/libnx.a(nv.o)
                0x000000000000a940                nvClose
 *fill*         0x000000000000aa1c        0x4 
 .text.nvQueryEvent
                0x000000000000aa20      0x15c /opt/devkitpro/libnx/lib/libnx.a(nv.o)
                0x000000000000aa20                nvQueryEvent
 *fill*         0x000000000000ab7c        0x4 
 .text.ipcCloseObjectById
                0x000000000000ab80       0x34 /opt/devkitpro/libnx/lib/libnx.a(vi.o)
 *fill*         0x000000000000abb4        0xc 
 .text._viGetSession.constprop.7
                0x000000000000abc0      0x134 /opt/devkitpro/libnx/lib/libnx.a(vi.o)
 *fill*         0x000000000000acf4        0xc 
 .text.viExit   0x000000000000ad00      0x1e4 /opt/devkitpro/libnx/lib/libnx.a(vi.o)
                0x000000000000ad00                viExit
 *fill*         0x000000000000aee4        0xc 
 .text.viInitialize
                0x000000000000aef0      0x304 /opt/devkitpro/libnx/lib/libnx.a(vi.o)
                0x000000000000aef0                viInitialize
 *fill*         0x000000000000b1f4        0xc 
 .text.viGetSession_IHOSBinderDriverRelay
                0x000000000000b200        0xc /opt/devkitpro/libnx/lib/libnx.a(vi.o)
                0x000000000000b200                viGetSession_IHOSBinderDriverRelay
 *fill*         0x000000000000b20c        0x4 
 .text.viOpenDisplay
                0x000000000000b210      0x140 /opt/devkitpro/libnx/lib/libnx.a(vi.o)
                0x000000000000b210                viOpenDisplay
 .text.viCloseDisplay
                0x000000000000b350      0x104 /opt/devkitpro/libnx/lib/libnx.a(vi.o)
                0x000000000000b350                viCloseDisplay
 *fill*         0x000000000000b454        0xc 
 .text.viGetDisplayVsyncEvent
                0x000000000000b460      0x13c /opt/devkitpro/libnx/lib/libnx.a(vi.o)
                0x000000000000b460                viGetDisplayVsyncEvent
 *fill*         0x000000000000b59c        0x4 
 .text.viCloseLayer
                0x000000000000b5a0      0x104 /opt/devkitpro/libnx/lib/libnx.a(vi.o)
                0x000000000000b5a0                viCloseLayer
 *fill*         0x000000000000b6a4        0xc 
 .text.viCreateLayer
                0x000000000000b6b0      0x320 /opt/devkitpro/libnx/lib/libnx.a(vi.o)
                0x000000000000b6b0                viCreateLayer
 .text.viSetLayerScalingMode
                0x000000000000b9d0       0xe8 /opt/devkitpro/libnx/lib/libnx.a(vi.o)
                0x000000000000b9d0                viSetLayerScalingMode
 *fill*         0x000000000000bab8        0x8 
 .text.nvFenceInit
                0x000000000000bac0       0x5c /opt/devkitpro/libnx/lib/libnx.a(fence.o)
                0x000000000000bac0                nvFenceInit
 *fill*         0x000000000000bb1c        0x4 
 .text.nvFenceExit
                0x000000000000bb20       0x98 /opt/devkitpro/libnx/lib/libnx.a(fence.o)
                0x000000000000bb20                nvFenceExit
 *fill*         0x000000000000bbb8        0x8 
 .text.nvFenceWait
                0x000000000000bbc0      0x194 /opt/devkitpro/libnx/lib/libnx.a(fence.o)
                0x000000000000bbc0                nvFenceWait
 *fill*         0x000000000000bd54        0xc 
 .text.nvMultiFenceWait
                0x000000000000bd60       0x7c /opt/devkitpro/libnx/lib/libnx.a(fence.o)
                0x000000000000bd60                nvMultiFenceWait
 *fill*         0x000000000000bddc        0x4 
 .text.nvioctlNvhostCtrl_EventSignal
                0x000000000000bde0       0x24 /opt/devkitpro/libnx/lib/libnx.a(nvhost-ctrl.o)
                0x000000000000bde0                nvioctlNvhostCtrl_EventSignal
 *fill*         0x000000000000be04        0xc 
 .text.nvioctlNvhostCtrl_EventWaitAsync
                0x000000000000be10       0x28 /opt/devkitpro/libnx/lib/libnx.a(nvhost-ctrl.o)
                0x000000000000be10                nvioctlNvhostCtrl_EventWaitAsync
 *fill*         0x000000000000be38        0x8 
 .text.nvioctlNvhostCtrl_EventRegister
                0x000000000000be40       0x24 /opt/devkitpro/libnx/lib/libnx.a(nvhost-ctrl.o)
                0x000000000000be40                nvioctlNvhostCtrl_EventRegister
 *fill*         0x000000000000be64        0xc 
 .text.nvioctlNvhostCtrl_EventUnregister
                0x000000000000be70       0x24 /opt/devkitpro/libnx/lib/libnx.a(nvhost-ctrl.o)
                0x000000000000be70                nvioctlNvhostCtrl_EventUnregister
 *fill*         0x000000000000be94        0xc 
 .text.nvioctlNvmap_Create
                0x000000000000bea0       0x3c /opt/devkitpro/libnx/lib/libnx.a(nvmap.o)
                0x000000000000bea0                nvioctlNvmap_Create
 *fill*         0x000000000000bedc        0x4 
 .text.nvioctlNvmap_Alloc
                0x000000000000bee0       0x30 /opt/devkitpro/libnx/lib/libnx.a(nvmap.o)
                0x000000000000bee0                nvioctlNvmap_Alloc
 .text.nvioctlNvmap_GetId
                0x000000000000bf10       0x3c /opt/devkitpro/libnx/lib/libnx.a(nvmap.o)
                0x000000000000bf10                nvioctlNvmap_GetId
 *fill*         0x000000000000bf4c        0x4 
 .text.bqRequestBuffer
                0x000000000000bf50       0xf0 /opt/devkitpro/libnx/lib/libnx.a(buffer_producer.o)
                0x000000000000bf50                bqRequestBuffer
 .text.bqDequeueBuffer
                0x000000000000c040      0x154 /opt/devkitpro/libnx/lib/libnx.a(buffer_producer.o)
                0x000000000000c040                bqDequeueBuffer
 *fill*         0x000000000000c194        0xc 
 .text.bqDetachBuffer
                0x000000000000c1a0       0x9c /opt/devkitpro/libnx/lib/libnx.a(buffer_producer.o)
                0x000000000000c1a0                bqDetachBuffer
 *fill*         0x000000000000c23c        0x4 
 .text.bqQueueBuffer
                0x000000000000c240       0xe0 /opt/devkitpro/libnx/lib/libnx.a(buffer_producer.o)
                0x000000000000c240                bqQueueBuffer
 .text.bqCancelBuffer
                0x000000000000c320       0x90 /opt/devkitpro/libnx/lib/libnx.a(buffer_producer.o)
                0x000000000000c320                bqCancelBuffer
 .text.bqConnect
                0x000000000000c3b0       0xe4 /opt/devkitpro/libnx/lib/libnx.a(buffer_producer.o)
                0x000000000000c3b0                bqConnect
 *fill*         0x000000000000c494        0xc 
 .text.bqDisconnect
                0x000000000000c4a0       0x9c /opt/devkitpro/libnx/lib/libnx.a(buffer_producer.o)
                0x000000000000c4a0                bqDisconnect
 *fill*         0x000000000000c53c        0x4 
 .text.bqSetPreallocatedBuffer
                0x000000000000c540       0xb4 /opt/devkitpro/libnx/lib/libnx.a(buffer_producer.o)
                0x000000000000c540                bqSetPreallocatedBuffer
 *fill*         0x000000000000c5f4        0xc 
 .text._binderTransactParcelAuto
                0x000000000000c600      0x248 /opt/devkitpro/libnx/lib/libnx.a(binder.o)
 *fill*         0x000000000000c848        0x8 
 .text.ipcQueryPointerBufferSize
                0x000000000000c850       0xc8 /opt/devkitpro/libnx/lib/libnx.a(binder.o)
 *fill*         0x000000000000c918        0x8 
 .text._binderTransactParcel
                0x000000000000c920      0x138 /opt/devkitpro/libnx/lib/libnx.a(binder.o)
 *fill*         0x000000000000ca58        0x8 
 .text.binderCreate
                0x000000000000ca60       0x14 /opt/devkitpro/libnx/lib/libnx.a(binder.o)
                0x000000000000ca60                binderCreate
 *fill*         0x000000000000ca74        0xc 
 .text.binderTransactParcel
                0x000000000000ca80       0x10 /opt/devkitpro/libnx/lib/libnx.a(binder.o)
                0x000000000000ca80                binderTransactParcel
 .text.binderConvertErrorCode
                0x000000000000ca90      0x124 /opt/devkitpro/libnx/lib/libnx.a(binder.o)
                0x000000000000ca90                binderConvertErrorCode
 *fill*         0x000000000000cbb4        0xc 
 .text.binderAdjustRefcount
                0x000000000000cbc0       0xe8 /opt/devkitpro/libnx/lib/libnx.a(binder.o)
                0x000000000000cbc0                binderAdjustRefcount
 *fill*         0x000000000000cca8        0x8 
 .text.binderClose
                0x000000000000ccb0       0x74 /opt/devkitpro/libnx/lib/libnx.a(binder.o)
                0x000000000000ccb0                binderClose
 *fill*         0x000000000000cd24        0xc 
 .text.binderInitSession
                0x000000000000cd30       0xc4 /opt/devkitpro/libnx/lib/libnx.a(binder.o)
                0x000000000000cd30                binderInitSession
 *fill*         0x000000000000cdf4        0xc 
 .text.binderGetNativeHandle
                0x000000000000ce00      0x144 /opt/devkitpro/libnx/lib/libnx.a(binder.o)
                0x000000000000ce00                binderGetNativeHandle
 *fill*         0x000000000000cf44        0xc 
 .text.parcelCreate
                0x000000000000cf50       0x28 /opt/devkitpro/libnx/lib/libnx.a(parcel.o)
                0x000000000000cf50                parcelCreate
 *fill*         0x000000000000cf78        0x8 
 .text.parcelTransact
                0x000000000000cf80      0x19c /opt/devkitpro/libnx/lib/libnx.a(parcel.o)
                0x000000000000cf80                parcelTransact
 *fill*         0x000000000000d11c        0x4 
 .text.parcelWriteData
                0x000000000000d120       0x88 /opt/devkitpro/libnx/lib/libnx.a(parcel.o)
                0x000000000000d120                parcelWriteData
 *fill*         0x000000000000d1a8        0x8 
 .text.parcelReadData
                0x000000000000d1b0       0x98 /opt/devkitpro/libnx/lib/libnx.a(parcel.o)
                0x000000000000d1b0                parcelReadData
 *fill*         0x000000000000d248        0x8 
 .text.parcelWriteInt32
                0x000000000000d250       0x20 /opt/devkitpro/libnx/lib/libnx.a(parcel.o)
                0x000000000000d250                parcelWriteInt32
 .text.parcelWriteUInt32
                0x000000000000d270       0x20 /opt/devkitpro/libnx/lib/libnx.a(parcel.o)
                0x000000000000d270                parcelWriteUInt32
 .text.parcelWriteString16
                0x000000000000d290       0x80 /opt/devkitpro/libnx/lib/libnx.a(parcel.o)
                0x000000000000d290                parcelWriteString16
 .text.parcelWriteInterfaceToken
                0x000000000000d310       0x30 /opt/devkitpro/libnx/lib/libnx.a(parcel.o)
                0x000000000000d310                parcelWriteInterfaceToken
 .text.parcelReadInt32
                0x000000000000d340       0x24 /opt/devkitpro/libnx/lib/libnx.a(parcel.o)
                0x000000000000d340                parcelReadInt32
 *fill*         0x000000000000d364        0xc 
 .text.parcelReadFlattenedObject
                0x000000000000d370       0x68 /opt/devkitpro/libnx/lib/libnx.a(parcel.o)
                0x000000000000d370                parcelReadFlattenedObject
 *fill*         0x000000000000d3d8        0x8 
 .text.parcelWriteFlattenedObject
                0x000000000000d3e0       0x44 /opt/devkitpro/libnx/lib/libnx.a(parcel.o)
                0x000000000000d3e0                parcelWriteFlattenedObject
 *fill*         0x000000000000d424        0xc 
 .text.__nx_dynamic
                0x000000000000d430       0xa0 /opt/devkitpro/libnx/lib/libnx.a(dynamic.o)
                0x000000000000d430                __nx_dynamic
 .text.__libnx_initheap
                0x000000000000d4d0       0xd8 /opt/devkitpro/libnx/lib/libnx.a(init.o)
                0x000000000000d4d0                __libnx_initheap
 *fill*         0x000000000000d5a8        0x8 
 .text.__appInit
                0x000000000000d5b0       0x90 /opt/devkitpro/libnx/lib/libnx.a(init.o)
                0x000000000000d5b0                __appInit
 .text.__appExit
                0x000000000000d640       0x34 /opt/devkitpro/libnx/lib/libnx.a(init.o)
                0x000000000000d640                __appExit
 *fill*         0x000000000000d674        0xc 
 .text.__libnx_init
                0x000000000000d680       0x28 /opt/devkitpro/libnx/lib/libnx.a(init.o)
                0x000000000000d680                __libnx_init
 *fill*         0x000000000000d6a8        0x8 
 .text.__libnx_exit
                0x000000000000d6b0       0x20 /opt/devkitpro/libnx/lib/libnx.a(init.o)
                0x000000000000d6b0                __libnx_exit
 .text.envSetup
                0x000000000000d6d0      0x1b0 /opt/devkitpro/libnx/lib/libnx.a(env.o)
                0x000000000000d6d0                envSetup
 .text.envGetMainThreadHandle
                0x000000000000d880       0x20 /opt/devkitpro/libnx/lib/libnx.a(env.o)
                0x000000000000d880                envGetMainThreadHandle
 .text.envIsNso
                0x000000000000d8a0        0xc /opt/devkitpro/libnx/lib/libnx.a(env.o)
                0x000000000000d8a0                envIsNso
 *fill*         0x000000000000d8ac        0x4 
 .text.envHasHeapOverride
                0x000000000000d8b0       0x14 /opt/devkitpro/libnx/lib/libnx.a(env.o)
                0x000000000000d8b0                envHasHeapOverride
 *fill*         0x000000000000d8c4        0xc 
 .text.envGetHeapOverrideAddr
                0x000000000000d8d0        0xc /opt/devkitpro/libnx/lib/libnx.a(env.o)
                0x000000000000d8d0                envGetHeapOverrideAddr
 *fill*         0x000000000000d8dc        0x4 
 .text.envGetHeapOverrideSize
                0x000000000000d8e0        0xc /opt/devkitpro/libnx/lib/libnx.a(env.o)
                0x000000000000d8e0                envGetHeapOverrideSize
 *fill*         0x000000000000d8ec        0x4 
 .text.envHasArgv
                0x000000000000d8f0       0x14 /opt/devkitpro/libnx/lib/libnx.a(env.o)
                0x000000000000d8f0                envHasArgv
 *fill*         0x000000000000d904        0xc 
 .text.envGetArgv
                0x000000000000d910        0xc /opt/devkitpro/libnx/lib/libnx.a(env.o)
                0x000000000000d910                envGetArgv
 *fill*         0x000000000000d91c        0x4 
 .text.envGetExitFuncPtr
                0x000000000000d920        0xc /opt/devkitpro/libnx/lib/libnx.a(env.o)
                0x000000000000d920                envGetExitFuncPtr
 *fill*         0x000000000000d92c        0x4 
 .text.mutexInit
                0x000000000000d930        0x8 /opt/devkitpro/libnx/lib/libnx.a(newlib.o)
 *fill*         0x000000000000d938        0x8 
 .text.rmutexInit
                0x000000000000d940        0xc /opt/devkitpro/libnx/lib/libnx.a(newlib.o)
 *fill*         0x000000000000d94c        0x4 
 .text.__libnx_gtod
                0x000000000000d950       0x8c /opt/devkitpro/libnx/lib/libnx.a(newlib.o)
                0x000000000000d950                __libnx_gtod
 *fill*         0x000000000000d9dc        0x4 
 .text.__libnx_clock_settime
                0x000000000000d9e0       0x20 /opt/devkitpro/libnx/lib/libnx.a(newlib.o)
                0x000000000000d9e0                __libnx_clock_settime
 .text.__libnx_nanosleep
                0x000000000000da00       0x28 /opt/devkitpro/libnx/lib/libnx.a(newlib.o)
                0x000000000000da00                __libnx_nanosleep
 *fill*         0x000000000000da28        0x8 
 .text.__libnx_get_reent
                0x000000000000da30       0x34 /opt/devkitpro/libnx/lib/libnx.a(newlib.o)
 *fill*         0x000000000000da64        0xc 
 .text.__libnx_clock_gettime
                0x000000000000da70       0xd0 /opt/devkitpro/libnx/lib/libnx.a(newlib.o)
                0x000000000000da70                __libnx_clock_gettime
 .text.__libnx_clock_getres
                0x000000000000db40       0x58 /opt/devkitpro/libnx/lib/libnx.a(newlib.o)
                0x000000000000db40                __libnx_clock_getres
 *fill*         0x000000000000db98        0x8 
 .text.__libnx_init_time
                0x000000000000dba0       0x54 /opt/devkitpro/libnx/lib/libnx.a(newlib.o)
                0x000000000000dba0                __libnx_init_time
 *fill*         0x000000000000dbf4        0xc 
 .text.newlibSetup
                0x000000000000dc00      0x118 /opt/devkitpro/libnx/lib/libnx.a(newlib.o)
                0x000000000000dc00                newlibSetup
 *fill*         0x000000000000dd18        0x8 
 .text.argvSetup
                0x000000000000dd20      0x368 /opt/devkitpro/libnx/lib/libnx.a(argv.o)
                0x000000000000dd20                argvSetup
 *fill*         0x000000000000e088        0x8 
 .text.fsdev_link
                0x000000000000e090       0x10 /opt/devkitpro/libnx/lib/libnx.a(fs_dev.o)
 .text.fsdev_dirreset
                0x000000000000e0a0       0x10 /opt/devkitpro/libnx/lib/libnx.a(fs_dev.o)
 .text.fsdev_chmod
                0x000000000000e0b0       0x10 /opt/devkitpro/libnx/lib/libnx.a(fs_dev.o)
 .text.error_cmp
                0x000000000000e0c0       0x1c /opt/devkitpro/libnx/lib/libnx.a(fs_dev.o)
 *fill*         0x000000000000e0dc        0x4 
 .text.fsdev_translate_error
                0x000000000000e0e0       0x58 /opt/devkitpro/libnx/lib/libnx.a(fs_dev.o)
 *fill*         0x000000000000e138        0x8 
 .text.fsdev_fsync
                0x000000000000e140       0x40 /opt/devkitpro/libnx/lib/libnx.a(fs_dev.o)
 .text.fsdev_ftruncate
                0x000000000000e180       0x60 /opt/devkitpro/libnx/lib/libnx.a(fs_dev.o)
 .text.fsdev_dirclose
                0x000000000000e1e0       0x20 /opt/devkitpro/libnx/lib/libnx.a(fs_dev.o)
 .text.fsdev_dirnext
                0x000000000000e200      0x16c /opt/devkitpro/libnx/lib/libnx.a(fs_dev.o)
 *fill*         0x000000000000e36c        0x4 
 .text.fsdev_close
                0x000000000000e370       0x1c /opt/devkitpro/libnx/lib/libnx.a(fs_dev.o)
 *fill*         0x000000000000e38c        0x4 
 .text.fsdev_fstat
                0x000000000000e390       0x80 /opt/devkitpro/libnx/lib/libnx.a(fs_dev.o)
 .text.fsdev_seek
                0x000000000000e410       0xb0 /opt/devkitpro/libnx/lib/libnx.a(fs_dev.o)
 .text.fsdev_read
                0x000000000000e4c0      0x198 /opt/devkitpro/libnx/lib/libnx.a(fs_dev.o)
 *fill*         0x000000000000e658        0x8 
 .text.fsdev_write
                0x000000000000e660      0x1a0 /opt/devkitpro/libnx/lib/libnx.a(fs_dev.o)
 .text.fsdevFindDevice
                0x000000000000e800      0x120 /opt/devkitpro/libnx/lib/libnx.a(fs_dev.o)
 .text._fsdevMountDevice
                0x000000000000e920      0x168 /opt/devkitpro/libnx/lib/libnx.a(fs_dev.o)
 *fill*         0x000000000000ea88        0x8 
 .text.fsdev_getfspath
                0x000000000000ea90      0x1fc /opt/devkitpro/libnx/lib/libnx.a(fs_dev.o)
 *fill*         0x000000000000ec8c        0x4 
 .text.fsdev_rmdir
                0x000000000000ec90       0x70 /opt/devkitpro/libnx/lib/libnx.a(fs_dev.o)
 .text.fsdev_statvfs
                0x000000000000ed00       0xd4 /opt/devkitpro/libnx/lib/libnx.a(fs_dev.o)
 *fill*         0x000000000000edd4        0xc 
 .text.fsdev_diropen
                0x000000000000ede0       0xec /opt/devkitpro/libnx/lib/libnx.a(fs_dev.o)
 *fill*         0x000000000000eecc        0x4 
 .text.fsdev_mkdir
                0x000000000000eed0       0x70 /opt/devkitpro/libnx/lib/libnx.a(fs_dev.o)
 .text.fsdev_rename
                0x000000000000ef40      0x114 /opt/devkitpro/libnx/lib/libnx.a(fs_dev.o)
 *fill*         0x000000000000f054        0xc 
 .text.fsdev_chdir
                0x000000000000f060       0xe8 /opt/devkitpro/libnx/lib/libnx.a(fs_dev.o)
 *fill*         0x000000000000f148        0x8 
 .text.fsdev_unlink
                0x000000000000f150       0x70 /opt/devkitpro/libnx/lib/libnx.a(fs_dev.o)
 .text.fsdev_stat
                0x000000000000f1c0      0x168 /opt/devkitpro/libnx/lib/libnx.a(fs_dev.o)
 *fill*         0x000000000000f328        0x8 
 .text.fsdev_open
                0x000000000000f330      0x180 /opt/devkitpro/libnx/lib/libnx.a(fs_dev.o)
 .text._fsdevUnmountDeviceStruct.part.4
                0x000000000000f4b0       0xb8 /opt/devkitpro/libnx/lib/libnx.a(fs_dev.o)
 *fill*         0x000000000000f568        0x8 
 .text.fsdev_fchmod
                0x000000000000f570       0x10 /opt/devkitpro/libnx/lib/libnx.a(fs_dev.o)
 .text.fsdevMountSdmc
                0x000000000000f580      0x158 /opt/devkitpro/libnx/lib/libnx.a(fs_dev.o)
                0x000000000000f580                fsdevMountSdmc
 *fill*         0x000000000000f6d8        0x8 
 .text.fsdevUnmountAll
                0x000000000000f6e0       0x64 /opt/devkitpro/libnx/lib/libnx.a(fs_dev.o)
                0x000000000000f6e0                fsdevUnmountAll
 *fill*         0x000000000000f744        0xc 
 .text.decode_utf8
                0x000000000000f750      0x12c /opt/devkitpro/libnx/lib/libnx.a(decode_utf8.o)
                0x000000000000f750                decode_utf8
 .text.__aarch64_read_tp
                0x000000000000f87c        0xc /opt/devkitpro/libnx/lib/libnx.a(readtp.o)
                0x000000000000f87c                __aarch64_read_tp
 *fill*         0x000000000000f888        0x8 
 .text.tmemCreate
                0x000000000000f890       0xa8 /opt/devkitpro/libnx/lib/libnx.a(tmem.o)
                0x000000000000f890                tmemCreate
 *fill*         0x000000000000f938        0x8 
 .text.tmemUnmap
                0x000000000000f940       0x58 /opt/devkitpro/libnx/lib/libnx.a(tmem.o)
                0x000000000000f940                tmemUnmap
 *fill*         0x000000000000f998        0x8 
 .text.tmemClose
                0x000000000000f9a0       0x68 /opt/devkitpro/libnx/lib/libnx.a(tmem.o)
                0x000000000000f9a0                tmemClose
 *fill*         0x000000000000fa08        0x8 
 .text.ipcCloseObjectById
                0x000000000000fa10       0x34 /opt/devkitpro/libnx/lib/libnx.a(time.o)
 *fill*         0x000000000000fa44        0xc 
 .text._timeGetSession
                0x000000000000fa50      0x12c /opt/devkitpro/libnx/lib/libnx.a(time.o)
 *fill*         0x000000000000fb7c        0x4 
 .text.timeExit
                0x000000000000fb80      0x1ec /opt/devkitpro/libnx/lib/libnx.a(time.o)
                0x000000000000fb80                timeExit
 *fill*         0x000000000000fd6c        0x4 
 .text.timeInitialize
                0x000000000000fd70       0xd8 /opt/devkitpro/libnx/lib/libnx.a(time.o)
                0x000000000000fd70                timeInitialize
 *fill*         0x000000000000fe48        0x8 
 .text.timeGetCurrentTime
                0x000000000000fe50      0x124 /opt/devkitpro/libnx/lib/libnx.a(time.o)
                0x000000000000fe50                timeGetCurrentTime
 *fill*         0x000000000000ff74        0xc 
 .text.nxlinkSetup
                0x000000000000ff80       0xc4 /opt/devkitpro/libnx/lib/libnx.a(nxlink.o)
                0x000000000000ff80                nxlinkSetup
 *fill*         0x0000000000010044        0x4 
 .text._Znwm    0x0000000000010048       0x68 /opt/devkitpro/devkitA64/bin/../lib/gcc/aarch64-none-elf/8.2.0/../../../../aarch64-none-elf/lib/pic/libstdc++.a(new_op.o)
                0x0000000000010048                operator new(unsigned long)
 .text._ZNKSt9bad_alloc4whatEv
                0x00000000000100b0        0xc /opt/devkitpro/devkitA64/bin/../lib/gcc/aarch64-none-elf/8.2.0/../../../../aarch64-none-elf/lib/pic/libstdc++.a(bad_alloc.o)
                0x00000000000100b0                std::bad_alloc::what() const
 *fill*         0x00000000000100bc        0x4 
 .text._ZNSt9bad_allocD2Ev
                0x00000000000100c0       0x14 /opt/devkitpro/devkitA64/bin/../lib/gcc/aarch64-none-elf/8.2.0/../../../../aarch64-none-elf/lib/pic/libstdc++.a(bad_alloc.o)
                0x00000000000100c0                std::bad_alloc::~bad_alloc()
                0x00000000000100c0                std::bad_alloc::~bad_alloc()
 *fill*         0x00000000000100d4        0x4 
 .text._ZNSt9bad_allocD0Ev
                0x00000000000100d8       0x28 /opt/devkitpro/devkitA64/bin/../lib/gcc/aarch64-none-elf/8.2.0/../../../../aarch64-none-elf/lib/pic/libstdc++.a(bad_alloc.o)
                0x00000000000100d8                std::bad_alloc::~bad_alloc()
 .text._ZSt15get_new_handlerv
                0x0000000000010100       0x10 /opt/devkitpro/devkitA64/bin/../lib/gcc/aarch64-none-elf/8.2.0/../../../../aarch64-none-elf/lib/pic/libstdc++.a(new_handler.o)
                0x0000000000010100                std::get_new_handler()
 .text._ZNSt9exceptionD2Ev
                0x0000000000010110        0x4 /opt/devkitpro/devkitA64/bin/../lib/gcc/aarch64-none-elf/8.2.0/../../../../aarch64-none-elf/lib/pic/libstdc++.a(eh_exception.o)
                0x0000000000010110                std::exception::~exception()
                0x0000000000010110                std::exception::~exception()
 *fill*         0x0000000000010114        0x4 
 .text._ZNSt13bad_exceptionD2Ev
                0x0000000000010118       0x14 /opt/devkitpro/devkitA64/bin/../lib/gcc/aarch64-none-elf/8.2.0/../../../../aarch64-none-elf/lib/pic/libstdc++.a(eh_exception.o)
                0x0000000000010118                std::bad_exception::~bad_exception()
                0x0000000000010118                std::bad_exception::~bad_exception()
 *fill*         0x000000000001012c        0x4 
 .text._ZNKSt13bad_exception4whatEv
                0x0000000000010130        0xc /opt/devkitpro/devkitA64/bin/../lib/gcc/aarch64-none-elf/8.2.0/../../../../aarch64-none-elf/lib/pic/libstdc++.a(eh_exception.o)
                0x0000000000010130                std::bad_exception::what() const
 *fill*         0x000000000001013c        0x4 
 .text._ZNSt13bad_exceptionD0Ev
                0x0000000000010140       0x28 /opt/devkitpro/devkitA64/bin/../lib/gcc/aarch64-none-elf/8.2.0/../../../../aarch64-none-elf/lib/pic/libstdc++.a(eh_exception.o)
                0x0000000000010140                std::bad_exception::~bad_exception()
 .text._ZdlPvm  0x0000000000010168        0x4 /opt/devkitpro/devkitA64/bin/../lib/gcc/aarch64-none-elf/8.2.0/../../../../aarch64-none-elf/lib/pic/libstdc++.a(del_ops.o)
                0x0000000000010168                operator delete(void*, unsigned long)
 *fill*         0x000000000001016c        0x4 
 .text._ZL23__gxx_exception_cleanup19_Unwind_Reason_CodeP17_Unwind_Exception
                0x0000000000010170       0x64 /opt/devkitpro/devkitA64/bin/../lib/gcc/aarch64-none-elf/8.2.0/../../../../aarch64-none-elf/lib/pic/libstdc++.a(eh_throw.o)
 *fill*         0x00000000000101d4        0x4 
 .text.__cxa_init_primary_exception
                0x00000000000101d8       0x58 /opt/devkitpro/devkitA64/bin/../lib/gcc/aarch64-none-elf/8.2.0/../../../../aarch64-none-elf/lib/pic/libstdc++.a(eh_throw.o)
                0x00000000000101d8                __cxa_init_primary_exception
 .text.__cxa_throw
                0x0000000000010230       0x54 /opt/devkitpro/devkitA64/bin/../lib/gcc/aarch64-none-elf/8.2.0/../../../../aarch64-none-elf/lib/pic/libstdc++.a(eh_throw.o)
                0x0000000000010230                __cxa_throw
 *fill*         0x0000000000010284        0x4 
 .text.__cxa_rethrow
                0x0000000000010288       0x70 /opt/devkitpro/devkitA64/bin/../lib/gcc/aarch64-none-elf/8.2.0/../../../../aarch64-none-elf/lib/pic/libstdc++.a(eh_throw.o)
                0x0000000000010288                __cxa_rethrow
 .text.__cxa_begin_catch
                0x00000000000102f8       0xa0 /opt/devkitpro/devkitA64/bin/../lib/gcc/aarch64-none-elf/8.2.0/../../../../aarch64-none-elf/lib/pic/libstdc++.a(eh_catch.o)
                0x00000000000102f8                __cxa_begin_catch
 .text.__cxa_end_catch
                0x0000000000010398       0x94 /opt/devkitpro/devkitA64/bin/../lib/gcc/aarch64-none-elf/8.2.0/../../../../aarch64-none-elf/lib/pic/libstdc++.a(eh_catch.o)
                0x0000000000010398                __cxa_end_catch
 *fill*         0x000000000001042c        0x4 
 .text._ZN12_GLOBAL__N_14pool4freeEPv.constprop.4
                0x0000000000010430       0xe8 /opt/devkitpro/devkitA64/bin/../lib/gcc/aarch64-none-elf/8.2.0/../../../../aarch64-none-elf/lib/pic/libstdc++.a(eh_alloc.o)
 .text._ZN12_GLOBAL__N_14pool8allocateEm.constprop.5
                0x0000000000010518       0xa8 /opt/devkitpro/devkitA64/bin/../lib/gcc/aarch64-none-elf/8.2.0/../../../../aarch64-none-elf/lib/pic/libstdc++.a(eh_alloc.o)
 .text.__cxa_allocate_exception
                0x00000000000105c0       0x64 /opt/devkitpro/devkitA64/bin/../lib/gcc/aarch64-none-elf/8.2.0/../../../../aarch64-none-elf/lib/pic/libstdc++.a(eh_alloc.o)
                0x00000000000105c0                __cxa_allocate_exception
 *fill*         0x0000000000010624        0x4 
 .text.__cxa_free_exception
                0x0000000000010628       0x30 /opt/devkitpro/devkitA64/bin/../lib/gcc/aarch64-none-elf/8.2.0/../../../../aarch64-none-elf/lib/pic/libstdc++.a(eh_alloc.o)
                0x0000000000010628                __cxa_free_exception
 .text._ZdlPv   0x0000000000010658        0x4 /opt/devkitpro/devkitA64/bin/../lib/gcc/aarch64-none-elf/8.2.0/../../../../aarch64-none-elf/lib/pic/libstdc++.a(del_op.o)
                0x0000000000010658                operator delete(void*)
 *fill*         0x000000000001065c        0x4 
 .text._ZN10__cxxabiv120__si_class_type_infoD2Ev
                0x0000000000010660       0x14 /opt/devkitpro/devkitA64/bin/../lib/gcc/aarch64-none-elf/8.2.0/../../../../aarch64-none-elf/lib/pic/libstdc++.a(si_class_type_info.o)
                0x0000000000010660                __cxxabiv1::__si_class_type_info::~__si_class_type_info()
                0x0000000000010660                __cxxabiv1::__si_class_type_info::~__si_class_type_info()
 *fill*         0x0000000000010674        0x4 
 .text._ZN10__cxxabiv120__si_class_type_infoD0Ev
                0x0000000000010678       0x28 /opt/devkitpro/devkitA64/bin/../lib/gcc/aarch64-none-elf/8.2.0/../../../../aarch64-none-elf/lib/pic/libstdc++.a(si_class_type_info.o)
                0x0000000000010678                __cxxabiv1::__si_class_type_info::~__si_class_type_info()
 .text._ZNK10__cxxabiv120__si_class_type_info20__do_find_public_srcElPKvPKNS_17__class_type_infoES2_
                0x00000000000106a0       0x80 /opt/devkitpro/devkitA64/bin/../lib/gcc/aarch64-none-elf/8.2.0/../../../../aarch64-none-elf/lib/pic/libstdc++.a(si_class_type_info.o)
                0x00000000000106a0                __cxxabiv1::__si_class_type_info::__do_find_public_src(long, void const*, __cxxabiv1::__class_type_info const*, void const*) const
 .text._ZNK10__cxxabiv120__si_class_type_info12__do_dyncastElNS_17__class_type_info10__sub_kindEPKS1_PKvS4_S6_RNS1_16__dyncast_resultE
                0x0000000000010720      0x13c /opt/devkitpro/devkitA64/bin/../lib/gcc/aarch64-none-elf/8.2.0/../../../../aarch64-none-elf/lib/pic/libstdc++.a(si_class_type_info.o)
                0x0000000000010720                __cxxabiv1::__si_class_type_info::__do_dyncast(long, __cxxabiv1::__class_type_info::__sub_kind, __cxxabiv1::__class_type_info const*, void const*, __cxxabiv1::__class_type_info const*, void const*, __cxxabiv1::__class_type_info::__dyncast_result&) const
 *fill*         0x000000000001085c        0x4 
 .text._ZNK10__cxxabiv120__si_class_type_info11__do_upcastEPKNS_17__class_type_infoEPKvRNS1_15__upcast_resultE
                0x0000000000010860       0x68 /opt/devkitpro/devkitA64/bin/../lib/gcc/aarch64-none-elf/8.2.0/../../../../aarch64-none-elf/lib/pic/libstdc++.a(si_class_type_info.o)
                0x0000000000010860                __cxxabiv1::__si_class_type_info::__do_upcast(__cxxabiv1::__class_type_info const*, void const*, __cxxabiv1::__class_type_info::__upcast_result&) const
 .text._ZSt17__throw_bad_allocv
                0x00000000000108c8       0x34 /opt/devkitpro/devkitA64/bin/../lib/gcc/aarch64-none-elf/8.2.0/../../../../aarch64-none-elf/lib/pic/libstdc++.a(functexcept.o)
                0x00000000000108c8                std::__throw_bad_alloc()
 *fill*         0x00000000000108fc        0x4 
 .text._ZSt19__throw_logic_errorPKc
                0x0000000000010900       0x54 /opt/devkitpro/devkitA64/bin/../lib/gcc/aarch64-none-elf/8.2.0/../../../../aarch64-none-elf/lib/pic/libstdc++.a(functexcept.o)
                0x0000000000010900                std::__throw_logic_error(char const*)
 *fill*         0x0000000000010954        0x4 
 .text._ZSt20__throw_length_errorPKc
                0x0000000000010958       0x54 /opt/devkitpro/devkitA64/bin/../lib/gcc/aarch64-none-elf/8.2.0/../../../../aarch64-none-elf/lib/pic/libstdc++.a(functexcept.o)
                0x0000000000010958                std::__throw_length_error(char const*)
 *fill*         0x00000000000109ac        0x4 
 .text._ZSt24__throw_out_of_range_fmtPKcz
                0x00000000000109b0       0xd8 /opt/devkitpro/devkitA64/bin/../lib/gcc/aarch64-none-elf/8.2.0/../../../../aarch64-none-elf/lib/pic/libstdc++.a(functexcept.o)
                0x00000000000109b0                std::__throw_out_of_range_fmt(char const*, ...)
 .text._ZNKSt8__detail20_Prime_rehash_policy11_M_next_bktEm
                0x0000000000010a88      0x118 /opt/devkitpro/devkitA64/bin/../lib/gcc/aarch64-none-elf/8.2.0/../../../../aarch64-none-elf/lib/pic/libstdc++.a(hashtable_c++0x.o)
                0x0000000000010a88                std::__detail::_Prime_rehash_policy::_M_next_bkt(unsigned long) const
 .text._ZNKSt8__detail20_Prime_rehash_policy14_M_need_rehashEmmm
                0x0000000000010ba0      0x100 /opt/devkitpro/devkitA64/bin/../lib/gcc/aarch64-none-elf/8.2.0/../../../../aarch64-none-elf/lib/pic/libstdc++.a(hashtable_c++0x.o)
                0x0000000000010ba0                std::__detail::_Prime_rehash_policy::_M_need_rehash(unsigned long, unsigned long, unsigned long) const
 .text.__cxa_get_globals_fast
                0x0000000000010ca0        0xc /opt/devkitpro/devkitA64/bin/../lib/gcc/aarch64-none-elf/8.2.0/../../../../aarch64-none-elf/lib/pic/libstdc++.a(eh_globals.o)
                0x0000000000010ca0                __cxa_get_globals_fast
 *fill*         0x0000000000010cac        0x4 
 .text.__cxa_get_globals
                0x0000000000010cb0        0xc /opt/devkitpro/devkitA64/bin/../lib/gcc/aarch64-none-elf/8.2.0/../../../../aarch64-none-elf/lib/pic/libstdc++.a(eh_globals.o)
                0x0000000000010cb0                __cxa_get_globals
 *fill*         0x0000000000010cbc        0x4 
 .text._ZN10__cxxabiv111__terminateEPFvvE
                0x0000000000010cc0       0x3c /opt/devkitpro/devkitA64/bin/../lib/gcc/aarch64-none-elf/8.2.0/../../../../aarch64-none-elf/lib/pic/libstdc++.a(eh_terminate.o)
                0x0000000000010cc0                __cxxabiv1::__terminate(void (*)())
 *fill*         0x0000000000010cfc        0x4 
 .text._ZSt13get_terminatev
                0x0000000000010d00       0x10 /opt/devkitpro/devkitA64/bin/../lib/gcc/aarch64-none-elf/8.2.0/../../../../aarch64-none-elf/lib/pic/libstdc++.a(eh_terminate.o)
                0x0000000000010d00                std::get_terminate()
 .text._ZSt9terminatev
                0x0000000000010d10       0x10 /opt/devkitpro/devkitA64/bin/../lib/gcc/aarch64-none-elf/8.2.0/../../../../aarch64-none-elf/lib/pic/libstdc++.a(eh_terminate.o)
                0x0000000000010d10                std::terminate()
 .text._ZN10__cxxabiv112__unexpectedEPFvvE
                0x0000000000010d20       0x10 /opt/devkitpro/devkitA64/bin/../lib/gcc/aarch64-none-elf/8.2.0/../../../../aarch64-none-elf/lib/pic/libstdc++.a(eh_terminate.o)
                0x0000000000010d20                __cxxabiv1::__unexpected(void (*)())
 .text._ZSt14get_unexpectedv
                0x0000000000010d30       0x10 /opt/devkitpro/devkitA64/bin/../lib/gcc/aarch64-none-elf/8.2.0/../../../../aarch64-none-elf/lib/pic/libstdc++.a(eh_terminate.o)
                0x0000000000010d30                std::get_unexpected()
 .text._ZSt10unexpectedv
                0x0000000000010d40       0x10 /opt/devkitpro/devkitA64/bin/../lib/gcc/aarch64-none-elf/8.2.0/../../../../aarch64-none-elf/lib/pic/libstdc++.a(eh_terminate.o)
                0x0000000000010d40                std::unexpected()
 .text._ZNSt9type_infoD2Ev
                0x0000000000010d50        0x4 /opt/devkitpro/devkitA64/bin/../lib/gcc/aarch64-none-elf/8.2.0/../../../../aarch64-none-elf/lib/pic/libstdc++.a(tinfo.o)
                0x0000000000010d50                std::type_info::~type_info()
                0x0000000000010d50                std::type_info::~type_info()
 *fill*         0x0000000000010d54        0x4 
 .text._ZNKSt9type_info14__is_pointer_pEv
                0x0000000000010d58        0x8 /opt/devkitpro/devkitA64/bin/../lib/gcc/aarch64-none-elf/8.2.0/../../../../aarch64-none-elf/lib/pic/libstdc++.a(tinfo.o)
                0x0000000000010d58                std::type_info::__is_function_p() const
                0x0000000000010d58                std::type_info::__is_pointer_p() const
 .text._ZL16get_adjusted_ptrPKSt9type_infoS1_PPv
                0x0000000000010d60       0x84 /opt/devkitpro/devkitA64/bin/../lib/gcc/aarch64-none-elf/8.2.0/../../../../aarch64-none-elf/lib/pic/libstdc++.a(eh_personality.o)
 *fill*         0x0000000000010de4        0x4 
 .text._ZL28read_encoded_value_with_basehmPKhPm
                0x0000000000010de8      0x15c /opt/devkitpro/devkitA64/bin/../lib/gcc/aarch64-none-elf/8.2.0/../../../../aarch64-none-elf/lib/pic/libstdc++.a(eh_personality.o)
 *fill*         0x0000000000010f44        0x4 
 .text._ZL15get_ttype_entryP16lsda_header_infom
                0x0000000000010f48       0xc0 /opt/devkitpro/devkitA64/bin/../lib/gcc/aarch64-none-elf/8.2.0/../../../../aarch64-none-elf/lib/pic/libstdc++.a(eh_personality.o)
 .text._ZL20check_exception_specP16lsda_header_infoPKSt9type_infoPvl
                0x0000000000011008       0x94 /opt/devkitpro/devkitA64/bin/../lib/gcc/aarch64-none-elf/8.2.0/../../../../aarch64-none-elf/lib/pic/libstdc++.a(eh_personality.o)
 *fill*         0x000000000001109c        0x4 
 .text._ZL21base_of_encoded_valuehP15_Unwind_Context
                0x00000000000110a0       0x6c /opt/devkitpro/devkitA64/bin/../lib/gcc/aarch64-none-elf/8.2.0/../../../../aarch64-none-elf/lib/pic/libstdc++.a(eh_personality.o)
 *fill*         0x000000000001110c        0x4 
 .text._ZL17parse_lsda_headerP15_Unwind_ContextPKhP16lsda_header_info
                0x0000000000011110      0x108 /opt/devkitpro/devkitA64/bin/../lib/gcc/aarch64-none-elf/8.2.0/../../../../aarch64-none-elf/lib/pic/libstdc++.a(eh_personality.o)
 .text.__gxx_personality_v0
                0x0000000000011218      0x4dc /opt/devkitpro/devkitA64/bin/../lib/gcc/aarch64-none-elf/8.2.0/../../../../aarch64-none-elf/lib/pic/libstdc++.a(eh_personality.o)
                0x0000000000011218                __gxx_personality_v0
 *fill*         0x00000000000116f4        0x4 
 .text.__cxa_call_unexpected
                0x00000000000116f8       0xf0 /opt/devkitpro/devkitA64/bin/../lib/gcc/aarch64-none-elf/8.2.0/../../../../aarch64-none-elf/lib/pic/libstdc++.a(eh_personality.o)
                0x00000000000116f8                __cxa_call_unexpected
 .text._ZNK10__cxxabiv117__class_type_info11__do_upcastEPKS0_PPv
                0x00000000000117e8       0x6c /opt/devkitpro/devkitA64/bin/../lib/gcc/aarch64-none-elf/8.2.0/../../../../aarch64-none-elf/lib/pic/libstdc++.a(class_type_info.o)
                0x00000000000117e8                __cxxabiv1::__class_type_info::__do_upcast(__cxxabiv1::__class_type_info const*, void**) const
 *fill*         0x0000000000011854        0x4 
 .text._ZNK10__cxxabiv117__class_type_info20__do_find_public_srcElPKvPKS0_S2_
                0x0000000000011858       0x10 /opt/devkitpro/devkitA64/bin/../lib/gcc/aarch64-none-elf/8.2.0/../../../../aarch64-none-elf/lib/pic/libstdc++.a(class_type_info.o)
                0x0000000000011858                __cxxabiv1::__class_type_info::__do_find_public_src(long, void const*, __cxxabiv1::__class_type_info const*, void const*) const
 .text._ZN10__cxxabiv117__class_type_infoD2Ev
                0x0000000000011868       0x14 /opt/devkitpro/devkitA64/bin/../lib/gcc/aarch64-none-elf/8.2.0/../../../../aarch64-none-elf/lib/pic/libstdc++.a(class_type_info.o)
                0x0000000000011868                __cxxabiv1::__class_type_info::~__class_type_info()
                0x0000000000011868                __cxxabiv1::__class_type_info::~__class_type_info()
 *fill*         0x000000000001187c        0x4 
 .text._ZN10__cxxabiv117__class_type_infoD0Ev
                0x0000000000011880       0x28 /opt/devkitpro/devkitA64/bin/../lib/gcc/aarch64-none-elf/8.2.0/../../../../aarch64-none-elf/lib/pic/libstdc++.a(class_type_info.o)
                0x0000000000011880                __cxxabiv1::__class_type_info::~__class_type_info()
 .text._ZNK10__cxxabiv117__class_type_info12__do_dyncastElNS0_10__sub_kindEPKS0_PKvS3_S5_RNS0_16__dyncast_resultE
                0x00000000000118a8       0xd4 /opt/devkitpro/devkitA64/bin/../lib/gcc/aarch64-none-elf/8.2.0/../../../../aarch64-none-elf/lib/pic/libstdc++.a(class_type_info.o)
                0x00000000000118a8                __cxxabiv1::__class_type_info::__do_dyncast(long, __cxxabiv1::__class_type_info::__sub_kind, __cxxabiv1::__class_type_info const*, void const*, __cxxabiv1::__class_type_info const*, void const*, __cxxabiv1::__class_type_info::__dyncast_result&) const
 *fill*         0x000000000001197c        0x4 
 .text._ZNK10__cxxabiv117__class_type_info11__do_upcastEPKS0_PKvRNS0_15__upcast_resultE
                0x0000000000011980       0x68 /opt/devkitpro/devkitA64/bin/../lib/gcc/aarch64-none-elf/8.2.0/../../../../aarch64-none-elf/lib/pic/libstdc++.a(class_type_info.o)
                0x0000000000011980                __cxxabiv1::__class_type_info::__do_upcast(__cxxabiv1::__class_type_info const*, void const*, __cxxabiv1::__class_type_info::__upcast_result&) const
 .text._ZNK10__cxxabiv117__class_type_info10__do_catchEPKSt9type_infoPPvj
                0x00000000000119e8       0xa8 /opt/devkitpro/devkitA64/bin/../lib/gcc/aarch64-none-elf/8.2.0/../../../../aarch64-none-elf/lib/pic/libstdc++.a(class_type_info.o)
                0x00000000000119e8                __cxxabiv1::__class_type_info::__do_catch(std::type_info const*, void**, unsigned int) const
 .text._ZNKSt11logic_error4whatEv
                0x0000000000011a90        0x8 /opt/devkitpro/devkitA64/bin/../lib/gcc/aarch64-none-elf/8.2.0/../../../../aarch64-none-elf/lib/pic/libstdc++.a(stdexcept.o)
                0x0000000000011a90                std::logic_error::what() const
 .text._ZNSt11logic_errorD2Ev
                0x0000000000011a98       0x6c /opt/devkitpro/devkitA64/bin/../lib/gcc/aarch64-none-elf/8.2.0/../../../../aarch64-none-elf/lib/pic/libstdc++.a(stdexcept.o)
                0x0000000000011a98                std::logic_error::~logic_error()
                0x0000000000011a98                std::logic_error::~logic_error()
 *fill*         0x0000000000011b04        0x4 
 .text._ZNSt11logic_errorD0Ev
                0x0000000000011b08       0x24 /opt/devkitpro/devkitA64/bin/../lib/gcc/aarch64-none-elf/8.2.0/../../../../aarch64-none-elf/lib/pic/libstdc++.a(stdexcept.o)
                0x0000000000011b08                std::logic_error::~logic_error()
 *fill*         0x0000000000011b2c        0x4 
 .text._ZNSt12length_errorD2Ev
                0x0000000000011b30       0x14 /opt/devkitpro/devkitA64/bin/../lib/gcc/aarch64-none-elf/8.2.0/../../../../aarch64-none-elf/lib/pic/libstdc++.a(stdexcept.o)
                0x0000000000011b30                std::length_error::~length_error()
                0x0000000000011b30                std::length_error::~length_error()
 *fill*         0x0000000000011b44        0x4 
 .text._ZNSt12length_errorD0Ev
                0x0000000000011b48       0x24 /opt/devkitpro/devkitA64/bin/../lib/gcc/aarch64-none-elf/8.2.0/../../../../aarch64-none-elf/lib/pic/libstdc++.a(stdexcept.o)
                0x0000000000011b48                std::length_error::~length_error()
 *fill*         0x0000000000011b6c        0x4 
 .text._ZNSt12out_of_rangeD2Ev
                0x0000000000011b70       0x14 /opt/devkitpro/devkitA64/bin/../lib/gcc/aarch64-none-elf/8.2.0/../../../../aarch64-none-elf/lib/pic/libstdc++.a(stdexcept.o)
                0x0000000000011b70                std::out_of_range::~out_of_range()
                0x0000000000011b70                std::out_of_range::~out_of_range()
 *fill*         0x0000000000011b84        0x4 
 .text._ZNSt12out_of_rangeD0Ev
                0x0000000000011b88       0x24 /opt/devkitpro/devkitA64/bin/../lib/gcc/aarch64-none-elf/8.2.0/../../../../aarch64-none-elf/lib/pic/libstdc++.a(stdexcept.o)
                0x0000000000011b88                std::out_of_range::~out_of_range()
 *fill*         0x0000000000011bac        0x4 
 .text._ZNSt11logic_errorC2EPKc
                0x0000000000011bb0       0x48 /opt/devkitpro/devkitA64/bin/../lib/gcc/aarch64-none-elf/8.2.0/../../../../aarch64-none-elf/lib/pic/libstdc++.a(cow-stdexcept.o)
                0x0000000000011bb0                std::logic_error::logic_error(char const*)
                0x0000000000011bb0                std::logic_error::logic_error(char const*)
 .text._ZNSt12length_errorC2EPKc
                0x0000000000011bf8       0x30 /opt/devkitpro/devkitA64/bin/../lib/gcc/aarch64-none-elf/8.2.0/../../../../aarch64-none-elf/lib/pic/libstdc++.a(cow-stdexcept.o)
                0x0000000000011bf8                std::length_error::length_error(char const*)
                0x0000000000011bf8                std::length_error::length_error(char const*)
 .text._ZNSt12out_of_rangeC2EPKc
                0x0000000000011c28       0x30 /opt/devkitpro/devkitA64/bin/../lib/gcc/aarch64-none-elf/8.2.0/../../../../aarch64-none-elf/lib/pic/libstdc++.a(cow-stdexcept.o)
                0x0000000000011c28                std::out_of_range::out_of_range(char const*)
                0x0000000000011c28                std::out_of_range::out_of_range(char const*)
 .text._ZN9__gnu_cxx26__throw_insufficient_spaceEPKcS1_
                0x0000000000011c58       0x74 /opt/devkitpro/devkitA64/bin/../lib/gcc/aarch64-none-elf/8.2.0/../../../../aarch64-none-elf/lib/pic/libstdc++.a(snprintf_lite.o)
                0x0000000000011c58                __gnu_cxx::__throw_insufficient_space(char const*, char const*)
 *fill*         0x0000000000011ccc        0x4 
 .text._ZN9__gnu_cxx15__concat_size_tEPcmm
                0x0000000000011cd0       0x8c /opt/devkitpro/devkitA64/bin/../lib/gcc/aarch64-none-elf/8.2.0/../../../../aarch64-none-elf/lib/pic/libstdc++.a(snprintf_lite.o)
                0x0000000000011cd0                __gnu_cxx::__concat_size_t(char*, unsigned long, unsigned long)
 *fill*         0x0000000000011d5c        0x4 
 .text._ZN9__gnu_cxx15__snprintf_liteEPcmPKcSt9__va_list
                0x0000000000011d60      0x188 /opt/devkitpro/devkitA64/bin/../lib/gcc/aarch64-none-elf/8.2.0/../../../../aarch64-none-elf/lib/pic/libstdc++.a(snprintf_lite.o)
                0x0000000000011d60                __gnu_cxx::__snprintf_lite(char*, unsigned long, char const*, std::__va_list)
 .text._ZNSs4_Rep9_S_createEmmRKSaIcE
                0x0000000000011ee8       0x84 /opt/devkitpro/devkitA64/bin/../lib/gcc/aarch64-none-elf/8.2.0/../../../../aarch64-none-elf/lib/pic/libstdc++.a(cow-string-inst.o)
                0x0000000000011ee8                std::string::_Rep::_S_create(unsigned long, unsigned long, std::allocator<char> const&)
 *fill*         0x0000000000011f6c        0x4 
 .text._ZNSs12_S_constructIPcEES0_T_S1_RKSaIcESt20forward_iterator_tag.part.22
                0x0000000000011f70       0x98 /opt/devkitpro/devkitA64/bin/../lib/gcc/aarch64-none-elf/8.2.0/../../../../aarch64-none-elf/lib/pic/libstdc++.a(cow-string-inst.o)
 .text._ZNSs4_Rep10_M_destroyERKSaIcE
                0x0000000000012008        0x4 /opt/devkitpro/devkitA64/bin/../lib/gcc/aarch64-none-elf/8.2.0/../../../../aarch64-none-elf/lib/pic/libstdc++.a(cow-string-inst.o)
                0x0000000000012008                std::string::_Rep::_M_destroy(std::allocator<char> const&)
 *fill*         0x000000000001200c        0x4 
 .text._ZNSs12_S_constructIPKcEEPcT_S3_RKSaIcESt20forward_iterator_tag
                0x0000000000012010       0x34 /opt/devkitpro/devkitA64/bin/../lib/gcc/aarch64-none-elf/8.2.0/../../../../aarch64-none-elf/lib/pic/libstdc++.a(cow-string-inst.o)
                0x0000000000012010                char* std::string::_S_construct<char const*>(char const*, char const*, std::allocator<char> const&, std::forward_iterator_tag)
 *fill*         0x0000000000012044        0x4 
 .text._ZNSsC2EPKcRKSaIcE
                0x0000000000012048       0x4c /opt/devkitpro/devkitA64/bin/../lib/gcc/aarch64-none-elf/8.2.0/../../../../aarch64-none-elf/lib/pic/libstdc++.a(cow-string-inst.o)
                0x0000000000012048                std::basic_string<char, std::char_traits<char>, std::allocator<char> >::basic_string(char const*, std::allocator<char> const&)
                0x0000000000012048                std::basic_string<char, std::char_traits<char>, std::allocator<char> >::basic_string(char const*, std::allocator<char> const&)
 *fill*         0x0000000000012094        0x4 
 .text.__cxa_call_terminate
                0x0000000000012098       0x44 /opt/devkitpro/devkitA64/bin/../lib/gcc/aarch64-none-elf/8.2.0/../../../../aarch64-none-elf/lib/pic/libstdc++.a(eh_call.o)
                0x0000000000012098                __cxa_call_terminate
 *fill*         0x00000000000120dc        0x4 
 .text.__divtf3
                0x00000000000120e0      0x9d4 /opt/devkitpro/devkitA64/bin/../lib/gcc/aarch64-none-elf/8.2.0/pic/libgcc.a(divtf3.o)
                0x00000000000120e0                __divtf3
 *fill*         0x0000000000012ab4        0x4 
 .text.__letf2  0x0000000000012ab8      0x148 /opt/devkitpro/devkitA64/bin/../lib/gcc/aarch64-none-elf/8.2.0/pic/libgcc.a(letf2.o)
                0x0000000000012ab8                __letf2
                0x0000000000012ab8                __lttf2
 .text.__multf3
                0x0000000000012c00      0x79c /opt/devkitpro/devkitA64/bin/../lib/gcc/aarch64-none-elf/8.2.0/pic/libgcc.a(multf3.o)
                0x0000000000012c00                __multf3
 *fill*         0x000000000001339c        0x4 
 .text.__floatsitf
                0x00000000000133a0       0x7c /opt/devkitpro/devkitA64/bin/../lib/gcc/aarch64-none-elf/8.2.0/pic/libgcc.a(floatsitf.o)
                0x00000000000133a0                __floatsitf
 *fill*         0x000000000001341c        0x4 
 .text.__floatunditf
                0x0000000000013420       0xb0 /opt/devkitpro/devkitA64/bin/../lib/gcc/aarch64-none-elf/8.2.0/pic/libgcc.a(floatunditf.o)
                0x0000000000013420                __floatunditf
 .text.__extendsftf2
                0x00000000000134d0      0x13c /opt/devkitpro/devkitA64/bin/../lib/gcc/aarch64-none-elf/8.2.0/pic/libgcc.a(extendsftf2.o)
                0x00000000000134d0                __extendsftf2
 *fill*         0x000000000001360c        0x4 