Archive member included to satisfy reference by file (symbol)

/opt/devkitpro/libnx/lib/libnx.a(applet.o)
                              main.o (appletMainLoop)
/opt/devkitpro/libnx/lib/libnx.a(acc.o)
                              main.o (accountInitialize)
/opt/devkitpro/libnx/lib/libnx.a(hid.o)
                              main.o (hidKeysDown)
/opt/devkitpro/libnx/lib/libnx.a(ns.o)
                              main.o (nsInitialize)
/opt/devkitpro/libnx/lib/libnx.a(apm.o)
                              /opt/devkitpro/libnx/lib/libnx.a(applet.o) (apmExit)
/opt/devkitpro/libnx/lib/libnx.a(sm.o)
                              /opt/devkitpro/libnx/lib/libnx.a(applet.o) (smGetService)
/opt/devkitpro/libnx/lib/libnx.a(fatal.o)
                              /opt/devkitpro/libnx/lib/libnx.a(applet.o) (fatalSimple)
/opt/devkitpro/libnx/lib/libnx.a(fs.o)
                              main.o (fsInitialize)
/opt/devkitpro/libnx/lib/libnx.a(gfx.o)
                              main.o (gfxInitDefault)
/opt/devkitpro/libnx/lib/libnx.a(nvgfx.o)
                              /opt/devkitpro/libnx/lib/libnx.a(gfx.o) (nvgfxInitialize)
/opt/devkitpro/libnx/lib/libnx.a(nacp.o)
                              SaveDataRepository.o (nacpGetLanguageEntry)
/opt/devkitpro/libnx/lib/libnx.a(console.o)
                              main.o (consoleInit)
/opt/devkitpro/libnx/lib/libnx.a(cache.o)
                              /opt/devkitpro/libnx/lib/libnx.a(gfx.o) (armDCacheFlush)
/opt/devkitpro/libnx/lib/libnx.a(svc.o)
                              /opt/devkitpro/libnx/lib/libnx.a(fatal.o) (svcExitProcess)
/opt/devkitpro/libnx/lib/libnx.a(switch_crt0.o)
                              (_start)
/opt/devkitpro/libnx/lib/libnx.a(default_font.bin.o)
                              /opt/devkitpro/libnx/lib/libnx.a(console.o) (default_font_bin)
/opt/devkitpro/libnx/lib/libnx.a(detect.o)
                              /opt/devkitpro/libnx/lib/libnx.a(applet.o) (kernelAbove200)
/opt/devkitpro/libnx/lib/libnx.a(shmem.o)
                              /opt/devkitpro/libnx/lib/libnx.a(hid.o) (shmemLoadRemote)
/opt/devkitpro/libnx/lib/libnx.a(rwlock.o)
                              /opt/devkitpro/libnx/lib/libnx.a(hid.o) (rwlockReadLock)
/opt/devkitpro/libnx/lib/libnx.a(mutex.o)
                              /opt/devkitpro/libnx/lib/libnx.a(detect.o) (mutexLock)
/opt/devkitpro/libnx/lib/libnx.a(virtmem.o)
                              /opt/devkitpro/libnx/lib/libnx.a(shmem.o) (virtmemReserve)
/opt/devkitpro/libnx/lib/libnx.a(event.o)
                              /opt/devkitpro/libnx/lib/libnx.a(gfx.o) (eventWait)
/opt/devkitpro/libnx/lib/libnx.a(nv.o)
                              /opt/devkitpro/libnx/lib/libnx.a(gfx.o) (nvExit)
/opt/devkitpro/libnx/lib/libnx.a(vi.o)
                              /opt/devkitpro/libnx/lib/libnx.a(gfx.o) (viExit)
/opt/devkitpro/libnx/lib/libnx.a(set.o)
                              /opt/devkitpro/libnx/lib/libnx.a(nacp.o) (setInitialize)
/opt/devkitpro/libnx/lib/libnx.a(fence.o)
                              /opt/devkitpro/libnx/lib/libnx.a(gfx.o) (nvFenceInit)
/opt/devkitpro/libnx/lib/libnx.a(nvhost-ctrl.o)
                              /opt/devkitpro/libnx/lib/libnx.a(fence.o) (nvioctlNvhostCtrl_EventSignal)
/opt/devkitpro/libnx/lib/libnx.a(nvmap.o)
                              /opt/devkitpro/libnx/lib/libnx.a(nvgfx.o) (nvioctlNvmap_Create)
/opt/devkitpro/libnx/lib/libnx.a(buffer_producer.o)
                              /opt/devkitpro/libnx/lib/libnx.a(gfx.o) (bqRequestBuffer)
/opt/devkitpro/libnx/lib/libnx.a(binder.o)
                              /opt/devkitpro/libnx/lib/libnx.a(gfx.o) (binderCreate)
/opt/devkitpro/libnx/lib/libnx.a(parcel.o)
                              /opt/devkitpro/libnx/lib/libnx.a(buffer_producer.o) (parcelCreate)
/opt/devkitpro/libnx/lib/libnx.a(dynamic.o)
                              /opt/devkitpro/libnx/lib/libnx.a(switch_crt0.o) (__nx_dynamic)
/opt/devkitpro/libnx/lib/libnx.a(init.o)
                              /opt/devkitpro/libnx/lib/libnx.a(switch_crt0.o) (__libnx_init)
/opt/devkitpro/libnx/lib/libnx.a(env.o)
                              /opt/devkitpro/libnx/lib/libnx.a(init.o) (envSetup)
/opt/devkitpro/libnx/lib/libnx.a(newlib.o)
                              /opt/devkitpro/libnx/lib/libnx.a(init.o) (__libnx_init_time)
/opt/devkitpro/libnx/lib/libnx.a(argv.o)
                              /opt/devkitpro/libnx/lib/libnx.a(init.o) (argvSetup)
/opt/devkitpro/libnx/lib/libnx.a(fs_dev.o)
                              /opt/devkitpro/libnx/lib/libnx.a(init.o) (fsdevMountSdmc)
/opt/devkitpro/libnx/lib/libnx.a(decode_utf8.o)
                              /opt/devkitpro/libnx/lib/libnx.a(fs_dev.o) (decode_utf8)
/opt/devkitpro/libnx/lib/libnx.a(readtp.o)
                              /opt/devkitpro/libnx/lib/libnx.a(fs_dev.o) (__aarch64_read_tp)
/opt/devkitpro/libnx/lib/libnx.a(tmem.o)
                              /opt/devkitpro/libnx/lib/libnx.a(nv.o) (tmemCreate)
[...]
Memory Configuration

Name             Origin             Length             Attributes
*default*        0x0000000000000000 0xffffffffffffffff

Linker script and memory map

                0x0000000000000000                PROVIDE (__start__ = 0x0)
                0x0000000000000000                . = __start__

.crt0           0x0000000000000000      0x130
 *(.crt0)
 .crt0          0x0000000000000000      0x130 /opt/devkitpro/libnx/lib/libnx.a(switch_crt0.o)
                0x0000000000000000                _start
                0x0000000000000104                __nx_exit
                0x0000000000000114                __nx_mod0
                0x0000000000000130                . = ALIGN (0x8)

.init           0x0000000000000130       0x38
 *(.init)
 .init          0x0000000000000130       0x18 /opt/devkitpro/devkitA64/bin/../lib/gcc/aarch64-none-elf/8.2.0/pic/crti.o
                0x0000000000000130                _init
 .init          0x0000000000000148       0x1c /opt/devkitpro/devkitA64/bin/../lib/gcc/aarch64-none-elf/8.2.0/pic/crtn.o
                0x0000000000000168                . = ALIGN (0x8)
 *fill*         0x0000000000000164        0x4 

.plt            0x0000000000000168        0x0
 *(.plt)
 .plt           0x0000000000000168        0x0 /opt/devkitpro/devkitA64/bin/../lib/gcc/aarch64-none-elf/8.2.0/pic/crti.o
 *(.iplt)
                0x0000000000000168                . = ALIGN (0x8)

.text           0x0000000000000180    0x2d678
 *(.text.unlikely .text.*_unlikely .text.unlikely.*)
 *(.text.exit .text.exit.*)
 .text.exit     0x0000000000000180       0x38 /opt/devkitpro/devkitA64/bin/../lib/gcc/aarch64-none-elf/8.2.0/../../../../aarch64-none-elf/lib/pic/libg.a(lib_a-exit.o)
                0x0000000000000180                exit
 *(.text.startup .text.startup.*)
 *fill*         0x00000000000001b8        0x8 
 .text.startup.main
                0x00000000000001c0      0x338 main.o
                0x00000000000001c0                main
 .text.startup._GLOBAL__sub_I_eh_alloc.cc
                0x00000000000004f8       0x4c /opt/devkitpro/devkitA64/bin/../lib/gcc/aarch64-none-elf/8.2.0/../../../../aarch64-none-elf/lib/pic/libstdc++.a(eh_alloc.o)
 *(.text.hot .text.hot.*)
 *(.text .stub .text.* .gnu.linkonce.t.*)
 *fill*         0x0000000000000544        0x4 
 .text.deregister_tm_clones
                0x0000000000000548       0x2c /opt/devkitpro/devkitA64/bin/../lib/gcc/aarch64-none-elf/8.2.0/pic/crtbegin.o
 *fill*         0x0000000000000574        0x4 
 .text.register_tm_clones
                0x0000000000000578       0x38 /opt/devkitpro/devkitA64/bin/../lib/gcc/aarch64-none-elf/8.2.0/pic/crtbegin.o
 .text.__do_global_dtors_aux
                0x00000000000005b0       0x48 /opt/devkitpro/devkitA64/bin/../lib/gcc/aarch64-none-elf/8.2.0/pic/crtbegin.o
 .text.frame_dummy
                0x00000000000005f8       0x34 /opt/devkitpro/devkitA64/bin/../lib/gcc/aarch64-none-elf/8.2.0/pic/crtbegin.o
 *fill*         0x000000000000062c        0x4 
 .text._ZN7AccountC2Eoi
                0x0000000000000630       0xf0 Account.o
                0x0000000000000630                Account::Account(unsigned __int128, int)
                0x0000000000000630                Account::Account(unsigned __int128, int)
 .text._ZN7AccountD2Ev
                0x0000000000000720        0x4 Account.o
                0x0000000000000720                Account::~Account()
                0x0000000000000720                Account::~Account()
 *fill*         0x0000000000000724        0xc 
 .text._ZN7Account9getUserIdEv
                0x0000000000000730        0x8 Account.o
                0x0000000000000730                Account::getUserId()
 *fill*         0x0000000000000738        0x8 
 .text._ZN7Account11getUsernameEv
                0x0000000000000740        0x8 Account.o
                0x0000000000000740                Account::getUsername()
 *fill*         0x0000000000000748        0x8 
 .text._ZN17AccountRepository16getNumberOfUsersEv
                0x0000000000000750        0x8 AccountRepository.o
                0x0000000000000750                AccountRepository::getNumberOfUsers()
 *fill*         0x0000000000000758        0x8 
 .text._ZN17AccountRepository17getAccountByIndexEi
                0x0000000000000760       0x74 AccountRepository.o
                0x0000000000000760                AccountRepository::getAccountByIndex(int)
 *fill*         0x00000000000007d4        0xc 
 .text._ZNSt6vectorI7AccountSaIS0_EE17_M_realloc_insertIJRKS0_EEEvN9__gnu_cxx17__normal_iteratorIPS0_S2_EEDpOT_
                0x00000000000007e0      0x210 AccountRepository.o
                0x00000000000007e0                void std::vector<Account, std::allocator<Account> >::_M_realloc_insert<Account const&>(__gnu_cxx::__normal_iterator<Account*, std::vector<Account, std::allocator<Account> > >, Account const&)
 .text._ZN17AccountRepository4initEv
                0x00000000000009f0      0x11c AccountRepository.o
                0x00000000000009f0                AccountRepository::init()
 *fill*         0x0000000000000b0c        0x4 
 .text._ZN17AccountRepositoryC2Ev
                0x0000000000000b10        0xc AccountRepository.o
                0x0000000000000b10                AccountRepository::AccountRepository()
                0x0000000000000b10                AccountRepository::AccountRepository()
 *fill*         0x0000000000000b1c        0x4 
 .text._ZN8SaveDataC2EomPcS0_m
                0x0000000000000b20       0x44 SaveData.o
                0x0000000000000b20                SaveData::SaveData(unsigned __int128, unsigned long, char*, char*, unsigned long)
                0x0000000000000b20                SaveData::SaveData(unsigned __int128, unsigned long, char*, char*, unsigned long)
 *fill*         0x0000000000000b64        0xc 
 .text._ZN8SaveData7getNameEv
                0x0000000000000b70        0x8 SaveData.o
                0x0000000000000b70                SaveData::getName()
 *fill*         0x0000000000000b78        0x8 
 .text._ZN8SaveData9getAuthorEv
                0x0000000000000b80        0x8 SaveData.o
                0x0000000000000b80                SaveData::getAuthor()
 *fill*         0x0000000000000b88        0x8 
 .text._ZN8SaveData25getApplicationControlDataEv
                0x0000000000000b90       0x68 SaveData.o
                0x0000000000000b90                SaveData::getApplicationControlData()
 *fill*         0x0000000000000bf8        0x8 
 .text._ZN8SaveData12getImageSizeEv
                0x0000000000000c00        0x8 SaveData.o
                0x0000000000000c00                SaveData::getImageSize()
 *fill*         0x0000000000000c08        0x8 
 .text._ZN18SaveDataRepository16getSavesByUserIdEo
                0x0000000000000c10       0x74 SaveDataRepository.o
                0x0000000000000c10                SaveDataRepository::getSavesByUserId(unsigned __int128)
 *fill*         0x0000000000000c84        0xc 
 .text._ZN18SaveDataRepository24getNumberOfSavesByUserIdEo
                0x0000000000000c90       0x8c SaveDataRepository.o
                0x0000000000000c90                SaveDataRepository::getNumberOfSavesByUserId(unsigned __int128)
 *fill*         0x0000000000000d1c        0x4 
 .text._ZNSt6vectorI8SaveDataSaIS0_EE17_M_realloc_insertIJRKS0_EEEvN9__gnu_cxx17__normal_iteratorIPS0_S2_EEDpOT_
                0x0000000000000d20      0x1c0 SaveDataRepository.o
                0x0000000000000d20                void std::vector<SaveData, std::allocator<SaveData> >::_M_realloc_insert<SaveData const&>(__gnu_cxx::__normal_iterator<SaveData*, std::vector<SaveData, std::allocator<SaveData> > >, SaveData const&)
 .text._ZNSt10_HashtableIoSt4pairIKoSt6vectorI8SaveDataSaIS3_EEESaIS6_ENSt8__detail10_Select1stESt8equal_toIoESt4hashIoENS8_18_Mod_range_hashingENS8_20_Default_ranged_hashENS8_20_Prime_rehash_policyENS8_17_Hashtable_traitsILb0ELb0ELb1EEEE10_M_emplaceIJS6_EEES0_INS8_14_Node_iteratorIS6_Lb0ELb0EEEbESt17integral_constantIbLb1EEDpOT_
                0x0000000000000ee0      0x254 SaveDataRepository.o
                0x0000000000000ee0                std::pair<std::__detail::_Node_iterator<std::pair<unsigned __int128 const, std::vector<SaveData, std::allocator<SaveData> > >, false, false>, bool> std::_Hashtable<unsigned __int128, std::pair<unsigned __int128 const, std::vector<SaveData, std::allocator<SaveData> > >, std::allocator<std::pair<unsigned __int128 const, std::vector<SaveData, std::allocator<SaveData> > > >, std::__detail::_Select1st, std::equal_to<unsigned __int128>, std::hash<unsigned __int128>, std::__detail::_Mod_range_hashing, std::__detail::_Default_ranged_hash, std::__detail::_Prime_rehash_policy, std::__detail::_Hashtable_traits<false, false, true> >::_M_emplace<std::pair<unsigned __int128 const, std::vector<SaveData, std::allocator<SaveData> > > >(std::integral_constant<bool, true>, std::pair<unsigned __int128 const, std::vector<SaveData, std::allocator<SaveData> > >&&)
 *fill*         0x0000000000001134        0xc 
 .text._ZN18SaveDataRepository4initEv
                0x0000000000001140      0x3d4 SaveDataRepository.o
                0x0000000000001140                SaveDataRepository::init()
 *fill*         0x0000000000001514        0xc 
 .text._ZN18SaveDataRepositoryC2Ev
                0x0000000000001520       0x20 SaveDataRepository.o
                0x0000000000001520                SaveDataRepository::SaveDataRepository()
                0x0000000000001520                SaveDataRepository::SaveDataRepository()
 .text.ipcCloseObjectById
                0x0000000000001540       0x34 /opt/devkitpro/libnx/lib/libnx.a(applet.o)
 *fill*         0x0000000000001574        0xc 
 .text._appletGetHandle
                0x0000000000001580      0x124 /opt/devkitpro/libnx/lib/libnx.a(applet.o)
 *fill*         0x00000000000016a4        0xc 
 .text._appletGetPerformanceMode.constprop.14
                0x00000000000016b0       0xe0 /opt/devkitpro/libnx/lib/libnx.a(applet.o)
 .text._appletGetOperationMode.constprop.13
                0x0000000000001790       0xe0 /opt/devkitpro/libnx/lib/libnx.a(applet.o)
 .text._appletGetCurrentFocusState.constprop.15
                0x0000000000001870       0xe0 /opt/devkitpro/libnx/lib/libnx.a(applet.o)
 .text._appletReceiveMessage
                0x0000000000001950       0xec /opt/devkitpro/libnx/lib/libnx.a(applet.o)
 *fill*         0x0000000000001a3c        0x4 
 .text._appletAcquireForegroundRights
                0x0000000000001a40       0xcc /opt/devkitpro/libnx/lib/libnx.a(applet.o)
 *fill*         0x0000000000001b0c        0x4 
 .text._appletSetPerformanceModeChangedNotification.constprop.17
                0x0000000000001b10       0xd4 /opt/devkitpro/libnx/lib/libnx.a(applet.o)
 *fill*         0x0000000000001be4        0xc 
 .text._appletSetOperationModeChangedNotification.constprop.16
                0x0000000000001bf0       0xd4 /opt/devkitpro/libnx/lib/libnx.a(applet.o)
 *fill*         0x0000000000001cc4        0xc 
 .text._appletSetOutOfFocusSuspendingEnabled
                0x0000000000001cd0       0xd0 /opt/devkitpro/libnx/lib/libnx.a(applet.o)
 .text._appletSetFocusHandlingMode
                0x0000000000001da0       0xd8 /opt/devkitpro/libnx/lib/libnx.a(applet.o)
 *fill*         0x0000000000001e78        0x8 
 .text._appletGetAppletResourceUserId.constprop.11
                0x0000000000001e80       0xe0 /opt/devkitpro/libnx/lib/libnx.a(applet.o)
 .text._appletGetSessionProxy.constprop.10
                0x0000000000001f60      0x13c /opt/devkitpro/libnx/lib/libnx.a(applet.o)
 *fill*         0x000000000000209c        0x4 
 .text.appletExit
                0x00000000000020a0      0x564 /opt/devkitpro/libnx/lib/libnx.a(applet.o)
                0x00000000000020a0                appletExit
 *fill*         0x0000000000002604        0xc 
 .text.appletGetAppletType
                0x0000000000002610       0x10 /opt/devkitpro/libnx/lib/libnx.a(applet.o)
                0x0000000000002610                appletGetAppletType
 .text.appletHook
                0x0000000000002620       0x28 /opt/devkitpro/libnx/lib/libnx.a(applet.o)
                0x0000000000002620                appletHook
 *fill*         0x0000000000002648        0x8 
 .text.appletUnhook
                0x0000000000002650       0x34 /opt/devkitpro/libnx/lib/libnx.a(applet.o)
                0x0000000000002650                appletUnhook
 *fill*         0x0000000000002684        0xc 
 .text.appletGetAppletResourceUserId
                0x0000000000002690       0x28 /opt/devkitpro/libnx/lib/libnx.a(applet.o)
                0x0000000000002690                appletGetAppletResourceUserId
 *fill*         0x00000000000026b8        0x8 
 .text.appletNotifyRunning
                0x00000000000026c0      0x120 /opt/devkitpro/libnx/lib/libnx.a(applet.o)
                0x00000000000026c0                appletNotifyRunning
 .text.appletInitialize
                0x00000000000027e0      0x56c /opt/devkitpro/libnx/lib/libnx.a(applet.o)
                0x00000000000027e0                appletInitialize
 *fill*         0x0000000000002d4c        0x4 
 .text.appletCreateManagedDisplayLayer
                0x0000000000002d50       0xec /opt/devkitpro/libnx/lib/libnx.a(applet.o)
                0x0000000000002d50                appletCreateManagedDisplayLayer
 *fill*         0x0000000000002e3c        0x4 
 .text.appletGetOperationMode
                0x0000000000002e40        0xc /opt/devkitpro/libnx/lib/libnx.a(applet.o)
                0x0000000000002e40                appletGetOperationMode
 *fill*         0x0000000000002e4c        0x4 
 .text.appletMainLoop
                0x0000000000002e50      0x144 /opt/devkitpro/libnx/lib/libnx.a(applet.o)
                0x0000000000002e50                appletMainLoop
 *fill*         0x0000000000002f94        0xc 
 .text.ipcCloseObjectById
                0x0000000000002fa0       0x34 /opt/devkitpro/libnx/lib/libnx.a(acc.o)
 *fill*         0x0000000000002fd4        0xc 
 .text.accountInitialize
                0x0000000000002fe0       0x70 /opt/devkitpro/libnx/lib/libnx.a(acc.o)
                0x0000000000002fe0                accountInitialize
 .text.accountExit
                0x0000000000003050       0x9c /opt/devkitpro/libnx/lib/libnx.a(acc.o)
                0x0000000000003050                accountExit
 *fill*         0x00000000000030ec        0x4 
 .text.accountGetUserCount
                0x00000000000030f0       0xe8 /opt/devkitpro/libnx/lib/libnx.a(acc.o)
                0x00000000000030f0                accountGetUserCount
 *fill*         0x00000000000031d8        0x8 
 .text.accountListAllUsers
                0x00000000000031e0      0x18c /opt/devkitpro/libnx/lib/libnx.a(acc.o)
                0x00000000000031e0                accountListAllUsers
 *fill*         0x000000000000336c        0x4 
 .text.accountGetProfile
                0x0000000000003370      0x134 /opt/devkitpro/libnx/lib/libnx.a(acc.o)
                0x0000000000003370                accountGetProfile
 *fill*         0x00000000000034a4        0xc 
 .text.accountProfileGet
                0x00000000000034b0      0x138 /opt/devkitpro/libnx/lib/libnx.a(acc.o)
                0x00000000000034b0                accountProfileGet
 *fill*         0x00000000000035e8        0x8 
 .text.accountProfileGetImageSize
                0x00000000000035f0       0xe8 /opt/devkitpro/libnx/lib/libnx.a(acc.o)
                0x00000000000035f0                accountProfileGetImageSize
 *fill*         0x00000000000036d8        0x8 
 .text.accountProfileClose
                0x00000000000036e0       0x6c /opt/devkitpro/libnx/lib/libnx.a(acc.o)
                0x00000000000036e0                accountProfileClose
 *fill*         0x000000000000374c        0x4 
 .text.ipcCloseObjectById
                0x0000000000003750       0x34 /opt/devkitpro/libnx/lib/libnx.a(hid.o)
 *fill*         0x0000000000003784        0xc 
 .text._hidGetSharedMemoryHandle.constprop.8
                0x0000000000003790      0x124 /opt/devkitpro/libnx/lib/libnx.a(hid.o)
 *fill*         0x00000000000038b4        0xc 
 .text._hidCreateAppletResource.constprop.7
                0x00000000000038c0      0x134 /opt/devkitpro/libnx/lib/libnx.a(hid.o)
 *fill*         0x00000000000039f4        0xc 
 .text.hidReset
                0x0000000000003a00      0x1b0 /opt/devkitpro/libnx/lib/libnx.a(hid.o)
                0x0000000000003a00                hidReset
 .text.hidGetSharedmemAddr
                0x0000000000003bb0        0xc /opt/devkitpro/libnx/lib/libnx.a(hid.o)
                0x0000000000003bb0                hidGetSharedmemAddr
 *fill*         0x0000000000003bbc        0x4 
 .text.hidKeysDown
                0x0000000000003bc0       0x6c /opt/devkitpro/libnx/lib/libnx.a(hid.o)
                0x0000000000003bc0                hidKeysDown
 *fill*         0x0000000000003c2c        0x4 
 .text.hidTouchCount
                0x0000000000003c30        0xc /opt/devkitpro/libnx/lib/libnx.a(hid.o)
                0x0000000000003c30                hidTouchCount
 *fill*         0x0000000000003c3c        0x4 
 .text.hidScanInput
                0x0000000000003c40      0x49c /opt/devkitpro/libnx/lib/libnx.a(hid.o)
                0x0000000000003c40                hidScanInput
 *fill*         0x00000000000040dc        0x4 
 .text.hidSetNpadJoyAssignmentModeDual
                0x00000000000040e0      0x10c /opt/devkitpro/libnx/lib/libnx.a(hid.o)
                0x00000000000040e0                hidSetNpadJoyAssignmentModeDual
 *fill*         0x00000000000041ec        0x4 
 .text.hidExit  0x00000000000041f0      0x128 /opt/devkitpro/libnx/lib/libnx.a(hid.o)
                0x00000000000041f0                hidExit
 *fill*         0x0000000000004318        0x8 
 .text.hidInitialize
                0x0000000000004320      0x10c /opt/devkitpro/libnx/lib/libnx.a(hid.o)
                0x0000000000004320                hidInitialize
 *fill*         0x000000000000442c        0x4 
 .text.ipcCloseObjectById
                0x0000000000004430       0x34 /opt/devkitpro/libnx/lib/libnx.a(ns.o)
 *fill*         0x0000000000004464        0xc 
 .text._nsGetInterface.constprop.3
                0x0000000000004470      0x12c /opt/devkitpro/libnx/lib/libnx.a(ns.o)
 *fill*         0x000000000000459c        0x4 
 .text.nsInitialize
                0x00000000000045a0       0xfc /opt/devkitpro/libnx/lib/libnx.a(ns.o)
                0x00000000000045a0                nsInitialize
 *fill*         0x000000000000469c        0x4 
 .text.nsExit   0x00000000000046a0       0xf8 /opt/devkitpro/libnx/lib/libnx.a(ns.o)
                0x00000000000046a0                nsExit
 *fill*         0x0000000000004798        0x8 
 .text.nsGetApplicationControlData
                0x00000000000047a0      0x114 /opt/devkitpro/libnx/lib/libnx.a(ns.o)
                0x00000000000047a0                nsGetApplicationControlData
 *fill*         0x00000000000048b4        0xc 
 .text.ipcCloseObjectById
                0x00000000000048c0       0x34 /opt/devkitpro/libnx/lib/libnx.a(apm.o)
 *fill*         0x00000000000048f4        0xc 
 .text._apmGetSession.constprop.4
                0x0000000000004900      0x124 /opt/devkitpro/libnx/lib/libnx.a(apm.o)
 *fill*         0x0000000000004a24        0xc 
 .text.apmExit  0x0000000000004a30       0xf0 /opt/devkitpro/libnx/lib/libnx.a(apm.o)
                0x0000000000004a30                apmExit
 .text.apmInitialize
                0x0000000000004b20       0x8c /opt/devkitpro/libnx/lib/libnx.a(apm.o)
                0x0000000000004b20                apmInitialize
 *fill*         0x0000000000004bac        0x4 
 .text.apmSetPerformanceConfiguration
                0x0000000000004bb0       0xcc /opt/devkitpro/libnx/lib/libnx.a(apm.o)
                0x0000000000004bb0                apmSetPerformanceConfiguration
 *fill*         0x0000000000004c7c        0x4 
 .text.smAddOverrideHandle
                0x0000000000004c80       0x44 /opt/devkitpro/libnx/lib/libnx.a(sm.o)
                0x0000000000004c80                smAddOverrideHandle
 *fill*         0x0000000000004cc4        0xc 
 .text.smGetServiceOverride
                0x0000000000004cd0       0x60 /opt/devkitpro/libnx/lib/libnx.a(sm.o)
                0x0000000000004cd0                smGetServiceOverride
 .text.smHasInitialized
                0x0000000000004d30       0x14 /opt/devkitpro/libnx/lib/libnx.a(sm.o)
                0x0000000000004d30                smHasInitialized
 *fill*         0x0000000000004d44        0xc 
 .text.smExit   0x0000000000004d50       0x5c /opt/devkitpro/libnx/lib/libnx.a(sm.o)
                0x0000000000004d50                smExit
 *fill*         0x0000000000004dac        0x4 
 .text.smEncodeName
                0x0000000000004db0       0x38 /opt/devkitpro/libnx/lib/libnx.a(sm.o)
                0x0000000000004db0                smEncodeName
 *fill*         0x0000000000004de8        0x8 
 .text.smGetServiceOriginal
                0x0000000000004df0      0x12c /opt/devkitpro/libnx/lib/libnx.a(sm.o)
                0x0000000000004df0                smGetServiceOriginal
 *fill*         0x0000000000004f1c        0x4 
 .text.smInitialize
                0x0000000000004f20      0x158 /opt/devkitpro/libnx/lib/libnx.a(sm.o)
                0x0000000000004f20                smInitialize
 *fill*         0x0000000000005078        0x8 
 .text.smGetService
                0x0000000000005080       0x74 /opt/devkitpro/libnx/lib/libnx.a(sm.o)
                0x0000000000005080                smGetService
 *fill*         0x00000000000050f4        0xc 
 .text.fatalWithType
                0x0000000000005100       0xec /opt/devkitpro/libnx/lib/libnx.a(fatal.o)
                0x0000000000005100                fatalWithType
 *fill*         0x00000000000051ec        0x4 
 .text.fatalSimple
                0x00000000000051f0       0x14 /opt/devkitpro/libnx/lib/libnx.a(fatal.o)
                0x00000000000051f0                fatalSimple
 *fill*         0x0000000000005204        0xc 
 .text.ipcCloseObjectById
                0x0000000000005210       0x34 /opt/devkitpro/libnx/lib/libnx.a(fs.o)
 *fill*         0x0000000000005244        0xc 
 .text.fsInitialize
                0x0000000000005250      0x124 /opt/devkitpro/libnx/lib/libnx.a(fs.o)
                0x0000000000005250                fsInitialize
 *fill*         0x0000000000005374        0xc 
 .text.fsExit   0x0000000000005380       0x9c /opt/devkitpro/libnx/lib/libnx.a(fs.o)
                0x0000000000005380                fsExit
 *fill*         0x000000000000541c        0x4 
 .text.fsMountSdcard
                0x0000000000005420      0x134 /opt/devkitpro/libnx/lib/libnx.a(fs.o)
                0x0000000000005420                fsMountSdcard
 *fill*         0x0000000000005554        0xc 
 .text.fsOpenSaveDataIterator
                0x0000000000005560      0x17c /opt/devkitpro/libnx/lib/libnx.a(fs.o)
                0x0000000000005560                fsOpenSaveDataIterator
 *fill*         0x00000000000056dc        0x4 
 .text.fsFsCreateFile
                0x00000000000056e0       0xf4 /opt/devkitpro/libnx/lib/libnx.a(fs.o)
                0x00000000000056e0                fsFsCreateFile
 *fill*         0x00000000000057d4        0xc 
 .text.fsFsDeleteFile
                0x00000000000057e0       0xf0 /opt/devkitpro/libnx/lib/libnx.a(fs.o)
                0x00000000000057e0                fsFsDeleteFile
 .text.fsFsCreateDirectory
                0x00000000000058d0       0xf0 /opt/devkitpro/libnx/lib/libnx.a(fs.o)
                0x00000000000058d0                fsFsCreateDirectory
 .text.fsFsDeleteDirectory
                0x00000000000059c0       0xf0 /opt/devkitpro/libnx/lib/libnx.a(fs.o)
                0x00000000000059c0                fsFsDeleteDirectory
 .text.fsFsRenameFile
                0x0000000000005ab0      0x11c /opt/devkitpro/libnx/lib/libnx.a(fs.o)
                0x0000000000005ab0                fsFsRenameFile
 *fill*         0x0000000000005bcc        0x4 
 .text.fsFsRenameDirectory
                0x0000000000005bd0      0x11c /opt/devkitpro/libnx/lib/libnx.a(fs.o)
                0x0000000000005bd0                fsFsRenameDirectory
 *fill*         0x0000000000005cec        0x4 
 .text.fsFsGetEntryType
                0x0000000000005cf0      0x104 /opt/devkitpro/libnx/lib/libnx.a(fs.o)
                0x0000000000005cf0                fsFsGetEntryType
 *fill*         0x0000000000005df4        0xc 
 .text.fsFsOpenFile
                0x0000000000005e00      0x154 /opt/devkitpro/libnx/lib/libnx.a(fs.o)
                0x0000000000005e00                fsFsOpenFile
 *fill*         0x0000000000005f54        0xc 
 .text.fsFsOpenDirectory
                0x0000000000005f60      0x14c /opt/devkitpro/libnx/lib/libnx.a(fs.o)
                0x0000000000005f60                fsFsOpenDirectory
 *fill*         0x00000000000060ac        0x4 
 .text.fsFsGetFreeSpace
                0x00000000000060b0      0x104 /opt/devkitpro/libnx/lib/libnx.a(fs.o)
                0x00000000000060b0                fsFsGetFreeSpace
 *fill*         0x00000000000061b4        0xc 
 .text.fsFsGetTotalSpace
                0x00000000000061c0      0x104 /opt/devkitpro/libnx/lib/libnx.a(fs.o)
                0x00000000000061c0                fsFsGetTotalSpace
 *fill*         0x00000000000062c4        0xc 
 .text.fsFsClose
                0x00000000000062d0       0x6c /opt/devkitpro/libnx/lib/libnx.a(fs.o)
                0x00000000000062d0                fsFsClose
 *fill*         0x000000000000633c        0x4 
 .text.fsFileRead
                0x0000000000006340      0x108 /opt/devkitpro/libnx/lib/libnx.a(fs.o)
                0x0000000000006340                fsFileRead
 *fill*         0x0000000000006448        0x8 
 .text.fsFileWrite
                0x0000000000006450       0xf8 /opt/devkitpro/libnx/lib/libnx.a(fs.o)
                0x0000000000006450                fsFileWrite
 *fill*         0x0000000000006548        0x8 
 .text.fsFileFlush
                0x0000000000006550       0xc8 /opt/devkitpro/libnx/lib/libnx.a(fs.o)
                0x0000000000006550                fsFileFlush
 *fill*         0x0000000000006618        0x8 
 .text.fsFileSetSize
                0x0000000000006620       0xc8 /opt/devkitpro/libnx/lib/libnx.a(fs.o)
                0x0000000000006620                fsFileSetSize
 *fill*         0x00000000000066e8        0x8 
 .text.fsFileGetSize
                0x00000000000066f0       0xec /opt/devkitpro/libnx/lib/libnx.a(fs.o)
                0x00000000000066f0                fsFileGetSize
 *fill*         0x00000000000067dc        0x4 
 .text.fsFileClose
                0x00000000000067e0       0x6c /opt/devkitpro/libnx/lib/libnx.a(fs.o)
                0x00000000000067e0                fsFileClose
 *fill*         0x000000000000684c        0x4 
 .text.fsDirClose
                0x0000000000006850       0x6c /opt/devkitpro/libnx/lib/libnx.a(fs.o)
                0x0000000000006850                fsDirClose
 *fill*         0x00000000000068bc        0x4 
 .text.fsDirRead
                0x00000000000068c0      0x110 /opt/devkitpro/libnx/lib/libnx.a(fs.o)
                0x00000000000068c0                fsDirRead
 .text.fsSaveDataIteratorRead
                0x00000000000069d0      0x110 /opt/devkitpro/libnx/lib/libnx.a(fs.o)
                0x00000000000069d0                fsSaveDataIteratorRead
 .text.fsSaveDataIteratorClose
                0x0000000000006ae0       0x6c /opt/devkitpro/libnx/lib/libnx.a(fs.o)
                0x0000000000006ae0                fsSaveDataIteratorClose
 *fill*         0x0000000000006b4c        0x4 
 .text._gfxCancelBuffer
                0x0000000000006b50       0x4c /opt/devkitpro/libnx/lib/libnx.a(gfx.o)
 *fill*         0x0000000000006b9c        0x4 
 .text._gfxDequeueBuffer.part.0
                0x0000000000006ba0      0x170 /opt/devkitpro/libnx/lib/libnx.a(gfx.o)
 .text.gfxInitDefault
                0x0000000000006d10      0x4b4 /opt/devkitpro/libnx/lib/libnx.a(gfx.o)
                0x0000000000006d10                gfxInitDefault
 *fill*         0x00000000000071c4        0xc 
 .text.gfxConfigureCrop
                0x00000000000071d0       0xe8 /opt/devkitpro/libnx/lib/libnx.a(gfx.o)
                0x00000000000071d0                gfxConfigureCrop
 *fill*         0x00000000000072b8        0x8 
 .text.gfxConfigureResolution
                0x00000000000072c0       0x14 /opt/devkitpro/libnx/lib/libnx.a(gfx.o)
                0x00000000000072c0                gfxConfigureResolution
 *fill*         0x00000000000072d4        0xc 
 .text._gfxAutoResolutionAppletHook
                0x00000000000072e0       0x60 /opt/devkitpro/libnx/lib/libnx.a(gfx.o)
 .text.gfxConfigureAutoResolution
                0x0000000000007340      0x11c /opt/devkitpro/libnx/lib/libnx.a(gfx.o)
                0x0000000000007340                gfxConfigureAutoResolution
 *fill*         0x000000000000745c        0x4 
 .text.gfxExit  0x0000000000007460      0x174 /opt/devkitpro/libnx/lib/libnx.a(gfx.o)
                0x0000000000007460                gfxExit
 *fill*         0x00000000000075d4        0xc 
 .text._gfxGraphicBufferInit
                0x00000000000075e0       0x3c /opt/devkitpro/libnx/lib/libnx.a(gfx.o)
                0x00000000000075e0                _gfxGraphicBufferInit
 *fill*         0x000000000000761c        0x4 
 .text.gfxWaitForVsync
                0x0000000000007620       0x2c /opt/devkitpro/libnx/lib/libnx.a(gfx.o)
                0x0000000000007620                gfxWaitForVsync
 *fill*         0x000000000000764c        0x4 
 .text.gfxSwapBuffers
                0x0000000000007650       0x6c /opt/devkitpro/libnx/lib/libnx.a(gfx.o)
                0x0000000000007650                gfxSwapBuffers
 *fill*         0x00000000000076bc        0x4 
 .text.gfxGetFramebuffer
                0x00000000000076c0       0x68 /opt/devkitpro/libnx/lib/libnx.a(gfx.o)
                0x00000000000076c0                gfxGetFramebuffer
 *fill*         0x0000000000007728        0x8 
 .text.gfxSetMode
                0x0000000000007730        0xc /opt/devkitpro/libnx/lib/libnx.a(gfx.o)
                0x0000000000007730                gfxSetMode
 *fill*         0x000000000000773c        0x4 
 .text.gfxFlushBuffers
                0x0000000000007740      0x12c /opt/devkitpro/libnx/lib/libnx.a(gfx.o)
                0x0000000000007740                gfxFlushBuffers
 *fill*         0x000000000000786c        0x4 
 .text.nvmapobjClose.part.0.constprop.3
                0x0000000000007870       0x38 /opt/devkitpro/libnx/lib/libnx.a(nvgfx.o)
 *fill*         0x00000000000078a8        0x8 
 .text.nvgfxInitialize
                0x00000000000078b0      0x1e8 /opt/devkitpro/libnx/lib/libnx.a(nvgfx.o)
                0x00000000000078b0                nvgfxInitialize
 *fill*         0x0000000000007a98        0x8 
 .text.nvgfxExit
                0x0000000000007aa0       0x58 /opt/devkitpro/libnx/lib/libnx.a(nvgfx.o)
                0x0000000000007aa0                nvgfxExit
 *fill*         0x0000000000007af8        0x8 
 .text.nvgfxGetFramebuffer
                0x0000000000007b00       0x4c /opt/devkitpro/libnx/lib/libnx.a(nvgfx.o)
                0x0000000000007b00                nvgfxGetFramebuffer
 *fill*         0x0000000000007b4c        0x4 
 .text.nacpGetLanguageEntry
                0x0000000000007b50      0x140 /opt/devkitpro/libnx/lib/libnx.a(nacp.o)
                0x0000000000007b50                nacpGetLanguageEntry
 .text.consoleDrawChar
                0x0000000000007c90      0x250 /opt/devkitpro/libnx/lib/libnx.a(console.o)
                0x0000000000007c90                consoleDrawChar
 .text.consolePrintChar
                0x0000000000007ee0      0x15c /opt/devkitpro/libnx/lib/libnx.a(console.o)
                0x0000000000007ee0                consolePrintChar
 *fill*         0x000000000000803c        0x4 
 .text.consoleClearLine
                0x0000000000008040      0x158 /opt/devkitpro/libnx/lib/libnx.a(console.o)
 *fill*         0x0000000000008198        0x8 
 .text.newRow   0x00000000000081a0      0x180 /opt/devkitpro/libnx/lib/libnx.a(console.o)
 .text.consoleCls
                0x0000000000008320      0x16c /opt/devkitpro/libnx/lib/libnx.a(console.o)
 *fill*         0x000000000000848c        0x4 
 .text.consoleInit
                0x0000000000008490       0xec /opt/devkitpro/libnx/lib/libnx.a(console.o)
                0x0000000000008490                consoleInit
 *fill*         0x000000000000857c        0x4 
 .text.con_write
                0x0000000000008580      0x854 /opt/devkitpro/libnx/lib/libnx.a(console.o)
 .text.armDCacheFlush
                0x0000000000008dd4       0x3c /opt/devkitpro/libnx/lib/libnx.a(cache.o)
                0x0000000000008dd4                armDCacheFlush
 .text.svcSetHeapSize
                0x0000000000008e10       0x14 /opt/devkitpro/libnx/lib/libnx.a(svc.o)
                0x0000000000008e10                svcSetHeapSize
 .text.svcUnmapMemory
                0x0000000000008e24        0x8 /opt/devkitpro/libnx/lib/libnx.a(svc.o)
                0x0000000000008e24                svcUnmapMemory
 .text.svcQueryMemory
                0x0000000000008e2c       0x14 /opt/devkitpro/libnx/lib/libnx.a(svc.o)
                0x0000000000008e2c                svcQueryMemory
 .text.svcExitProcess
                0x0000000000008e40        0x8 /opt/devkitpro/libnx/lib/libnx.a(svc.o)
                0x0000000000008e40                svcExitProcess
 .text.svcSleepThread
                0x0000000000008e48        0x8 /opt/devkitpro/libnx/lib/libnx.a(svc.o)
                0x0000000000008e48                svcSleepThread
 .text.svcMapSharedMemory
                0x0000000000008e50        0x8 /opt/devkitpro/libnx/lib/libnx.a(svc.o)
                0x0000000000008e50                svcMapSharedMemory
 .text.svcUnmapSharedMemory
                0x0000000000008e58        0x8 /opt/devkitpro/libnx/lib/libnx.a(svc.o)
                0x0000000000008e58                svcUnmapSharedMemory
 .text.svcCreateTransferMemory
                0x0000000000008e60       0x14 /opt/devkitpro/libnx/lib/libnx.a(svc.o)
                0x0000000000008e60                svcCreateTransferMemory
 .text.svcCloseHandle
                0x0000000000008e74        0x8 /opt/devkitpro/libnx/lib/libnx.a(svc.o)
                0x0000000000008e74                svcCloseHandle
 .text.svcResetSignal
                0x0000000000008e7c        0x8 /opt/devkitpro/libnx/lib/libnx.a(svc.o)
                0x0000000000008e7c                svcResetSignal
 .text.svcWaitSynchronization
                0x0000000000008e84       0x14 /opt/devkitpro/libnx/lib/libnx.a(svc.o)
                0x0000000000008e84                svcWaitSynchronization
 .text.svcArbitrateLock
                0x0000000000008e98        0x8 /opt/devkitpro/libnx/lib/libnx.a(svc.o)
                0x0000000000008e98                svcArbitrateLock
 .text.svcArbitrateUnlock
                0x0000000000008ea0        0x8 /opt/devkitpro/libnx/lib/libnx.a(svc.o)
                0x0000000000008ea0                svcArbitrateUnlock
 .text.svcConnectToNamedPort
                0x0000000000008ea8       0x14 /opt/devkitpro/libnx/lib/libnx.a(svc.o)
                0x0000000000008ea8                svcConnectToNamedPort
 .text.svcSendSyncRequest
                0x0000000000008ebc        0x8 /opt/devkitpro/libnx/lib/libnx.a(svc.o)
                0x0000000000008ebc                svcSendSyncRequest
 .text.svcBreak
                0x0000000000008ec4        0x8 /opt/devkitpro/libnx/lib/libnx.a(svc.o)
                0x0000000000008ec4                svcBreak
 .text.svcGetInfo
                0x0000000000008ecc       0x14 /opt/devkitpro/libnx/lib/libnx.a(svc.o)
                0x0000000000008ecc                svcGetInfo
 .text.svcUnmapTransferMemory
                0x0000000000008ee0        0x8 /opt/devkitpro/libnx/lib/libnx.a(svc.o)
                0x0000000000008ee0                svcUnmapTransferMemory
 *fill*         0x0000000000008ee8        0x8 
 .text._CacheValues
                0x0000000000008ef0      0x180 /opt/devkitpro/libnx/lib/libnx.a(detect.o)
 .text.kernelAbove200
                0x0000000000009070       0x1c /opt/devkitpro/libnx/lib/libnx.a(detect.o)
                0x0000000000009070                kernelAbove200
 *fill*         0x000000000000908c        0x4 
 .text.kernelAbove300
                0x0000000000009090       0x1c /opt/devkitpro/libnx/lib/libnx.a(detect.o)
                0x0000000000009090                kernelAbove300
 *fill*         0x00000000000090ac        0x4 
 .text.kernelAbove400
                0x00000000000090b0       0x1c /opt/devkitpro/libnx/lib/libnx.a(detect.o)
                0x00000000000090b0                kernelAbove400
 *fill*         0x00000000000090cc        0x4 
 .text.detectDebugger
                0x00000000000090d0       0x30 /opt/devkitpro/libnx/lib/libnx.a(detect.o)
                0x00000000000090d0                detectDebugger
 .text.shmemLoadRemote
                0x0000000000009100       0x14 /opt/devkitpro/libnx/lib/libnx.a(shmem.o)
                0x0000000000009100                shmemLoadRemote
 *fill*         0x0000000000009114        0xc 
 .text.shmemMap
                0x0000000000009120       0x84 /opt/devkitpro/libnx/lib/libnx.a(shmem.o)
                0x0000000000009120                shmemMap
 *fill*         0x00000000000091a4        0xc 
 .text.shmemUnmap
                0x00000000000091b0       0x58 /opt/devkitpro/libnx/lib/libnx.a(shmem.o)
                0x00000000000091b0                shmemUnmap
 *fill*         0x0000000000009208        0x8 
 .text.shmemClose
                0x0000000000009210       0x44 /opt/devkitpro/libnx/lib/libnx.a(shmem.o)
                0x0000000000009210                shmemClose
 *fill*         0x0000000000009254        0xc 
 .text.rwlockReadLock
                0x0000000000009260       0x4c /opt/devkitpro/libnx/lib/libnx.a(rwlock.o)
                0x0000000000009260                rwlockReadLock
 *fill*         0x00000000000092ac        0x4 
 .text.rwlockReadUnlock
                0x00000000000092b0       0x4c /opt/devkitpro/libnx/lib/libnx.a(rwlock.o)
                0x00000000000092b0                rwlockReadUnlock
 *fill*         0x00000000000092fc        0x4 
 .text.rwlockWriteLock
                0x0000000000009300        0x8 /opt/devkitpro/libnx/lib/libnx.a(rwlock.o)
                0x0000000000009300                rwlockWriteLock
 *fill*         0x0000000000009308        0x8 
 .text.rwlockWriteUnlock
                0x0000000000009310        0x8 /opt/devkitpro/libnx/lib/libnx.a(rwlock.o)
                0x0000000000009310                rwlockWriteUnlock
 *fill*         0x0000000000009318        0x8 
 .text.mutexLock
                0x0000000000009320       0x8c /opt/devkitpro/libnx/lib/libnx.a(mutex.o)
                0x0000000000009320                mutexLock
 *fill*         0x00000000000093ac        0x4 
 .text.mutexUnlock
                0x00000000000093b0       0x30 /opt/devkitpro/libnx/lib/libnx.a(mutex.o)
                0x00000000000093b0                mutexUnlock
 .text.rmutexLock
                0x00000000000093e0       0x4c /opt/devkitpro/libnx/lib/libnx.a(mutex.o)
                0x00000000000093e0                rmutexLock
 *fill*         0x000000000000942c        0x4 
 .text.rmutexUnlock
                0x0000000000009430       0x1c /opt/devkitpro/libnx/lib/libnx.a(mutex.o)
                0x0000000000009430                rmutexUnlock
 *fill*         0x000000000000944c        0x4 
 .text._GetRegionFromInfo.isra.1
                0x0000000000009450       0x7c /opt/devkitpro/libnx/lib/libnx.a(virtmem.o)
 *fill*         0x00000000000094cc        0x4 
 .text.virtmemSetup
                0x00000000000094d0       0xe4 /opt/devkitpro/libnx/lib/libnx.a(virtmem.o)
                0x00000000000094d0                virtmemSetup
 *fill*         0x00000000000095b4        0xc 
 .text.virtmemReserve
                0x00000000000095c0      0x13c /opt/devkitpro/libnx/lib/libnx.a(virtmem.o)
                0x00000000000095c0                virtmemReserve
 *fill*         0x00000000000096fc        0x4 
 .text.virtmemFree
                0x0000000000009700        0x4 /opt/devkitpro/libnx/lib/libnx.a(virtmem.o)
                0x0000000000009700                virtmemFree
 *fill*         0x0000000000009704        0xc 
 .text.eventLoadRemote
                0x0000000000009710        0xc /opt/devkitpro/libnx/lib/libnx.a(event.o)
                0x0000000000009710                eventLoadRemote
 *fill*         0x000000000000971c        0x4 
 .text.eventWait
                0x0000000000009720      0x11c /opt/devkitpro/libnx/lib/libnx.a(event.o)
                0x0000000000009720                eventWait
 *fill*         0x000000000000983c        0x4 
 .text.eventClose
                0x0000000000009840       0x50 /opt/devkitpro/libnx/lib/libnx.a(event.o)
                0x0000000000009840                eventClose
 .text.ipcCloseObjectById
                0x0000000000009890       0x34 /opt/devkitpro/libnx/lib/libnx.a(nv.o)
 *fill*         0x00000000000098c4        0xc 
 .text.ipcQueryPointerBufferSize.constprop.10
                0x00000000000098d0       0xc8 /opt/devkitpro/libnx/lib/libnx.a(nv.o)
 *fill*         0x0000000000009998        0x8 
 .text.ipcCloneSession.constprop.9
                0x00000000000099a0      0x10c /opt/devkitpro/libnx/lib/libnx.a(nv.o)
 *fill*         0x0000000000009aac        0x4 
 .text._nvSetClientPID
                0x0000000000009ab0       0xd8 /opt/devkitpro/libnx/lib/libnx.a(nv.o)
 *fill*         0x0000000000009b88        0x8 
 .text._nvInitialize.constprop.8
                0x0000000000009b90       0xf0 /opt/devkitpro/libnx/lib/libnx.a(nv.o)
 .text.nvExit   0x0000000000009c80      0x108 /opt/devkitpro/libnx/lib/libnx.a(nv.o)
                0x0000000000009c80                nvExit
 *fill*         0x0000000000009d88        0x8 
 .text.nvInitialize
                0x0000000000009d90      0x178 /opt/devkitpro/libnx/lib/libnx.a(nv.o)
                0x0000000000009d90                nvInitialize
 *fill*         0x0000000000009f08        0x8 
 .text.nvConvertError
                0x0000000000009f10      0x12c /opt/devkitpro/libnx/lib/libnx.a(nv.o)
                0x0000000000009f10                nvConvertError
 *fill*         0x000000000000a03c        0x4 
 .text.nvOpen   0x000000000000a040      0x12c /opt/devkitpro/libnx/lib/libnx.a(nv.o)
                0x000000000000a040                nvOpen
 *fill*         0x000000000000a16c        0x4 
 .text.nvIoctl  0x000000000000a170      0x270 /opt/devkitpro/libnx/lib/libnx.a(nv.o)
                0x000000000000a170                nvIoctl
 .text.nvClose  0x000000000000a3e0       0xdc /opt/devkitpro/libnx/lib/libnx.a(nv.o)
                0x000000000000a3e0                nvClose
 *fill*         0x000000000000a4bc        0x4 
 .text.nvQueryEvent
                0x000000000000a4c0      0x15c /opt/devkitpro/libnx/lib/libnx.a(nv.o)
                0x000000000000a4c0                nvQueryEvent
 *fill*         0x000000000000a61c        0x4 
 .text.ipcCloseObjectById
                0x000000000000a620       0x34 /opt/devkitpro/libnx/lib/libnx.a(vi.o)
 *fill*         0x000000000000a654        0xc 
 .text._viGetSession.constprop.7
                0x000000000000a660      0x134 /opt/devkitpro/libnx/lib/libnx.a(vi.o)
 *fill*         0x000000000000a794        0xc 
 .text.viExit   0x000000000000a7a0      0x1e4 /opt/devkitpro/libnx/lib/libnx.a(vi.o)
                0x000000000000a7a0                viExit
 *fill*         0x000000000000a984        0xc 
 .text.viInitialize
                0x000000000000a990      0x304 /opt/devkitpro/libnx/lib/libnx.a(vi.o)
                0x000000000000a990                viInitialize
 *fill*         0x000000000000ac94        0xc 
 .text.viGetSession_IHOSBinderDriverRelay
                0x000000000000aca0        0xc /opt/devkitpro/libnx/lib/libnx.a(vi.o)
                0x000000000000aca0                viGetSession_IHOSBinderDriverRelay
 *fill*         0x000000000000acac        0x4 
 .text.viOpenDisplay
                0x000000000000acb0      0x140 /opt/devkitpro/libnx/lib/libnx.a(vi.o)
                0x000000000000acb0                viOpenDisplay
 .text.viCloseDisplay
                0x000000000000adf0      0x104 /opt/devkitpro/libnx/lib/libnx.a(vi.o)
                0x000000000000adf0                viCloseDisplay
 *fill*         0x000000000000aef4        0xc 
 .text.viGetDisplayVsyncEvent
                0x000000000000af00      0x13c /opt/devkitpro/libnx/lib/libnx.a(vi.o)
                0x000000000000af00                viGetDisplayVsyncEvent
 *fill*         0x000000000000b03c        0x4 
 .text.viCloseLayer
                0x000000000000b040      0x104 /opt/devkitpro/libnx/lib/libnx.a(vi.o)
                0x000000000000b040                viCloseLayer
 *fill*         0x000000000000b144        0xc 
 .text.viCreateLayer
                0x000000000000b150      0x320 /opt/devkitpro/libnx/lib/libnx.a(vi.o)
                0x000000000000b150                viCreateLayer
 .text.viSetLayerScalingMode
                0x000000000000b470       0xe8 /opt/devkitpro/libnx/lib/libnx.a(vi.o)
                0x000000000000b470                viSetLayerScalingMode
 *fill*         0x000000000000b558        0x8 
 .text.ipcCloseObjectById
                0x000000000000b560       0x34 /opt/devkitpro/libnx/lib/libnx.a(set.o)
 *fill*         0x000000000000b594        0xc 
 .text.setInitialize
                0x000000000000b5a0       0x44 /opt/devkitpro/libnx/lib/libnx.a(set.o)
                0x000000000000b5a0                setInitialize
 *fill*         0x000000000000b5e4        0xc 
 .text.setExit  0x000000000000b5f0       0x9c /opt/devkitpro/libnx/lib/libnx.a(set.o)
                0x000000000000b5f0                setExit
 *fill*         0x000000000000b68c        0x4 
 .text.setGetLanguageCode
                0x000000000000b690       0xec /opt/devkitpro/libnx/lib/libnx.a(set.o)
                0x000000000000b690                setGetLanguageCode
 *fill*         0x000000000000b77c        0x4 
 .text.setGetSystemLanguage
                0x000000000000b780        0x4 /opt/devkitpro/libnx/lib/libnx.a(set.o)
                0x000000000000b780                setGetSystemLanguage
 *fill*         0x000000000000b784        0xc 
 .text.setGetAvailableLanguageCodeCount
                0x000000000000b790      0x108 /opt/devkitpro/libnx/lib/libnx.a(set.o)
                0x000000000000b790                setGetAvailableLanguageCodeCount
 *fill*         0x000000000000b898        0x8 
 .text.setGetAvailableLanguageCodes
                0x000000000000b8a0      0x1a8 /opt/devkitpro/libnx/lib/libnx.a(set.o)
                0x000000000000b8a0                setGetAvailableLanguageCodes
 *fill*         0x000000000000ba48        0x8 
 .text.setInitializeLanguageCodesCache
                0x000000000000ba50       0x70 /opt/devkitpro/libnx/lib/libnx.a(set.o)
 .text.setMakeLanguage
                0x000000000000bac0       0x8c /opt/devkitpro/libnx/lib/libnx.a(set.o)
                0x000000000000bac0                setMakeLanguage
 *fill*         0x000000000000bb4c        0x4 
 .text.nvFenceInit
                0x000000000000bb50       0x5c /opt/devkitpro/libnx/lib/libnx.a(fence.o)
                0x000000000000bb50                nvFenceInit
 *fill*         0x000000000000bbac        0x4 
 .text.nvFenceExit
                0x000000000000bbb0       0x98 /opt/devkitpro/libnx/lib/libnx.a(fence.o)
                0x000000000000bbb0                nvFenceExit
 *fill*         0x000000000000bc48        0x8 
 .text.nvFenceWait
                0x000000000000bc50      0x194 /opt/devkitpro/libnx/lib/libnx.a(fence.o)
                0x000000000000bc50                nvFenceWait
 *fill*         0x000000000000bde4        0xc 
 .text.nvMultiFenceWait
                0x000000000000bdf0       0x7c /opt/devkitpro/libnx/lib/libnx.a(fence.o)
                0x000000000000bdf0                nvMultiFenceWait
 *fill*         0x000000000000be6c        0x4 
 .text.nvioctlNvhostCtrl_EventSignal
                0x000000000000be70       0x24 /opt/devkitpro/libnx/lib/libnx.a(nvhost-ctrl.o)
                0x000000000000be70                nvioctlNvhostCtrl_EventSignal
 *fill*         0x000000000000be94        0xc 
 .text.nvioctlNvhostCtrl_EventWaitAsync
                0x000000000000bea0       0x28 /opt/devkitpro/libnx/lib/libnx.a(nvhost-ctrl.o)
                0x000000000000bea0                nvioctlNvhostCtrl_EventWaitAsync
 *fill*         0x000000000000bec8        0x8 
 .text.nvioctlNvhostCtrl_EventRegister
                0x000000000000bed0       0x24 /opt/devkitpro/libnx/lib/libnx.a(nvhost-ctrl.o)
                0x000000000000bed0                nvioctlNvhostCtrl_EventRegister
 *fill*         0x000000000000bef4        0xc 
 .text.nvioctlNvhostCtrl_EventUnregister
                0x000000000000bf00       0x24 /opt/devkitpro/libnx/lib/libnx.a(nvhost-ctrl.o)
                0x000000000000bf00                nvioctlNvhostCtrl_EventUnregister
 *fill*         0x000000000000bf24        0xc 
 .text.nvioctlNvmap_Create
                0x000000000000bf30       0x3c /opt/devkitpro/libnx/lib/libnx.a(nvmap.o)
                0x000000000000bf30                nvioctlNvmap_Create
 *fill*         0x000000000000bf6c        0x4 
 .text.nvioctlNvmap_Alloc
                0x000000000000bf70       0x30 /opt/devkitpro/libnx/lib/libnx.a(nvmap.o)
                0x000000000000bf70                nvioctlNvmap_Alloc
 .text.nvioctlNvmap_GetId
                0x000000000000bfa0       0x3c /opt/devkitpro/libnx/lib/libnx.a(nvmap.o)
                0x000000000000bfa0                nvioctlNvmap_GetId
 *fill*         0x000000000000bfdc        0x4 
 .text.bqRequestBuffer
                0x000000000000bfe0       0xf0 /opt/devkitpro/libnx/lib/libnx.a(buffer_producer.o)
                0x000000000000bfe0                bqRequestBuffer
 .text.bqDequeueBuffer
                0x000000000000c0d0      0x154 /opt/devkitpro/libnx/lib/libnx.a(buffer_producer.o)
                0x000000000000c0d0                bqDequeueBuffer
 *fill*         0x000000000000c224        0xc 
 .text.bqDetachBuffer
                0x000000000000c230       0x9c /opt/devkitpro/libnx/lib/libnx.a(buffer_producer.o)
                0x000000000000c230                bqDetachBuffer
 *fill*         0x000000000000c2cc        0x4 
 .text.bqQueueBuffer
                0x000000000000c2d0       0xe0 /opt/devkitpro/libnx/lib/libnx.a(buffer_producer.o)
                0x000000000000c2d0                bqQueueBuffer
 .text.bqCancelBuffer
                0x000000000000c3b0       0x90 /opt/devkitpro/libnx/lib/libnx.a(buffer_producer.o)
                0x000000000000c3b0                bqCancelBuffer
 .text.bqConnect
                0x000000000000c440       0xe4 /opt/devkitpro/libnx/lib/libnx.a(buffer_producer.o)
                0x000000000000c440                bqConnect
 *fill*         0x000000000000c524        0xc 
 .text.bqDisconnect
                0x000000000000c530       0x9c /opt/devkitpro/libnx/lib/libnx.a(buffer_producer.o)
                0x000000000000c530                bqDisconnect
 *fill*         0x000000000000c5cc        0x4 
 .text.bqSetPreallocatedBuffer
                0x000000000000c5d0       0xb4 /opt/devkitpro/libnx/lib/libnx.a(buffer_producer.o)
                0x000000000000c5d0                bqSetPreallocatedBuffer
 *fill*         0x000000000000c684        0xc 
 .text._binderTransactParcelAuto
                0x000000000000c690      0x248 /opt/devkitpro/libnx/lib/libnx.a(binder.o)
 *fill*         0x000000000000c8d8        0x8 
 .text.ipcQueryPointerBufferSize
                0x000000000000c8e0       0xc8 /opt/devkitpro/libnx/lib/libnx.a(binder.o)
 *fill*         0x000000000000c9a8        0x8 
 .text._binderTransactParcel
                0x000000000000c9b0      0x138 /opt/devkitpro/libnx/lib/libnx.a(binder.o)
 *fill*         0x000000000000cae8        0x8 
 .text.binderCreate
                0x000000000000caf0       0x14 /opt/devkitpro/libnx/lib/libnx.a(binder.o)
                0x000000000000caf0                binderCreate
 *fill*         0x000000000000cb04        0xc 
 .text.binderTransactParcel
                0x000000000000cb10       0x10 /opt/devkitpro/libnx/lib/libnx.a(binder.o)
                0x000000000000cb10                binderTransactParcel
 .text.binderConvertErrorCode
                0x000000000000cb20      0x124 /opt/devkitpro/libnx/lib/libnx.a(binder.o)
                0x000000000000cb20                binderConvertErrorCode
 *fill*         0x000000000000cc44        0xc 
 .text.binderAdjustRefcount
                0x000000000000cc50       0xe8 /opt/devkitpro/libnx/lib/libnx.a(binder.o)
                0x000000000000cc50                binderAdjustRefcount
 *fill*         0x000000000000cd38        0x8 
 .text.binderClose
                0x000000000000cd40       0x74 /opt/devkitpro/libnx/lib/libnx.a(binder.o)
                0x000000000000cd40                binderClose
 *fill*         0x000000000000cdb4        0xc 
 .text.binderInitSession
                0x000000000000cdc0       0xc4 /opt/devkitpro/libnx/lib/libnx.a(binder.o)
                0x000000000000cdc0                binderInitSession
 *fill*         0x000000000000ce84        0xc 
 .text.binderGetNativeHandle
                0x000000000000ce90      0x144 /opt/devkitpro/libnx/lib/libnx.a(binder.o)
                0x000000000000ce90                binderGetNativeHandle
 *fill*         0x000000000000cfd4        0xc 
 .text.parcelCreate
                0x000000000000cfe0       0x28 /opt/devkitpro/libnx/lib/libnx.a(parcel.o)
                0x000000000000cfe0                parcelCreate
 *fill*         0x000000000000d008        0x8 
 .text.parcelTransact
                0x000000000000d010      0x19c /opt/devkitpro/libnx/lib/libnx.a(parcel.o)
                0x000000000000d010                parcelTransact
 *fill*         0x000000000000d1ac        0x4 
 .text.parcelWriteData
                0x000000000000d1b0       0x88 /opt/devkitpro/libnx/lib/libnx.a(parcel.o)
                0x000000000000d1b0                parcelWriteData
 *fill*         0x000000000000d238        0x8 
 .text.parcelReadData
                0x000000000000d240       0x98 /opt/devkitpro/libnx/lib/libnx.a(parcel.o)
                0x000000000000d240                parcelReadData
 *fill*         0x000000000000d2d8        0x8 
 .text.parcelWriteInt32
                0x000000000000d2e0       0x20 /opt/devkitpro/libnx/lib/libnx.a(parcel.o)
                0x000000000000d2e0                parcelWriteInt32
 .text.parcelWriteUInt32
                0x000000000000d300       0x20 /opt/devkitpro/libnx/lib/libnx.a(parcel.o)
                0x000000000000d300                parcelWriteUInt32
 .text.parcelWriteString16
                0x000000000000d320       0x80 /opt/devkitpro/libnx/lib/libnx.a(parcel.o)
                0x000000000000d320                parcelWriteString16
 .text.parcelWriteInterfaceToken
                0x000000000000d3a0       0x30 /opt/devkitpro/libnx/lib/libnx.a(parcel.o)
                0x000000000000d3a0                parcelWriteInterfaceToken
 .text.parcelReadInt32
                0x000000000000d3d0       0x24 /opt/devkitpro/libnx/lib/libnx.a(parcel.o)
                0x000000000000d3d0                parcelReadInt32
 *fill*         0x000000000000d3f4        0xc 
 .text.parcelReadFlattenedObject
                0x000000000000d400       0x68 /opt/devkitpro/libnx/lib/libnx.a(parcel.o)
                0x000000000000d400                parcelReadFlattenedObject
 *fill*         0x000000000000d468        0x8 
 .text.parcelWriteFlattenedObject
                0x000000000000d470       0x44 /opt/devkitpro/libnx/lib/libnx.a(parcel.o)
                0x000000000000d470                parcelWriteFlattenedObject
 *fill*         0x000000000000d4b4        0xc 
 .text.__nx_dynamic
                0x000000000000d4c0       0xa0 /opt/devkitpro/libnx/lib/libnx.a(dynamic.o)
                0x000000000000d4c0                __nx_dynamic
 .text.__libnx_initheap
                0x000000000000d560       0xd8 /opt/devkitpro/libnx/lib/libnx.a(init.o)
                0x000000000000d560                __libnx_initheap
 *fill*         0x000000000000d638        0x8 
 .text.__appInit
                0x000000000000d640       0x90 /opt/devkitpro/libnx/lib/libnx.a(init.o)
                0x000000000000d640                __appInit
 .text.__appExit
                0x000000000000d6d0       0x34 /opt/devkitpro/libnx/lib/libnx.a(init.o)
                0x000000000000d6d0                __appExit
 *fill*         0x000000000000d704        0xc 
 .text.__libnx_init
                0x000000000000d710       0x28 /opt/devkitpro/libnx/lib/libnx.a(init.o)
                0x000000000000d710                __libnx_init
 *fill*         0x000000000000d738        0x8 
 .text.__libnx_exit
                0x000000000000d740       0x20 /opt/devkitpro/libnx/lib/libnx.a(init.o)
                0x000000000000d740                __libnx_exit
 .text.envSetup
                0x000000000000d760      0x1b0 /opt/devkitpro/libnx/lib/libnx.a(env.o)
                0x000000000000d760                envSetup
 .text.envGetMainThreadHandle
                0x000000000000d910       0x20 /opt/devkitpro/libnx/lib/libnx.a(env.o)
                0x000000000000d910                envGetMainThreadHandle
 .text.envIsNso
                0x000000000000d930        0xc /opt/devkitpro/libnx/lib/libnx.a(env.o)
                0x000000000000d930                envIsNso
 *fill*         0x000000000000d93c        0x4 
 .text.envHasHeapOverride
                0x000000000000d940       0x14 /opt/devkitpro/libnx/lib/libnx.a(env.o)
                0x000000000000d940                envHasHeapOverride
 *fill*         0x000000000000d954        0xc 
 .text.envGetHeapOverrideAddr
                0x000000000000d960        0xc /opt/devkitpro/libnx/lib/libnx.a(env.o)
                0x000000000000d960                envGetHeapOverrideAddr
 *fill*         0x000000000000d96c        0x4 
 .text.envGetHeapOverrideSize
                0x000000000000d970        0xc /opt/devkitpro/libnx/lib/libnx.a(env.o)
                0x000000000000d970                envGetHeapOverrideSize
 *fill*         0x000000000000d97c        0x4 
 .text.envHasArgv
                0x000000000000d980       0x14 /opt/devkitpro/libnx/lib/libnx.a(env.o)
                0x000000000000d980                envHasArgv
 *fill*         0x000000000000d994        0xc 
 .text.envGetArgv
                0x000000000000d9a0        0xc /opt/devkitpro/libnx/lib/libnx.a(env.o)
                0x000000000000d9a0                envGetArgv
 *fill*         0x000000000000d9ac        0x4 
 .text.envGetExitFuncPtr
                0x000000000000d9b0        0xc /opt/devkitpro/libnx/lib/libnx.a(env.o)
                0x000000000000d9b0                envGetExitFuncPtr
 *fill*         0x000000000000d9bc        0x4 
 .text.mutexInit
                0x000000000000d9c0        0x8 /opt/devkitpro/libnx/lib/libnx.a(newlib.o)
 *fill*         0x000000000000d9c8        0x8 
 .text.rmutexInit
                0x000000000000d9d0        0xc /opt/devkitpro/libnx/lib/libnx.a(newlib.o)
 *fill*         0x000000000000d9dc        0x4 
 .text.__libnx_gtod
                0x000000000000d9e0       0x8c /opt/devkitpro/libnx/lib/libnx.a(newlib.o)
                0x000000000000d9e0                __libnx_gtod
 *fill*         0x000000000000da6c        0x4 
 .text.__libnx_clock_settime
                0x000000000000da70       0x20 /opt/devkitpro/libnx/lib/libnx.a(newlib.o)
                0x000000000000da70                __libnx_clock_settime
 .text.__libnx_nanosleep
                0x000000000000da90       0x28 /opt/devkitpro/libnx/lib/libnx.a(newlib.o)
                0x000000000000da90                __libnx_nanosleep
 *fill*         0x000000000000dab8        0x8 
 .text.__libnx_get_reent
                0x000000000000dac0       0x34 /opt/devkitpro/libnx/lib/libnx.a(newlib.o)
 *fill*         0x000000000000daf4        0xc 
 .text.__libnx_clock_gettime
                0x000000000000db00       0xd0 /opt/devkitpro/libnx/lib/libnx.a(newlib.o)
                0x000000000000db00                __libnx_clock_gettime
 .text.__libnx_clock_getres
                0x000000000000dbd0       0x58 /opt/devkitpro/libnx/lib/libnx.a(newlib.o)
                0x000000000000dbd0                __libnx_clock_getres
 *fill*         0x000000000000dc28        0x8 
 .text.__libnx_init_time
                0x000000000000dc30       0x54 /opt/devkitpro/libnx/lib/libnx.a(newlib.o)
                0x000000000000dc30                __libnx_init_time
 *fill*         0x000000000000dc84        0xc 
 .text.newlibSetup
                0x000000000000dc90      0x118 /opt/devkitpro/libnx/lib/libnx.a(newlib.o)
                0x000000000000dc90                newlibSetup
 *fill*         0x000000000000dda8        0x8 
 .text.argvSetup
                0x000000000000ddb0      0x368 /opt/devkitpro/libnx/lib/libnx.a(argv.o)
                0x000000000000ddb0                argvSetup
 *fill*         0x000000000000e118        0x8 
 .text.fsdev_link
                0x000000000000e120       0x10 /opt/devkitpro/libnx/lib/libnx.a(fs_dev.o)
 .text.fsdev_dirreset
                0x000000000000e130       0x10 /opt/devkitpro/libnx/lib/libnx.a(fs_dev.o)
 .text.fsdev_chmod
                0x000000000000e140       0x10 /opt/devkitpro/libnx/lib/libnx.a(fs_dev.o)
 .text.error_cmp
                0x000000000000e150       0x1c /opt/devkitpro/libnx/lib/libnx.a(fs_dev.o)
 *fill*         0x000000000000e16c        0x4 
 .text.fsdev_translate_error
                0x000000000000e170       0x58 /opt/devkitpro/libnx/lib/libnx.a(fs_dev.o)
 *fill*         0x000000000000e1c8        0x8 
 .text.fsdev_fsync
                0x000000000000e1d0       0x40 /opt/devkitpro/libnx/lib/libnx.a(fs_dev.o)
 .text.fsdev_ftruncate
                0x000000000000e210       0x60 /opt/devkitpro/libnx/lib/libnx.a(fs_dev.o)
 .text.fsdev_dirclose
                0x000000000000e270       0x20 /opt/devkitpro/libnx/lib/libnx.a(fs_dev.o)
 .text.fsdev_dirnext
                0x000000000000e290      0x16c /opt/devkitpro/libnx/lib/libnx.a(fs_dev.o)
 *fill*         0x000000000000e3fc        0x4 
 .text.fsdev_close
                0x000000000000e400       0x1c /opt/devkitpro/libnx/lib/libnx.a(fs_dev.o)
 *fill*         0x000000000000e41c        0x4 
 .text.fsdev_fstat
                0x000000000000e420       0x80 /opt/devkitpro/libnx/lib/libnx.a(fs_dev.o)
 .text.fsdev_seek
                0x000000000000e4a0       0xb0 /opt/devkitpro/libnx/lib/libnx.a(fs_dev.o)
 .text.fsdev_read
                0x000000000000e550      0x198 /opt/devkitpro/libnx/lib/libnx.a(fs_dev.o)
 *fill*         0x000000000000e6e8        0x8 
 .text.fsdev_write
                0x000000000000e6f0      0x1a0 /opt/devkitpro/libnx/lib/libnx.a(fs_dev.o)
 .text.fsdevFindDevice
                0x000000000000e890      0x120 /opt/devkitpro/libnx/lib/libnx.a(fs_dev.o)
 .text._fsdevMountDevice
                0x000000000000e9b0      0x168 /opt/devkitpro/libnx/lib/libnx.a(fs_dev.o)
 *fill*         0x000000000000eb18        0x8 
 .text.fsdev_getfspath
                0x000000000000eb20      0x1fc /opt/devkitpro/libnx/lib/libnx.a(fs_dev.o)
 *fill*         0x000000000000ed1c        0x4 
 .text.fsdev_rmdir
                0x000000000000ed20       0x70 /opt/devkitpro/libnx/lib/libnx.a(fs_dev.o)
 .text.fsdev_statvfs
                0x000000000000ed90       0xd4 /opt/devkitpro/libnx/lib/libnx.a(fs_dev.o)
 *fill*         0x000000000000ee64        0xc 
 .text.fsdev_diropen
                0x000000000000ee70       0xec /opt/devkitpro/libnx/lib/libnx.a(fs_dev.o)
 *fill*         0x000000000000ef5c        0x4 
 .text.fsdev_mkdir
                0x000000000000ef60       0x70 /opt/devkitpro/libnx/lib/libnx.a(fs_dev.o)
 .text.fsdev_rename
                0x000000000000efd0      0x114 /opt/devkitpro/libnx/lib/libnx.a(fs_dev.o)
 *fill*         0x000000000000f0e4        0xc 
 .text.fsdev_chdir
                0x000000000000f0f0       0xe8 /opt/devkitpro/libnx/lib/libnx.a(fs_dev.o)
 *fill*         0x000000000000f1d8        0x8 
 .text.fsdev_unlink
                0x000000000000f1e0       0x70 /opt/devkitpro/libnx/lib/libnx.a(fs_dev.o)
 .text.fsdev_stat
                0x000000000000f250      0x168 /opt/devkitpro/libnx/lib/libnx.a(fs_dev.o)
 *fill*         0x000000000000f3b8        0x8 
 .text.fsdev_open
                0x000000000000f3c0      0x180 /opt/devkitpro/libnx/lib/libnx.a(fs_dev.o)
 .text._fsdevUnmountDeviceStruct.part.4
                0x000000000000f540       0xb8 /opt/devkitpro/libnx/lib/libnx.a(fs_dev.o)
 *fill*         0x000000000000f5f8        0x8 
 .text.fsdev_fchmod
                0x000000000000f600       0x10 /opt/devkitpro/libnx/lib/libnx.a(fs_dev.o)
 .text.fsdevMountSdmc
                0x000000000000f610      0x158 /opt/devkitpro/libnx/lib/libnx.a(fs_dev.o)
                0x000000000000f610                fsdevMountSdmc
 *fill*         0x000000000000f768        0x8 
 .text.fsdevUnmountAll
                0x000000000000f770       0x64 /opt/devkitpro/libnx/lib/libnx.a(fs_dev.o)
                0x000000000000f770                fsdevUnmountAll
 *fill*         0x000000000000f7d4        0xc 
 .text.decode_utf8
                0x000000000000f7e0      0x12c /opt/devkitpro/libnx/lib/libnx.a(decode_utf8.o)
                0x000000000000f7e0                decode_utf8
 .text.__aarch64_read_tp
                0x000000000000f90c        0xc /opt/devkitpro/libnx/lib/libnx.a(readtp.o)
                0x000000000000f90c                __aarch64_read_tp
 *fill*         0x000000000000f918        0x8 
 .text.tmemCreate
                0x000000000000f920       0xa8 /opt/devkitpro/libnx/lib/libnx.a(tmem.o)
                0x000000000000f920                tmemCreate
 *fill*         0x000000000000f9c8        0x8 
 .text.tmemUnmap
                0x000000000000f9d0       0x58 /opt/devkitpro/libnx/lib/libnx.a(tmem.o)
                0x000000000000f9d0                tmemUnmap
 *fill*         0x000000000000fa28        0x8 
 .text.tmemClose
                0x000000000000fa30       0x68 /opt/devkitpro/libnx/lib/libnx.a(tmem.o)
                0x000000000000fa30                tmemClose
 *fill*         0x000000000000fa98        0x8 
 .text.ipcCloseObjectById
                0x000000000000faa0       0x34 /opt/devkitpro/libnx/lib/libnx.a(time.o)
 *fill*         0x000000000000fad4        0xc 
 .text._timeGetSession
                0x000000000000fae0      0x12c /opt/devkitpro/libnx/lib/libnx.a(time.o)
 *fill*         0x000000000000fc0c        0x4 
 .text.timeExit
                0x000000000000fc10      0x1ec /opt/devkitpro/libnx/lib/libnx.a(time.o)
                0x000000000000fc10                timeExit
 *fill*         0x000000000000fdfc        0x4 
 .text.timeInitialize
                0x000000000000fe00       0xd8 /opt/devkitpro/libnx/lib/libnx.a(time.o)
                0x000000000000fe00                timeInitialize
 *fill*         0x000000000000fed8        0x8 
 .text.timeGetCurrentTime
                0x000000000000fee0      0x124 /opt/devkitpro/libnx/lib/libnx.a(time.o)
                0x000000000000fee0                timeGetCurrentTime
 *fill*         0x0000000000010004        0xc 
 .text.nxlinkSetup
                0x0000000000010010       0xc4 /opt/devkitpro/libnx/lib/libnx.a(nxlink.o)
                0x0000000000010010                nxlinkSetup
 *fill*         0x00000000000100d4        0x4 
 .text._Znwm    0x00000000000100d8       0x68 /opt/devkitpro/devkitA64/bin/../lib/gcc/aarch64-none-elf/8.2.0/../../../../aarch64-none-elf/lib/pic/libstdc++.a(new_op.o)
                0x00000000000100d8                operator new(unsigned long)
 .text._ZNKSt9bad_alloc4whatEv
                0x0000000000010140        0xc /opt/devkitpro/devkitA64/bin/../lib/gcc/aarch64-none-elf/8.2.0/../../../../aarch64-none-elf/lib/pic/libstdc++.a(bad_alloc.o)
                0x0000000000010140                std::bad_alloc::what() const
 *fill*         0x000000000001014c        0x4 
 .text._ZNSt9bad_allocD2Ev
                0x0000000000010150       0x14 /opt/devkitpro/devkitA64/bin/../lib/gcc/aarch64-none-elf/8.2.0/../../../../aarch64-none-elf/lib/pic/libstdc++.a(bad_alloc.o)
                0x0000000000010150                std::bad_alloc::~bad_alloc()
                0x0000000000010150                std::bad_alloc::~bad_alloc()
 *fill*         0x0000000000010164        0x4 
 .text._ZNSt9bad_allocD0Ev
                0x0000000000010168       0x28 /opt/devkitpro/devkitA64/bin/../lib/gcc/aarch64-none-elf/8.2.0/../../../../aarch64-none-elf/lib/pic/libstdc++.a(bad_alloc.o)
                0x0000000000010168                std::bad_alloc::~bad_alloc()
 .text._ZSt15get_new_handlerv
                0x0000000000010190       0x10 /opt/devkitpro/devkitA64/bin/../lib/gcc/aarch64-none-elf/8.2.0/../../../../aarch64-none-elf/lib/pic/libstdc++.a(new_handler.o)
                0x0000000000010190                std::get_new_handler()
 .text._ZNSt9exceptionD2Ev
                0x00000000000101a0        0x4 /opt/devkitpro/devkitA64/bin/../lib/gcc/aarch64-none-elf/8.2.0/../../../../aarch64-none-elf/lib/pic/libstdc++.a(eh_exception.o)
                0x00000000000101a0                std::exception::~exception()
                0x00000000000101a0                std::exception::~exception()
 *fill*         0x00000000000101a4        0x4 
 .text._ZNSt13bad_exceptionD2Ev
                0x00000000000101a8       0x14 /opt/devkitpro/devkitA64/bin/../lib/gcc/aarch64-none-elf/8.2.0/../../../../aarch64-none-elf/lib/pic/libstdc++.a(eh_exception.o)
                0x00000000000101a8                std::bad_exception::~bad_exception()
                0x00000000000101a8                std::bad_exception::~bad_exception()
 *fill*         0x00000000000101bc        0x4 
 .text._ZNKSt13bad_exception4whatEv
                0x00000000000101c0        0xc /opt/devkitpro/devkitA64/bin/../lib/gcc/aarch64-none-elf/8.2.0/../../../../aarch64-none-elf/lib/pic/libstdc++.a(eh_exception.o)
                0x00000000000101c0                std::bad_exception::what() const
 *fill*         0x00000000000101cc        0x4 
 .text._ZNSt13bad_exceptionD0Ev
                0x00000000000101d0       0x28 /opt/devkitpro/devkitA64/bin/../lib/gcc/aarch64-none-elf/8.2.0/../../../../aarch64-none-elf/lib/pic/libstdc++.a(eh_exception.o)
                0x00000000000101d0                std::bad_exception::~bad_exception()
 .text._ZdlPvm  0x00000000000101f8        0x4 /opt/devkitpro/devkitA64/bin/../lib/gcc/aarch64-none-elf/8.2.0/../../../../aarch64-none-elf/lib/pic/libstdc++.a(del_ops.o)
                0x00000000000101f8                operator delete(void*, unsigned long)
 *fill*         0x00000000000101fc        0x4 
 .text._ZL23__gxx_exception_cleanup19_Unwind_Reason_CodeP17_Unwind_Exception
                0x0000000000010200       0x64 /opt/devkitpro/devkitA64/bin/../lib/gcc/aarch64-none-elf/8.2.0/../../../../aarch64-none-elf/lib/pic/libstdc++.a(eh_throw.o)
 *fill*         0x0000000000010264        0x4 
 .text.__cxa_init_primary_exception
                0x0000000000010268       0x58 /opt/devkitpro/devkitA64/bin/../lib/gcc/aarch64-none-elf/8.2.0/../../../../aarch64-none-elf/lib/pic/libstdc++.a(eh_throw.o)
                0x0000000000010268                __cxa_init_primary_exception
 .text.__cxa_throw
                0x00000000000102c0       0x54 /opt/devkitpro/devkitA64/bin/../lib/gcc/aarch64-none-elf/8.2.0/../../../../aarch64-none-elf/lib/pic/libstdc++.a(eh_throw.o)
                0x00000000000102c0                __cxa_throw
 *fill*         0x0000000000010314        0x4 
 .text.__cxa_rethrow
                0x0000000000010318       0x70 /opt/devkitpro/devkitA64/bin/../lib/gcc/aarch64-none-elf/8.2.0/../../../../aarch64-none-elf/lib/pic/libstdc++.a(eh_throw.o)
                0x0000000000010318                __cxa_rethrow
 .text.__cxa_begin_catch
                0x0000000000010388       0xa0 /opt/devkitpro/devkitA64/bin/../lib/gcc/aarch64-none-elf/8.2.0/../../../../aarch64-none-elf/lib/pic/libstdc++.a(eh_catch.o)
                0x0000000000010388                __cxa_begin_catch
 .text.__cxa_end_catch
                0x0000000000010428       0x94 /opt/devkitpro/devkitA64/bin/../lib/gcc/aarch64-none-elf/8.2.0/../../../../aarch64-none-elf/lib/pic/libstdc++.a(eh_catch.o)
                0x0000000000010428                __cxa_end_catch
 *fill*         0x00000000000104bc        0x4 
 .text._ZN12_GLOBAL__N_14pool4freeEPv.constprop.4
                0x00000000000104c0       0xe8 /opt/devkitpro/devkitA64/bin/../lib/gcc/aarch64-none-elf/8.2.0/../../../../aarch64-none-elf/lib/pic/libstdc++.a(eh_alloc.o)
 .text._ZN12_GLOBAL__N_14pool8allocateEm.constprop.5
                0x00000000000105a8       0xa8 /opt/devkitpro/devkitA64/bin/../lib/gcc/aarch64-none-elf/8.2.0/../../../../aarch64-none-elf/lib/pic/libstdc++.a(eh_alloc.o)
 .text.__cxa_allocate_exception
                0x0000000000010650       0x64 /opt/devkitpro/devkitA64/bin/../lib/gcc/aarch64-none-elf/8.2.0/../../../../aarch64-none-elf/lib/pic/libstdc++.a(eh_alloc.o)
                0x0000000000010650                __cxa_allocate_exception
 *fill*         0x00000000000106b4        0x4 
 .text.__cxa_free_exception
                0x00000000000106b8       0x30 /opt/devkitpro/devkitA64/bin/../lib/gcc/aarch64-none-elf/8.2.0/../../../../aarch64-none-elf/lib/pic/libstdc++.a(eh_alloc.o)
                0x00000000000106b8                __cxa_free_exception
 .text._ZdlPv   0x00000000000106e8        0x4 /opt/devkitpro/devkitA64/bin/../lib/gcc/aarch64-none-elf/8.2.0/../../../../aarch64-none-elf/lib/pic/libstdc++.a(del_op.o)
                0x00000000000106e8                operator delete(void*)
 *fill*         0x00000000000106ec        0x4 
 .text._ZN10__cxxabiv120__si_class_type_infoD2Ev
                0x00000000000106f0       0x14 /opt/devkitpro/devkitA64/bin/../lib/gcc/aarch64-none-elf/8.2.0/../../../../aarch64-none-elf/lib/pic/libstdc++.a(si_class_type_info.o)
                0x00000000000106f0                __cxxabiv1::__si_class_type_info::~__si_class_type_info()
                0x00000000000106f0                __cxxabiv1::__si_class_type_info::~__si_class_type_info()
 *fill*         0x0000000000010704        0x4 
 .text._ZN10__cxxabiv120__si_class_type_infoD0Ev
                0x0000000000010708       0x28 /opt/devkitpro/devkitA64/bin/../lib/gcc/aarch64-none-elf/8.2.0/../../../../aarch64-none-elf/lib/pic/libstdc++.a(si_class_type_info.o)
                0x0000000000010708                __cxxabiv1::__si_class_type_info::~__si_class_type_info()
 .text._ZNK10__cxxabiv120__si_class_type_info20__do_find_public_srcElPKvPKNS_17__class_type_infoES2_
                0x0000000000010730       0x80 /opt/devkitpro/devkitA64/bin/../lib/gcc/aarch64-none-elf/8.2.0/../../../../aarch64-none-elf/lib/pic/libstdc++.a(si_class_type_info.o)
                0x0000000000010730                __cxxabiv1::__si_class_type_info::__do_find_public_src(long, void const*, __cxxabiv1::__class_type_info const*, void const*) const
 .text._ZNK10__cxxabiv120__si_class_type_info12__do_dyncastElNS_17__class_type_info10__sub_kindEPKS1_PKvS4_S6_RNS1_16__dyncast_resultE
                0x00000000000107b0      0x13c /opt/devkitpro/devkitA64/bin/../lib/gcc/aarch64-none-elf/8.2.0/../../../../aarch64-none-elf/lib/pic/libstdc++.a(si_class_type_info.o)
                0x00000000000107b0                __cxxabiv1::__si_class_type_info::__do_dyncast(long, __cxxabiv1::__class_type_info::__sub_kind, __cxxabiv1::__class_type_info const*, void const*, __cxxabiv1::__class_type_info const*, void const*, __cxxabiv1::__class_type_info::__dyncast_result&) const
 *fill*         0x00000000000108ec        0x4 
 .text._ZNK10__cxxabiv120__si_class_type_info11__do_upcastEPKNS_17__class_type_infoEPKvRNS1_15__upcast_resultE
                0x00000000000108f0       0x68 /opt/devkitpro/devkitA64/bin/../lib/gcc/aarch64-none-elf/8.2.0/../../../../aarch64-none-elf/lib/pic/libstdc++.a(si_class_type_info.o)
                0x00000000000108f0                __cxxabiv1::__si_class_type_info::__do_upcast(__cxxabiv1::__class_type_info const*, void const*, __cxxabiv1::__class_type_info::__upcast_result&) const
 .text._ZSt17__throw_bad_allocv
                0x0000000000010958       0x34 /opt/devkitpro/devkitA64/bin/../lib/gcc/aarch64-none-elf/8.2.0/../../../../aarch64-none-elf/lib/pic/libstdc++.a(functexcept.o)
                0x0000000000010958                std::__throw_bad_alloc()
 *fill*         0x000000000001098c        0x4 
 .text._ZSt19__throw_logic_errorPKc
                0x0000000000010990       0x54 /opt/devkitpro/devkitA64/bin/../lib/gcc/aarch64-none-elf/8.2.0/../../../../aarch64-none-elf/lib/pic/libstdc++.a(functexcept.o)
                0x0000000000010990                std::__throw_logic_error(char const*)
 *fill*         0x00000000000109e4        0x4 
 .text._ZSt20__throw_length_errorPKc
                0x00000000000109e8       0x54 /opt/devkitpro/devkitA64/bin/../lib/gcc/aarch64-none-elf/8.2.0/../../../../aarch64-none-elf/lib/pic/libstdc++.a(functexcept.o)
                0x00000000000109e8                std::__throw_length_error(char const*)
 *fill*         0x0000000000010a3c        0x4 
 .text._ZSt24__throw_out_of_range_fmtPKcz
                0x0000000000010a40       0xd8 /opt/devkitpro/devkitA64/bin/../lib/gcc/aarch64-none-elf/8.2.0/../../../../aarch64-none-elf/lib/pic/libstdc++.a(functexcept.o)
                0x0000000000010a40                std::__throw_out_of_range_fmt(char const*, ...)
 .text._ZNKSt8__detail20_Prime_rehash_policy11_M_next_bktEm
                0x0000000000010b18      0x118 /opt/devkitpro/devkitA64/bin/../lib/gcc/aarch64-none-elf/8.2.0/../../../../aarch64-none-elf/lib/pic/libstdc++.a(hashtable_c++0x.o)
                0x0000000000010b18                std::__detail::_Prime_rehash_policy::_M_next_bkt(unsigned long) const
 .text._ZNKSt8__detail20_Prime_rehash_policy14_M_need_rehashEmmm
                0x0000000000010c30      0x100 /opt/devkitpro/devkitA64/bin/../lib/gcc/aarch64-none-elf/8.2.0/../../../../aarch64-none-elf/lib/pic/libstdc++.a(hashtable_c++0x.o)
                0x0000000000010c30                std::__detail::_Prime_rehash_policy::_M_need_rehash(unsigned long, unsigned long, unsigned long) const
 .text.__cxa_get_globals_fast
                0x0000000000010d30        0xc /opt/devkitpro/devkitA64/bin/../lib/gcc/aarch64-none-elf/8.2.0/../../../../aarch64-none-elf/lib/pic/libstdc++.a(eh_globals.o)
                0x0000000000010d30                __cxa_get_globals_fast
 *fill*         0x0000000000010d3c        0x4 
 .text.__cxa_get_globals
                0x0000000000010d40        0xc /opt/devkitpro/devkitA64/bin/../lib/gcc/aarch64-none-elf/8.2.0/../../../../aarch64-none-elf/lib/pic/libstdc++.a(eh_globals.o)
                0x0000000000010d40                __cxa_get_globals
 *fill*         0x0000000000010d4c        0x4 
 .text._ZN10__cxxabiv111__terminateEPFvvE
                0x0000000000010d50       0x3c /opt/devkitpro/devkitA64/bin/../lib/gcc/aarch64-none-elf/8.2.0/../../../../aarch64-none-elf/lib/pic/libstdc++.a(eh_terminate.o)
                0x0000000000010d50                __cxxabiv1::__terminate(void (*)())
 *fill*         0x0000000000010d8c        0x4 
 .text._ZSt13get_terminatev
                0x0000000000010d90       0x10 /opt/devkitpro/devkitA64/bin/../lib/gcc/aarch64-none-elf/8.2.0/../../../../aarch64-none-elf/lib/pic/libstdc++.a(eh_terminate.o)
                0x0000000000010d90                std::get_terminate()
 .text._ZSt9terminatev
                0x0000000000010da0       0x10 /opt/devkitpro/devkitA64/bin/../lib/gcc/aarch64-none-elf/8.2.0/../../../../aarch64-none-elf/lib/pic/libstdc++.a(eh_terminate.o)
                0x0000000000010da0                std::terminate()
 .text._ZN10__cxxabiv112__unexpectedEPFvvE
                0x0000000000010db0       0x10 /opt/devkitpro/devkitA64/bin/../lib/gcc/aarch64-none-elf/8.2.0/../../../../aarch64-none-elf/lib/pic/libstdc++.a(eh_terminate.o)
                0x0000000000010db0                __cxxabiv1::__unexpected(void (*)())
 .text._ZSt14get_unexpectedv
                0x0000000000010dc0       0x10 /opt/devkitpro/devkitA64/bin/../lib/gcc/aarch64-none-elf/8.2.0/../../../../aarch64-none-elf/lib/pic/libstdc++.a(eh_terminate.o)
                0x0000000000010dc0                std::get_unexpected()
 .text._ZSt10unexpectedv
                0x0000000000010dd0       0x10 /opt/devkitpro/devkitA64/bin/../lib/gcc/aarch64-none-elf/8.2.0/../../../../aarch64-none-elf/lib/pic/libstdc++.a(eh_terminate.o)
                0x0000000000010dd0                std::unexpected()
 .text._ZNSt9type_infoD2Ev
                0x0000000000010de0        0x4 /opt/devkitpro/devkitA64/bin/../lib/gcc/aarch64-none-elf/8.2.0/../../../../aarch64-none-elf/lib/pic/libstdc++.a(tinfo.o)
                0x0000000000010de0                std::type_info::~type_info()
                0x0000000000010de0                std::type_info::~type_info()
 *fill*         0x0000000000010de4        0x4 
 .text._ZNKSt9type_info14__is_pointer_pEv
                0x0000000000010de8        0x8 /opt/devkitpro/devkitA64/bin/../lib/gcc/aarch64-none-elf/8.2.0/../../../../aarch64-none-elf/lib/pic/libstdc++.a(tinfo.o)
                0x0000000000010de8                std::type_info::__is_function_p() const
                0x0000000000010de8                std::type_info::__is_pointer_p() const
 .text._ZL16get_adjusted_ptrPKSt9type_infoS1_PPv
                0x0000000000010df0       0x84 /opt/devkitpro/devkitA64/bin/../lib/gcc/aarch64-none-elf/8.2.0/../../../../aarch64-none-elf/lib/pic/libstdc++.a(eh_personality.o)
 *fill*         0x0000000000010e74        0x4 
 .text._ZL28read_encoded_value_with_basehmPKhPm
                0x0000000000010e78      0x15c /opt/devkitpro/devkitA64/bin/../lib/gcc/aarch64-none-elf/8.2.0/../../../../aarch64-none-elf/lib/pic/libstdc++.a(eh_personality.o)
 *fill*         0x0000000000010fd4        0x4 
 .text._ZL15get_ttype_entryP16lsda_header_infom
                0x0000000000010fd8       0xc0 /opt/devkitpro/devkitA64/bin/../lib/gcc/aarch64-none-elf/8.2.0/../../../../aarch64-none-elf/lib/pic/libstdc++.a(eh_personality.o)
 .text._ZL20check_exception_specP16lsda_header_infoPKSt9type_infoPvl
                0x0000000000011098       0x94 /opt/devkitpro/devkitA64/bin/../lib/gcc/aarch64-none-elf/8.2.0/../../../../aarch64-none-elf/lib/pic/libstdc++.a(eh_personality.o)
 *fill*         0x000000000001112c        0x4 
 .text._ZL21base_of_encoded_valuehP15_Unwind_Context
                0x0000000000011130       0x6c /opt/devkitpro/devkitA64/bin/../lib/gcc/aarch64-none-elf/8.2.0/../../../../aarch64-none-elf/lib/pic/libstdc++.a(eh_personality.o)
 *fill*         0x000000000001119c        0x4 
 .text._ZL17parse_lsda_headerP15_Unwind_ContextPKhP16lsda_header_info
                0x00000000000111a0      0x108 /opt/devkitpro/devkitA64/bin/../lib/gcc/aarch64-none-elf/8.2.0/../../../../aarch64-none-elf/lib/pic/libstdc++.a(eh_personality.o)
 .text.__gxx_personality_v0
                0x00000000000112a8      0x4dc /opt/devkitpro/devkitA64/bin/../lib/gcc/aarch64-none-elf/8.2.0/../../../../aarch64-none-elf/lib/pic/libstdc++.a(eh_personality.o)
                0x00000000000112a8                __gxx_personality_v0
 *fill*         0x0000000000011784        0x4 
 .text.__cxa_call_unexpected
                0x0000000000011788       0xf0 /opt/devkitpro/devkitA64/bin/../lib/gcc/aarch64-none-elf/8.2.0/../../../../aarch64-none-elf/lib/pic/libstdc++.a(eh_personality.o)
                0x0000000000011788                __cxa_call_unexpected
 .text._ZNK10__cxxabiv117__class_type_info11__do_upcastEPKS0_PPv
                0x0000000000011878       0x6c /opt/devkitpro/devkitA64/bin/../lib/gcc/aarch64-none-elf/8.2.0/../../../../aarch64-none-elf/lib/pic/libstdc++.a(class_type_info.o)
                0x0000000000011878                __cxxabiv1::__class_type_info::__do_upcast(__cxxabiv1::__class_type_info const*, void**) const
 *fill*         0x00000000000118e4        0x4 
 .text._ZNK10__cxxabiv117__class_type_info20__do_find_public_srcElPKvPKS0_S2_
                0x00000000000118e8       0x10 /opt/devkitpro/devkitA64/bin/../lib/gcc/aarch64-none-elf/8.2.0/../../../../aarch64-none-elf/lib/pic/libstdc++.a(class_type_info.o)
                0x00000000000118e8                __cxxabiv1::__class_type_info::__do_find_public_src(long, void const*, __cxxabiv1::__class_type_info const*, void const*) const
 .text._ZN10__cxxabiv117__class_type_infoD2Ev
                0x00000000000118f8       0x14 /opt/devkitpro/devkitA64/bin/../lib/gcc/aarch64-none-elf/8.2.0/../../../../aarch64-none-elf/lib/pic/libstdc++.a(class_type_info.o)
                0x00000000000118f8                __cxxabiv1::__class_type_info::~__class_type_info()
                0x00000000000118f8                __cxxabiv1::__class_type_info::~__class_type_info()
 *fill*         0x000000000001190c        0x4 
 .text._ZN10__cxxabiv117__class_type_infoD0Ev
                0x0000000000011910       0x28 /opt/devkitpro/devkitA64/bin/../lib/gcc/aarch64-none-elf/8.2.0/../../../../aarch64-none-elf/lib/pic/libstdc++.a(class_type_info.o)
                0x0000000000011910                __cxxabiv1::__class_type_info::~__class_type_info()
 .text._ZNK10__cxxabiv117__class_type_info12__do_dyncastElNS0_10__sub_kindEPKS0_PKvS3_S5_RNS0_16__dyncast_resultE
                0x0000000000011938       0xd4 /opt/devkitpro/devkitA64/bin/../lib/gcc/aarch64-none-elf/8.2.0/../../../../aarch64-none-elf/lib/pic/libstdc++.a(class_type_info.o)
                0x0000000000011938                __cxxabiv1::__class_type_info::__do_dyncast(long, __cxxabiv1::__class_type_info::__sub_kind, __cxxabiv1::__class_type_info const*, void const*, __cxxabiv1::__class_type_info const*, void const*, __cxxabiv1::__class_type_info::__dyncast_result&) const
 *fill*         0x0000000000011a0c        0x4 
 .text._ZNK10__cxxabiv117__class_type_info11__do_upcastEPKS0_PKvRNS0_15__upcast_resultE
                0x0000000000011a10       0x68 /opt/devkitpro/devkitA64/bin/../lib/gcc/aarch64-none-elf/8.2.0/../../../../aarch64-none-elf/lib/pic/libstdc++.a(class_type_info.o)
                0x0000000000011a10                __cxxabiv1::__class_type_info::__do_upcast(__cxxabiv1::__class_type_info const*, void const*, __cxxabiv1::__class_type_info::__upcast_result&) const
 .text._ZNK10__cxxabiv117__class_type_info10__do_catchEPKSt9type_infoPPvj
                0x0000000000011a78       0xa8 /opt/devkitpro/devkitA64/bin/../lib/gcc/aarch64-none-elf/8.2.0/../../../../aarch64-none-elf/lib/pic/libstdc++.a(class_type_info.o)
                0x0000000000011a78                __cxxabiv1::__class_type_info::__do_catch(std::type_info const*, void**, unsigned int) const
 .text._ZNKSt11logic_error4whatEv
                0x0000000000011b20        0x8 /opt/devkitpro/devkitA64/bin/../lib/gcc/aarch64-none-elf/8.2.0/../../../../aarch64-none-elf/lib/pic/libstdc++.a(stdexcept.o)
                0x0000000000011b20                std::logic_error::what() const
 .text._ZNSt11logic_errorD2Ev
                0x0000000000011b28       0x6c /opt/devkitpro/devkitA64/bin/../lib/gcc/aarch64-none-elf/8.2.0/../../../../aarch64-none-elf/lib/pic/libstdc++.a(stdexcept.o)
                0x0000000000011b28                std::logic_error::~logic_error()
                0x0000000000011b28                std::logic_error::~logic_error()
 *fill*         0x0000000000011b94        0x4 
 .text._ZNSt11logic_errorD0Ev
                0x0000000000011b98       0x24 /opt/devkitpro/devkitA64/bin/../lib/gcc/aarch64-none-elf/8.2.0/../../../../aarch64-none-elf/lib/pic/libstdc++.a(stdexcept.o)
                0x0000000000011b98                std::logic_error::~logic_error()
 *fill*         0x0000000000011bbc        0x4 
 .text._ZNSt12length_errorD2Ev
                0x0000000000011bc0       0x14 /opt/devkitpro/devkitA64/bin/../lib/gcc/aarch64-none-elf/8.2.0/../../../../aarch64-none-elf/lib/pic/libstdc++.a(stdexcept.o)
                0x0000000000011bc0                std::length_error::~length_error()
                0x0000000000011bc0                std::length_error::~length_error()
 *fill*         0x0000000000011bd4        0x4 
 .text._ZNSt12length_errorD0Ev
                0x0000000000011bd8       0x24 /opt/devkitpro/devkitA64/bin/../lib/gcc/aarch64-none-elf/8.2.0/../../../../aarch64-none-elf/lib/pic/libstdc++.a(stdexcept.o)
                0x0000000000011bd8                std::length_error::~length_error()
 *fill*         0x0000000000011bfc        0x4 
 .text._ZNSt12out_of_rangeD2Ev
                0x0000000000011c00       0x14 /opt/devkitpro/devkitA64/bin/../lib/gcc/aarch64-none-elf/8.2.0/../../../../aarch64-none-elf/lib/pic/libstdc++.a(stdexcept.o)
                0x0000000000011c00                std::out_of_range::~out_of_range()
                0x0000000000011c00                std::out_of_range::~out_of_range()
 *fill*         0x0000000000011c14        0x4 
 .text._ZNSt12out_of_rangeD0Ev
                0x0000000000011c18       0x24 /opt/devkitpro/devkitA64/bin/../lib/gcc/aarch64-none-elf/8.2.0/../../../../aarch64-none-elf/lib/pic/libstdc++.a(stdexcept.o)
                0x0000000000011c18                std::out_of_range::~out_of_range()
 *fill*         0x0000000000011c3c        0x4 
 .text._ZNSt11logic_errorC2EPKc
                0x0000000000011c40       0x48 /opt/devkitpro/devkitA64/bin/../lib/gcc/aarch64-none-elf/8.2.0/../../../../aarch64-none-elf/lib/pic/libstdc++.a(cow-stdexcept.o)
                0x0000000000011c40                std::logic_error::logic_error(char const*)
                0x0000000000011c40                std::logic_error::logic_error(char const*)
 .text._ZNSt12length_errorC2EPKc
                0x0000000000011c88       0x30 /opt/devkitpro/devkitA64/bin/../lib/gcc/aarch64-none-elf/8.2.0/../../../../aarch64-none-elf/lib/pic/libstdc++.a(cow-stdexcept.o)
                0x0000000000011c88                std::length_error::length_error(char const*)
                0x0000000000011c88                std::length_error::length_error(char const*)
 .text._ZNSt12out_of_rangeC2EPKc
                0x0000000000011cb8       0x30 /opt/devkitpro/devkitA64/bin/../lib/gcc/aarch64-none-elf/8.2.0/../../../../aarch64-none-elf/lib/pic/libstdc++.a(cow-stdexcept.o)
                0x0000000000011cb8                std::out_of_range::out_of_range(char const*)
                0x0000000000011cb8                std::out_of_range::out_of_range(char const*)
 .text._ZN9__gnu_cxx26__throw_insufficient_spaceEPKcS1_
                0x0000000000011ce8       0x74 /opt/devkitpro/devkitA64/bin/../lib/gcc/aarch64-none-elf/8.2.0/../../../../aarch64-none-elf/lib/pic/libstdc++.a(snprintf_lite.o)
                0x0000000000011ce8                __gnu_cxx::__throw_insufficient_space(char const*, char const*)
 *fill*         0x0000000000011d5c        0x4 
 .text._ZN9__gnu_cxx15__concat_size_tEPcmm
                0x0000000000011d60       0x8c /opt/devkitpro/devkitA64/bin/../lib/gcc/aarch64-none-elf/8.2.0/../../../../aarch64-none-elf/lib/pic/libstdc++.a(snprintf_lite.o)
                0x0000000000011d60                __gnu_cxx::__concat_size_t(char*, unsigned long, unsigned long)
 *fill*         0x0000000000011dec        0x4 
 .text._ZN9__gnu_cxx15__snprintf_liteEPcmPKcSt9__va_list
                0x0000000000011df0      0x188 /opt/devkitpro/devkitA64/bin/../lib/gcc/aarch64-none-elf/8.2.0/../../../../aarch64-none-elf/lib/pic/libstdc++.a(snprintf_lite.o)
                0x0000000000011df0                __gnu_cxx::__snprintf_lite(char*, unsigned long, char const*, std::__va_list)
 .text._ZNSs4_Rep9_S_createEmmRKSaIcE
                0x0000000000011f78       0x84 /opt/devkitpro/devkitA64/bin/../lib/gcc/aarch64-none-elf/8.2.0/../../../../aarch64-none-elf/lib/pic/libstdc++.a(cow-string-inst.o)
                0x0000000000011f78                std::string::_Rep::_S_create(unsigned long, unsigned long, std::allocator<char> const&)
 *fill*         0x0000000000011ffc        0x4 
 .text._ZNSs12_S_constructIPcEES0_T_S1_RKSaIcESt20forward_iterator_tag.part.22
                0x0000000000012000       0x98 /opt/devkitpro/devkitA64/bin/../lib/gcc/aarch64-none-elf/8.2.0/../../../../aarch64-none-elf/lib/pic/libstdc++.a(cow-string-inst.o)
 .text._ZNSs4_Rep10_M_destroyERKSaIcE
                0x0000000000012098        0x4 /opt/devkitpro/devkitA64/bin/../lib/gcc/aarch64-none-elf/8.2.0/../../../../aarch64-none-elf/lib/pic/libstdc++.a(cow-string-inst.o)
                0x0000000000012098                std::string::_Rep::_M_destroy(std::allocator<char> const&)
 *fill*         0x000000000001209c        0x4 
 .text._ZNSs12_S_constructIPKcEEPcT_S3_RKSaIcESt20forward_iterator_tag
                0x00000000000120a0       0x34 /opt/devkitpro/devkitA64/bin/../lib/gcc/aarch64-none-elf/8.2.0/../../../../aarch64-none-elf/lib/pic/libstdc++.a(cow-string-inst.o)
                0x00000000000120a0                char* std::string::_S_construct<char const*>(char const*, char const*, std::allocator<char> const&, std::forward_iterator_tag)
 *fill*         0x00000000000120d4        0x4 
 .text._ZNSsC2EPKcRKSaIcE
                0x00000000000120d8       0x4c /opt/devkitpro/devkitA64/bin/../lib/gcc/aarch64-none-elf/8.2.0/../../../../aarch64-none-elf/lib/pic/libstdc++.a(cow-string-inst.o)
                0x00000000000120d8                std::basic_string<char, std::char_traits<char>, std::allocator<char> >::basic_string(char const*, std::allocator<char> const&)
                0x00000000000120d8                std::basic_string<char, std::char_traits<char>, std::allocator<char> >::basic_string(char const*, std::allocator<char> const&)
 *fill*         0x0000000000012124        0x4 
 .text.__cxa_call_terminate
                0x0000000000012128       0x44 /opt/devkitpro/devkitA64/bin/../lib/gcc/aarch64-none-elf/8.2.0/../../../../aarch64-none-elf/lib/pic/libstdc++.a(eh_call.o)
                0x0000000000012128                __cxa_call_terminate
 *fill*         0x000000000001216c        0x4 
 .text.__divtf3
                0x0000000000012170      0x9d4 /opt/devkitpro/devkitA64/bin/../lib/gcc/aarch64-none-elf/8.2.0/pic/libgcc.a(divtf3.o)
                0x0000000000012170                __divtf3
 *fill*         0x0000000000012b44        0x4 
 .text.__letf2  0x0000000000012b48      0x148 /opt/devkitpro/devkitA64/bin/../lib/gcc/aarch64-none-elf/8.2.0/pic/libgcc.a(letf2.o)
                0x0000000000012b48                __letf2
                0x0000000000012b48                __lttf2
 .text.__multf3
                0x0000000000012c90      0x79c /opt/devkitpro/devkitA64/bin/../lib/gcc/aarch64-none-elf/8.2.0/pic/libgcc.a(multf3.o)
                0x0000000000012c90                __multf3